<html>
<body>
<pre>
<h1>µVision Build Log</h1>
<h2>Tool Versions:</h2>
IDE-Version: µVision V5.12.0.0
Copyright (C) 2014 ARM Ltd and ARM Germany GmbH. All rights reserved.
License Information: Nikolas Simon, University of Freiburg, LIC=----
 
Tool Versions:
Toolchain:       MDK-Lite  Version: 5.12.0.0
Toolchain Path:  C:\Keil_v5\ARM\ARMCC\Bin
C Compiler:      Armcc.exe V5.05 (build 41)
Assembler:       Armasm.exe V5.05 (build 41)
Linker/Locator:  ArmLink.exe V5.05 (build 41)
Library Manager: ArmAr.exe V5.05 (build 41)
Hex Converter:   FromElf.exe V5.05 (build 41)
CPU DLL:         SARMCM3.DLL V5.12.0.0
Dialog DLL:      DCM.DLL V1.13.0.0
    Target DLL: Segger\JL2CM3.dll
Dialog DLL:      TCM.DLL V1.14.2.0
 
<h2>Project:</h2>
C:\Users\Nikolas\Documents\WCS_Sensor\Projects\wearables_barometer\arm\wearables_powermeter.uvprojx
Project File Date:  12/17/2014

<h2>Output:</h2>
Rebuild target 'nrf51422_xxaa_s310 (256K)'
compiling main.c...
compiling spi_master.c...
compiling twi_hw_master_sd.c...
compiling mpu_9250.c...
compiling ltc_2942.c...
compiling ADS8320.c...
compiling ble_dis.c...
compiling ble_bas.c...
compiling ble_hrs.c...
compiling ble_cp.c...
compiling ble_barometer.c...
..\..\..\Source\ble\ble_services\ble_barometer.c(121): warning:  #550-D: variable "flags" was set but never used
      uint16_t flags = 0;
..\..\..\Source\ble\ble_services\ble_barometer.c: 1 warning, 0 errors
compiling ble_error_log.c...
compiling ble_advdata.c...
compiling ble_srv_common.c...
compiling ble_sensorsim.c...
compiling app_timer.c...
compiling softdevice_handler.c...
compiling ble_conn_params.c...
compiling app_trace.c...
compiling simple_uart.c...
compiling device_manager_peripheral.c...
compiling pstorage.c...
compiling crc16.c...
compiling ble_debug_assert_handler.c...
compiling nrf_delay.c...
assembling arm_startup_nrf51.s...
compiling system_nrf51.c...
linking...
Program Size: Code=30080 RO-data=584 RW-data=272 ZI-data=5944  
FromELF: creating hex file...
".\_build\wearables_powermeter.axf" - 0 Error(s), 1 Warning(s).

<h2>Software Packages used:</h2>

Package Vendor: ARM
                http://www.keil.com/pack/ARM.CMSIS.4.2.0.pack
                ARM::CMSIS:CORE:3.40.0
                CMSIS (Cortex Microcontroller Software Interface Standard)
   * Component: CORE Version: 3.40.0

Package Vendor: NordicSemiconductor
                http://www.keil.com/pack/NordicSemiconductor.nRF_DeviceFamilyPack.1.1.1.pack
                NordicSemiconductor::Device:Startup:1.0.0
                Nordic Semiconductor nRF ARM devices Device Family Pack.
   * Component: Startup Version: 1.0.0

<h2>Collection of Component include folders:</h2>
  C:\Users\Nikolas\Documents\WCS_Sensor\Projects\wearables_barometer\arm\RTE
  C:\Keil_v5\ARM\PACK\ARM\CMSIS\4.2.0\CMSIS\Include
  C:\Keil_v5\ARM\PACK\NordicSemiconductor\nRF_DeviceFamilyPack\1.1.1\Device\Include

<h2>Collection of Component Files used:</h2>

   * Component: ARM::CMSIS:CORE:3.40.0
      Source file:   CMSIS\UserCodeTemplates\ARM\ITM_Retarget.c

   * Component: NordicSemiconductor::Device:Startup:1.0.0
      Source file:   Device\Source\system_nrf51.c
      Source file:   Device\Source\arm\arm_startup_nrf51.s
      Include file:  Device\Include\system_nrf51.h
</pre>
</body>
</html>
\Include\app_common\app_error.h(27): error:  #5: cannot open source input file "nrf_error.h": No such file or directory
  #include "nrf_error.h"
..\..\..\Source\ble\ble_error_log.c: 0 warnings, 1 error
compiling ble_advdata.c...
..\..\..\Include\ble\ble_advdata.h(28): error:  #5: cannot open source input file "ble.h": No such file or directory
  #include "ble.h"
..\..\..\Source\ble\ble_advdata.c: 0 warnings, 1 error
compiling ble_srv_common.c...
..\..\..\Include\ble\ble_services\ble_srv_common.h(26): error:  #5: cannot open source input file "ble_types.h": No such file or directory
  #include "ble_types.h"
..\..\..\Source\ble\ble_services\ble_srv_common.c: 0 warnings, 1 error
compiling ble_sensorsim.c...
compiling app_timer.c...
..\..\..\Include\app_common\app_error.h(27): error:  #5: cannot open source input file "nrf_error.h": No such file or directory
  #include "nrf_error.h"
..\..\..\Source\app_common\app_timer.c: 0 warnings, 1 error
compiling softdevice_handler.c...
..\..\..\Source\sd_common\softdevice_handler.c(13): error:  #5: cannot open source input file "softdevice_handler.h": No such file or directory
  #include "softdevice_handler.h"
..\..\..\Source\sd_common\softdevice_handler.c: 0 warnings, 1 error
compiling ble_conn_params.c...
..\..\..\Include\ble\ble_conn_params.h(25): error:  #5: cannot open source input file "ble.h": No such file or directory
  #include "ble.h"
..\..\..\Source\ble\ble_conn_params.c: 0 warnings, 1 error
compiling app_trace.c...
..\..\..\Include\app_common\app_uart.h(27): error:  #5: cannot open source input file "app_util_platform.h": No such file or directory
  #include "app_util_platform.h"
..\..\..\Source\app_common\app_trace.c: 0 warnings, 1 error
compiling simple_uart.c...
compiling device_manager_peripheral.c...
..\..\..\Include\ble\device_manager\device_manager.h(69): error:  #5: cannot open source input file "sdk_common.h": No such file or directory
  #include "sdk_common.h"
..\..\..\Source\ble\device_manager\device_manager_peripheral.c: 0 warnings, 1 error
compiling pstorage.c...
..\..\..\Source\app_common\pstorage.c(18): error:  #5: cannot open source input file "nrf_error.h": No such file or directory
  #include "nrf_error.h"
..\..\..\Source\app_common\pstorage.c: 0 warnings, 1 error
compiling crc16.c...
compiling ble_debug_assert_handler.c...
compiling nrf_delay.c...
assembling arm_startup_nrf51.s...
compiling system_nrf51.c...
".\_build\wearables_powermeter.axf" - 19 Error(s), 0 Warning(s).

<h2>Software Packages used:</h2>

Package Vendor: ARM
                http://www.keil.com/pack/ARM.CMSIS.4.2.0.pack
                ARM::CMSIS:CORE:3.40.0
                CMSIS (Cortex Microcontroller Software Interface Standard)
   * Component: CORE Version: 3.40.0

Package Vendor: NordicSemiconductor
                http://www.keil.com/pack/NordicSemiconductor.nRF_DeviceFamilyPack.1.1.1.pack
                NordicSemiconductor::Device:Startup:1.0.0
                Nordic Semiconductor nRF ARM devices Device Family Pack.
   * Component: Startup Version: 1.0.0

<h2>Collection of Component include folders:</h2>
  C:\Users\Nikolas\Documents\WCS_Sensor\Projects\wearables_barometer\arm\RTE
  C:\Keil_v5\ARM\PACK\ARM\CMSIS\4.2.0\CMSIS\Include
  C:\Keil_v5\ARM\PACK\NordicSemiconductor\nRF_DeviceFamilyPack\1.1.1\Device\Include

<h2>Collection of Component Files used:</h2>

   * Component: ARM::CMSIS:CORE:3.40.0
      Source file:   CMSIS\UserCodeTemplates\ARM\ITM_Retarget.c

   * Component: NordicSemiconductor::Device:Startup:1.0.0
      Source file:   Device\Source\system_nrf51.c
      Source file:   Device\Source\arm\arm_startup_nrf51.s
      Include file:  Device\Include\system_nrf51.h
Target not created.
mily Pack.
   * Component: Startup Version: 1.0.0

<h2>Collection of Component include folders:</h2>
  C:\Users\Nikolas\Documents\WCS_Sensor\Projects\wearables_barometer\arm\RTE
  C:\Keil_v5\ARM\PACK\ARM\CMSIS\4.2.0\CMSIS\Include
  C:\Keil_v5\ARM\PACK\NordicSemiconductor\nRF_DeviceFamilyPack\1.1.1\Device\Include

<h2>Collection of Component Files used:</h2>

   * Component: ARM::CMSIS:CORE:3.40.0
      Source file:   CMSIS\UserCodeTemplates\ARM\ITM_Retarget.c

   * Component: NordicSemiconductor::Device:Startup:1.0.0
      Source file:   Device\Source\system_nrf51.c
      Source file:   Device\Source\arm\arm_startup_nrf51.s
      Include file:  Device\Include\system_nrf51.h
Target not created.
ocuments\WCS_Sensor\Projects\wearables_barometer\arm\RTE
  C:\Keil_v5\ARM\PACK\ARM\CMSIS\4.2.0\CMSIS\Include
  C:\Keil_v5\ARM\PACK\NordicSemiconductor\nRF_DeviceFamilyPack\1.1.1\Device\Include

<h2>Collection of Component Files used:</h2>

   * Component: ARM::CMSIS:CORE:3.40.0
      Source file:   CMSIS\UserCodeTemplates\ARM\ITM_Retarget.c

   * Component: NordicSemiconductor::Device:Startup:1.0.0
      Source file:   Device\Source\system_nrf51.c
      Source file:   Device\Source\arm\arm_startup_nrf51.s
      Include file:  Device\Include\system_nrf51.h
Target not created.
