<html>
<body>
<pre>
<h1>µVision Build Log</h1>
<h2>Tool Versions:</h2>
IDE-Version: µVision V5.12.0.0
Copyright (C) 2014 ARM Ltd and ARM Germany GmbH. All rights reserved.
License Information: Nikolas Simon, University of Freiburg, LIC=----
 
Tool Versions:
Toolchain:       MDK-Lite  Version: 5.12.0.0
Toolchain Path:  C:\Keil_v5\ARM\ARMCC\Bin
C Compiler:      Armcc.exe V5.05 (build 41)
Assembler:       Armasm.exe V5.05 (build 41)
Linker/Locator:  ArmLink.exe V5.05 (build 41)
Library Manager: ArmAr.exe V5.05 (build 41)
Hex Converter:   FromElf.exe V5.05 (build 41)
CPU DLL:         SARMCM3.DLL V5.12.0.0
Dialog DLL:      DCM.DLL V1.13.0.0
    Target DLL: Segger\JL2CM3.dll
Dialog DLL:      TCM.DLL V1.14.2.0
 
<h2>Project:</h2>
C:\Users\Nikolas\Dropbox\IBS\Powermeter\nrf51422\Board\nrf6310\s310\wearables_barometer\arm\wearables_powermeter.uvprojx
Project File Date:  12/17/2014

<h2>Output:</h2>
Rebuild target 'nrf51422_xxaa_s310 (256K)'
compiling main.c...
compiling spi_master.c...
compiling twi_hw_master_sd.c...
compiling mpu_9250.c...
compiling ltc_2942.c...
compiling ADS8320.c...
compiling ble_dis.c...
compiling ble_bas.c...
compiling ble_hrs.c...
compiling ble_cp.c...
compiling ble_barometer.c...
compiling ble_error_log.c...
compiling ble_advdata.c...
compiling ble_srv_common.c...
compiling ble_sensorsim.c...
compiling app_timer.c...
compiling softdevice_handler.c...
compiling ble_conn_params.c...
compiling app_trace.c...
compiling simple_uart.c...
compiling device_manager_peripheral.c...
compiling pstorage.c...
compiling crc16.c...
compiling ble_debug_assert_handler.c...
compiling nrf_delay.c...
assembling arm_startup_nrf51.s...
compiling system_nrf51.c...
linking...
Program Size: Code=30268 RO-data=648 RW-data=272 ZI-data=5944  
FromELF: creating hex file...
".\_build\wearables_powermeter.axf" - 0 Error(s), 0 Warning(s).

<h2>Software Packages used:</h2>

Package Vendor: ARM
                http://www.keil.com/pack/ARM.CMSIS.4.2.0.pack
                ARM::CMSIS:CORE:3.40.0
                CMSIS (Cortex Microcontroller Software Interface Standard)
   * Component: CORE Version: 3.40.0

Package Vendor: NordicSemiconductor
                http://www.keil.com/pack/NordicSemiconductor.nRF_DeviceFamilyPack.1.1.1.pack
                NordicSemiconductor::Device:Startup:1.0.0
                Nordic Semiconductor nRF ARM devices Device Family Pack.
   * Component: Startup Version: 1.0.0

<h2>Collection of Component include folders:</h2>
  C:\Users\Nikolas\Dropbox\IBS\Powermeter\nrf51422\Board\nrf6310\s310\wearables_barometer\arm\RTE
  C:\Keil_v5\ARM\PACK\ARM\CMSIS\4.2.0\CMSIS\Include
  C:\Keil_v5\ARM\PACK\NordicSemiconductor\nRF_DeviceFamilyPack\1.1.1\Device\Include

<h2>Collection of Component Files used:</h2>

   * Component: ARM::CMSIS:CORE:3.40.0
      Source file:   CMSIS\UserCodeTemplates\ARM\ITM_Retarget.c

   * Component: NordicSemiconductor::Device:Startup:1.0.0
      Source file:   Device\Source\arm\arm_startup_nrf51.s
      Source file:   Device\Source\system_nrf51.c
      Include file:  Device\Include\system_nrf51.h
</pre>
</body>
</html>
\arm_startup_nrf51.s
      Source file:   Device\Source\system_nrf51.c
      Include file:  Device\Include\system_nrf51.h
tor::Device:Startup:1.0.0
      Source file:   Device\Source\arm\arm_startup_nrf51.s
      Source file:   Device\Source\system_nrf51.c
      Include file:  Device\Include\system_nrf51.h
Target not created.
evice\Include\system_nrf51.h
Target not created.
t const * const p_spi_master_config);
..\main.c(260): warning:  #223-D: function "ltc2942_read_voltage" declared implicitly
                battery_level = ltc2942_read_voltage();
..\main.c(287): warning:  #223-D: function "ble_barometer_level_update" declared implicitly
      err_code = ble_barometer_level_update(&m_barometer, barometer_level);
..\main.c(1012): warning:  #223-D: function "twi_master_init" declared implicitly
                twi_master_init();
..\main.c(1013): warning:  #223-D: function "ltc2942_init" declared implicitly
                ltc2942_init();
..\main.c: 16 warnings, 3 errors
compiling spi_master.c...
compiling twi_hw_master_sd.c...
compiling mpu_9250.c...
compiling ltc_2942.c...
compiling ADS8320.c...
compiling ble_dis.c...
compiling ble_bas.c...
compiling ble_hrs.c...
compiling ble_cp.c...
compiling ble_barometer.c...
C:\Keil_v5\ARM\ARMCC\Bin\..\include\string.h(44): error:  #130: expected a "{"
      typedef unsigned int size_t;   /* see <stddef.h> */
..\..\..\..\..\Source\ble\ble_services\ble_barometer.c(21): warning:  #12-D: parsing restarts here after previous syntax error
  {
..\..\..\..\..\Source\ble\ble_services\ble_barometer.c(22): error:  #20: identifier "p_ble_evt" is undefined
      p_barometer->conn_handle = p_ble_evt->evt.gap_evt.conn_handle;
..\..\..\..\..\Source\ble\ble_services\ble_barometer.c(23): warning:  #940-D: missing return statement at end of non-void function "ble_barometer_send"
  }
..\..\..\..\..\Source\ble\ble_services\ble_barometer.c(81): warning:  #223-D: function "on_connect" declared implicitly
              on_connect(p_barometer, p_ble_evt);
..\..\..\..\..\Source\ble\ble_services\ble_barometer.c(121): warning:  #223-D: function "memset" declared implicitly
          memset(&cccd_md, 0, sizeof(cccd_md));
..\..\..\..\..\Source\ble\ble_services\ble_barometer.c(130): warning:  #223-D: function "memset" declared implicitly
      memset(&char_md, 0, sizeof(char_md));
..\..\..\..\..\Source\ble\ble_services\ble_barometer.c(160): error:  #513: a value of type "uint16_t *" cannot be assigned to an entity of type "uint8_t *"
      attr_char_value.p_value   = &initial_barometer_level;
..\..\..\..\..\Source\ble\ble_services\ble_barometer.c(264): error:  #247: function "ble_barometer_send" has already been defined
  uint32_t ble_barometer_send(ble_barometer_t * p_barometer, ble_barometer_meas_t * p_barometer_measurement)
..\..\..\..\..\Source\ble\ble_services\ble_barometer.c(279): warning:  #223-D: function "memset" declared implicitly
          memset(&hvx_params, 0, sizeof(hvx_params));
..\..\..\..\..\Source\ble\ble_services\ble_barometer.c: 6 warnings, 4 errors
compiling ble_error_log.c...
compiling ble_advdata.c...
compiling ble_srv_common.c...
compiling ble_sensorsim.c...
compiling app_timer.c...
compiling softdevice_handler.c...
compiling ble_conn_params.c...
compiling app_trace.c...
compiling simple_uart.c...
compiling device_manager_peripheral.c...
compiling pstorage.c...
compiling crc16.c...
compiling ble_debug_assert_handler.c...
compiling nrf_delay.c...
assembling arm_startup_nrf51.s...
compiling system_nrf51.c...
".\_build\wearables_powermeter.axf" - 7 Error(s), 22 Warning(s).

<h2>Software Packages used:</h2>

Package Vendor: ARM
                http://www.keil.com/pack/ARM.CMSIS.4.2.0.pack
                ARM::CMSIS:CORE:3.40.0
                CMSIS (Cortex Microcontroller Software Interface Standard)
   * Component: CORE Version: 3.40.0

Package Vendor: NordicSemiconductor
                http://www.keil.com/pack/NordicSemiconductor.nRF_DeviceFamilyPack.1.1.1.pack
                NordicSemiconductor::Device:Startup:1.0.0
                Nordic Semiconductor nRF ARM devices Device Family Pack.
   * Component: Startup Version: 1.0.0

<h2>Collection of Component include folders:</h2>
  C:\Users\Nikolas\Dropbox\IBS\Powermeter\nrf51422\Board\nrf6310\s310\wearables_barometer\arm\RTE
  C:\Keil_v5\ARM\PACK\ARM\CMSIS\4.2.0\CMSIS\Include
  C:\Keil_v5\ARM\PACK\NordicSemiconductor\nRF_DeviceFamilyPack\1.1.1\Device\Include

<h2>Collection of Component Files used:</h2>

   * Component: ARM::CMSIS:CORE:3.40.0
      Source file:   CMSIS\UserCodeTemplates\ARM\ITM_Retarget.c

   * Component: NordicSemiconductor::Device:Startup:1.0.0
      Source file:   Device\Source\arm\arm_startup_nrf51.s
      Source file:   Device\Source\system_nrf51.c
      Include file:  Device\Include\system_nrf51.h
Target not created.
