Component: ARM Compiler 5.05 (build 41) Tool: armlink [4d0eb9]

==============================================================================

Section Cross References

    main.o(.text) refers to ltc_2942.o(.text) for ltc2942_read_voltage
    main.o(.text) refers to ble_bas.o(.text) for ble_bas_battery_level_update
    main.o(.text) refers to ble_barometer.o(.text) for ble_barometer_send
    main.o(.text) refers to ads8320.o(.text) for ads8320_read
    main.o(.text) refers to fflti.o(.text) for __aeabi_ui2f
    main.o(.text) refers to fmul.o(x$fpl$fmul) for __aeabi_fmul
    main.o(.text) refers to mpu_9250.o(.text) for mpu9250_whoami
    main.o(.text) refers to ffixui.o(.text) for __aeabi_f2uiz
    main.o(.text) refers to ble_cp.o(.text) for ble_cps_measurement_send
    main.o(.text) refers to ble_hrs.o(.text) for ble_hrs_sensor_contact_detected_update
    main.o(.text) refers to app_timer.o(.text) for app_timer_init
    main.o(.text) refers to rt_memclr.o(.text) for __aeabi_memclr4
    main.o(.text) refers to ble_advdata.o(.text) for ble_advdata_set
    main.o(.text) refers to main.o(.data) for m_p_file_name
    main.o(.text) refers to main.o(.bss) for m_bas
    main.o(.text) refers to main.o(.constdata) for .constdata
    main.o(.text) refers to ble_srv_common.o(.text) for ble_srv_ascii_to_utf8
    main.o(.text) refers to ble_dis.o(.text) for ble_dis_init
    main.o(.text) refers to ble_sensorsim.o(.text) for ble_sensorsim_init
    main.o(.text) refers to pstorage.o(.text) for pstorage_access_status_get
    main.o(.text) refers to ble_conn_params.o(.text) for ble_conn_params_init
    main.o(.text) refers to device_manager_peripheral.o(.text) for dm_ble_evt_handler
    main.o(.text) refers to softdevice_handler.o(.text) for softdevice_handler_init
    main.o(.text) refers to twi_hw_master_sd.o(.text) for twi_master_init
    spi_master.o(.text) refers to main.o(.text) for app_error_handler
    spi_master.o(.text) refers to spi_master.o(.constdata) for .constdata
    spi_master.o(.text) refers to spi_master.o(.bss) for m_spi_master_instances
    twi_hw_master_sd.o(.text) refers to twi_hw_master_sd.o(.emb_text) for __asm___18_twi_hw_master_sd_c_959ec897__nrf_delay_us
    twi_hw_master_sd.o(.text) refers to main.o(.text) for assert_nrf_callback
    mpu_9250.o(.text) refers to rt_memcpy.o(.emb_text) for __aeabi_memcpy4
    mpu_9250.o(.text) refers to spi_master.o(.text) for spi_master_open
    mpu_9250.o(.text) refers to main.o(.text) for app_error_handler
    mpu_9250.o(.text) refers to spi_master.o(i.spi_master_evt_handler_reg) for spi_master_evt_handler_reg
    mpu_9250.o(.text) refers to nrf_delay.o(.text) for nrf_delay_ms
    mpu_9250.o(.text) refers to mpu_9250.o(.constdata) for .constdata
    mpu_9250.o(.text) refers to mpu_9250.o(.data) for spi_done
    mpu_9250.o(.text) refers to mpu_9250.o(.bss) for tx_data
    ltc_2942.o(.text) refers to twi_hw_master_sd.o(.text) for twi_master_transfer
    ltc_2942.o(.text) refers to fflti.o(.text) for __aeabi_ui2f
    ltc_2942.o(.text) refers to fmul.o(x$fpl$fmul) for __aeabi_fmul
    ltc_2942.o(.text) refers to faddsub.o(x$fpl$fsub) for __aeabi_fsub
    ltc_2942.o(.text) refers to f2d.o(.text) for __aeabi_f2d
    ltc_2942.o(.text) refers to ddiv.o(.text) for __aeabi_ddiv
    ltc_2942.o(.text) refers to dmul.o(.text) for __aeabi_dmul
    ltc_2942.o(.text) refers to dfixui.o(.text) for __aeabi_d2uiz
    ads8320.o(.text) refers to rt_memcpy.o(.emb_text) for __aeabi_memcpy4
    ads8320.o(.text) refers to spi_master.o(.text) for spi_master_open
    ads8320.o(.text) refers to main.o(.text) for app_error_handler
    ads8320.o(.text) refers to spi_master.o(i.spi_master_evt_handler_reg) for spi_master_evt_handler_reg
    ads8320.o(.text) refers to ads8320.o(.constdata) for .constdata
    ads8320.o(.text) refers to ads8320.o(.data) for spi_ads_done
    ads8320.o(.text) refers to ads8320.o(.bss) for rx_data
    ble_dis.o(.text) refers to main.o(.text) for app_error_handler
    ble_dis.o(.text) refers to rt_memclr.o(.text) for __aeabi_memclr4
    ble_dis.o(.text) refers to ble_dis.o(.data) for service_handle
    ble_bas.o(.text) refers to rt_memclr.o(.text) for __aeabi_memclr4
    ble_bas.o(.text) refers to ble_srv_common.o(.text) for ble_srv_report_ref_encode
    ble_hrs.o(.text) refers to rt_memmove.o(.text) for __aeabi_memmove
    ble_hrs.o(.text) refers to rt_memclr.o(.text) for __aeabi_memclr4
    ble_cp.o(.text) refers to rt_memclr.o(.text) for __aeabi_memclr4
    ble_barometer.o(.text) refers to rt_memclr.o(.text) for __aeabi_memclr4
    ble_barometer.o(.text) refers to ble_barometer.o(.constdata) for .constdata
    ble_error_log.o(.text) refers to rt_memcpy.o(.emb_text) for __aeabi_memcpy4
    ble_error_log.o(.text) refers to strncpy.o(.text) for strncpy
    ble_error_log.o(.text) refers to arm_startup_nrf51.o(RESET) for __Vectors
    ble_error_log.o(.text) refers to ble_error_log.o(.bss) for m_ble_error_log
[...]
    ../clib/angel/scatterp.s                 0x00000000   Number         0  __scatter.o ABSOLUTE
    ../clib/angel/startup.s                  0x00000000   Number         0  __main.o ABSOLUTE
    ../clib/angel/sys.s                      0x00000000   Number         0  tempstk.o ABSOLUTE
    ../clib/angel/sys.s                      0x00000000   Number         0  libspace.o ABSOLUTE
    ../clib/angel/sys.s                      0x00000000   Number         0  use_no_semi.o ABSOLUTE
    ../clib/angel/sys.s                      0x00000000   Number         0  sys_stackheap_outer.o ABSOLUTE
    ../clib/angel/sys.s                      0x00000000   Number         0  indicate_semi.o ABSOLUTE
    ../clib/angel/sysapp.c                   0x00000000   Number         0  sys_exit.o ABSOLUTE
    ../clib/angel/sysapp.c                   0x00000000   Number         0  sys_command.o ABSOLUTE
    ../clib/angel/sysapp.c                   0x00000000   Number         0  sys_wrch.o ABSOLUTE
    ../clib/armsys.c                         0x00000000   Number         0  no_argv.o ABSOLUTE
    ../clib/armsys.c                         0x00000000   Number         0  _get_argv_nomalloc.o ABSOLUTE
    ../clib/armsys.c                         0x00000000   Number         0  argv_veneer.o ABSOLUTE
    ../clib/division.s                       0x00000000   Number         0  aeabi_sdiv.o ABSOLUTE
    ../clib/division.s                       0x00000000   Number         0  aeabi_sdiv_div0.o ABSOLUTE
    ../clib/heapalloc.c                      0x00000000   Number         0  hrguard.o ABSOLUTE
    ../clib/heapaux.c                        0x00000000   Number         0  heapauxi.o ABSOLUTE
    ../clib/libinit.s                        0x00000000   Number         0  libshutdown2.o ABSOLUTE
    ../clib/libinit.s                        0x00000000   Number         0  libinit2.o ABSOLUTE
    ../clib/libinit.s                        0x00000000   Number         0  libinit.o ABSOLUTE
    ../clib/libinit.s                        0x00000000   Number         0  libshutdown.o ABSOLUTE
    ../clib/memcpset.c                       0x00000000   Number         0  rt_memcpy.o ABSOLUTE
    ../clib/memcpset.c                       0x00000000   Number         0  rt_memcpy.o ABSOLUTE
    ../clib/memcpset.c                       0x00000000   Number         0  rt_memmove.o ABSOLUTE
    ../clib/memcpset.c                       0x00000000   Number         0  rt_memclr.o ABSOLUTE
    ../clib/signal.c                         0x00000000   Number         0  defsig_pvfn_inner.o ABSOLUTE
    ../clib/signal.c                         0x00000000   Number         0  defsig_fpe_formal.o ABSOLUTE
    ../clib/signal.c                         0x00000000   Number         0  defsig_fpe_outer.o ABSOLUTE
    ../clib/signal.c                         0x00000000   Number         0  defsig_general.o ABSOLUTE
    ../clib/signal.c                         0x00000000   Number         0  __raise.o ABSOLUTE
    ../clib/signal.c                         0x00000000   Number         0  defsig_fpe_inner.o ABSOLUTE
    ../clib/signal.c                         0x00000000   Number         0  defsig_other.o ABSOLUTE
    ../clib/signal.c                         0x00000000   Number         0  defsig_segv_inner.o ABSOLUTE
    ../clib/signal.c                         0x00000000   Number         0  defsig_cppl_inner.o ABSOLUTE
    ../clib/signal.c                         0x00000000   Number         0  defsig_exit.o ABSOLUTE
    ../clib/signal.c                         0x00000000   Number         0  defsig_stak_inner.o ABSOLUTE
    ../clib/signal.c                         0x00000000   Number         0  defsig_rtmem_formal.o ABSOLUTE
    ../clib/signal.c                         0x00000000   Number         0  defsig_rtmem_outer.o ABSOLUTE
    ../clib/signal.c                         0x00000000   Number         0  defsig_rtmem_inner.o ABSOLUTE
    ../clib/signal.c                         0x00000000   Number         0  defsig_rtred_inner.o ABSOLUTE
    ../clib/signal.c                         0x00000000   Number         0  defsig_abrt_inner.o ABSOLUTE
    ../clib/signal.s                         0x00000000   Number         0  defsig.o ABSOLUTE
    ../clib/stdlib.c                         0x00000000   Number         0  exit.o ABSOLUTE
    ../clib/string.c                         0x00000000   Number         0  memcmp.o ABSOLUTE
    ../clib/string.c                         0x00000000   Number         0  strncpy.o ABSOLUTE
    ../clib/string.c                         0x00000000   Number         0  strlen.o ABSOLUTE
    ../fplib/cfplib/ddiv.c                   0x00000000   Number         0  ddiv.o ABSOLUTE
    ../fplib/cfplib/dmul.c                   0x00000000   Number         0  dmul.o ABSOLUTE
    ../fplib/cfplib/f2d.c                    0x00000000   Number         0  f2d.o ABSOLUTE
    ../fplib/cfplib/ffix.c                   0x00000000   Number         0  ffixui.o ABSOLUTE
    ../fplib/cfplib/ffix.c                   0x00000000   Number         0  dfixui.o ABSOLUTE
    ../fplib/cfplib/fflt.c                   0x00000000   Number         0  fflti.o ABSOLUTE
    ../fplib/cfplib/fpinit.c                 0x00000000   Number         0  fpinit.o ABSOLUTE
    ../fplib/faddsub6m.s                     0x00000000   Number         0  faddsub.o ABSOLUTE
    ../fplib/fmul6m.s                        0x00000000   Number         0  fmul.o ABSOLUTE
    ../fplib/usenofp.s                       0x00000000   Number         0  usenofp.o ABSOLUTE
    ..\..\..\Source\app_common\app_timer.c   0x00000000   Number         0  app_timer.o ABSOLUTE
    ..\..\..\Source\app_common\app_trace.c   0x00000000   Number         0  app_trace.o ABSOLUTE
    ..\..\..\Source\app_common\crc16.c       0x00000000   Number         0  crc16.o ABSOLUTE
    ..\..\..\Source\app_common\pstorage.c    0x00000000   Number         0  pstorage.o ABSOLUTE
    ..\..\..\Source\ble\ble_advdata.c        0x00000000   Number         0  ble_advdata.o ABSOLUTE
    ..\..\..\Source\ble\ble_conn_params.c    0x00000000   Number         0  ble_conn_params.o ABSOLUTE
    ..\..\..\Source\ble\ble_debug_assert_handler.c 0x00000000   Number         0  ble_debug_assert_handler.o ABSOLUTE
    ..\..\..\Source\ble\ble_error_log.c      0x00000000   Number         0  ble_error_log.o ABSOLUTE
    ..\..\..\Source\ble\ble_sensorsim.c      0x00000000   Number         0  ble_sensorsim.o ABSOLUTE
    ..\..\..\Source\ble\ble_services\ble_barometer.c 0x00000000   Number         0  ble_barometer.o ABSOLUTE
    ..\..\..\Source\ble\ble_services\ble_bas.c 0x00000000   Number         0  ble_bas.o ABSOLUTE
    ..\..\..\Source\ble\ble_services\ble_cp.c 0x00000000   Number         0  ble_cp.o ABSOLUTE
    ..\..\..\Source\ble\ble_services\ble_dis.c 0x00000000   Number         0  ble_dis.o ABSOLUTE
    ..\..\..\Source\ble\ble_services\ble_hrs.c 0x00000000   Number         0  ble_hrs.o ABSOLUTE
    ..\..\..\Source\ble\ble_services\ble_srv_common.c 0x00000000   Number         0  ble_srv_common.o ABSOLUTE
    ..\..\..\Source\ble\device_manager\device_manager_peripheral.c 0x00000000   Number         0  device_manager_peripheral.o ABSOLUTE
    ..\..\..\Source\mpu_9250.c               0x00000000   Number         0  mpu_9250.o ABSOLUTE
    ..\..\..\Source\nrf_delay\nrf_delay.c    0x00000000   Number         0  nrf_delay.o ABSOLUTE
    ..\..\..\Source\sd_common\softdevice_handler.c 0x00000000   Number         0  softdevice_handler.o ABSOLUTE
    ..\..\..\Source\simple_uart\simple_uart.c 0x00000000   Number         0  simple_uart.o ABSOLUTE
    ..\..\..\Source\spi_master\spi_master.c  0x00000000   Number         0  spi_master.o ABSOLUTE
    ..\..\..\Source\twi_master\twi_hw_master_sd.c 0x00000000   Number         0  twi_hw_master_sd.o ABSOLUTE
    ..\ADS8320.c                             0x00000000   Number         0  ads8320.o ABSOLUTE
    ..\\..\\..\\Source\\app_common\\app_timer.c 0x00000000   Number         0  app_timer.o ABSOLUTE
    ..\\..\\..\\Source\\app_common\\app_trace.c 0x00000000   Number         0  app_trace.o ABSOLUTE
    ..\\..\\..\\Source\\app_common\\pstorage.c 0x00000000   Number         0  pstorage.o ABSOLUTE
    ..\\..\\..\\Source\\ble\\ble_debug_assert_handler.c 0x00000000   Number         0  ble_debug_assert_handler.o ABSOLUTE
    ..\\..\\..\\Source\\ble\\ble_error_log.c 0x00000000   Number         0  ble_error_log.o ABSOLUTE
    ..\\..\\..\\Source\\mpu_9250.c           0x00000000   Number         0  mpu_9250.o ABSOLUTE
    ..\\..\\..\\Source\\nrf_delay\\nrf_delay.c 0x00000000   Number         0  nrf_delay.o ABSOLUTE
    ..\\..\\..\\Source\\sd_common\\softdevice_handler.c 0x00000000   Number         0  softdevice_handler.o ABSOLUTE
    ..\\..\\..\\Source\\simple_uart\\simple_uart.c 0x00000000   Number         0  simple_uart.o ABSOLUTE
    ..\\..\\..\\Source\\spi_master\\spi_master.c 0x00000000   Number         0  spi_master.o ABSOLUTE
    ..\\..\\..\\Source\\twi_master\\twi_hw_master_sd.c 0x00000000   Number         0  twi_hw_master_sd.o ABSOLUTE
    ..\\ADS8320.c                            0x00000000   Number         0  ads8320.o ABSOLUTE
    ..\\ltc_2942.c                           0x00000000   Number         0  ltc_2942.o ABSOLUTE
    ..\\main.c                               0x00000000   Number         0  main.o ABSOLUTE
    ..\ltc_2942.c                            0x00000000   Number         0  ltc_2942.o ABSOLUTE
    ..\main.c                                0x00000000   Number         0  main.o ABSOLUTE
    RTE\Device\nRF51422_xxAA\arm_startup_nrf51.s 0x00000000   Number         0  arm_startup_nrf51.o ABSOLUTE
    RTE\Device\nRF51422_xxAA\system_nrf51.c  0x00000000   Number         0  system_nrf51.o ABSOLUTE
    RTE\\Device\\nRF51422_xxAA\\system_nrf51.c 0x00000000   Number         0  system_nrf51.o ABSOLUTE
    dc.s                                     0x00000000   Number         0  dc.o ABSOLUTE
    RESET                                    0x00020000   Section      192  arm_startup_nrf51.o(RESET)
    !!!main                                  0x000200c0   Section        8  __main.o(!!!main)
    !!!scatter                               0x000200c8   Section       60  __scatter.o(!!!scatter)
    !!handler_copy                           0x00020104   Section       26  __scatter_copy.o(!!handler_copy)
    !!handler_zi                             0x00020120   Section       28  __scatter_zi.o(!!handler_zi)
    .ARM.Collect$$libinit$$00000000          0x0002013c   Section        2  libinit.o(.ARM.Collect$$libinit$$00000000)
    .ARM.Collect$$libinit$$00000002          0x0002013e   Section        0  libinit2.o(.ARM.Collect$$libinit$$00000002)
    .ARM.Collect$$libinit$$00000004          0x0002013e   Section        0  libinit2.o(.ARM.Collect$$libinit$$00000004)
    .ARM.Collect$$libinit$$0000000A          0x0002013e   Section        0  libinit2.o(.ARM.Collect$$libinit$$0000000A)
    .ARM.Collect$$libinit$$0000000C          0x0002013e   Section        0  libinit2.o(.ARM.Collect$$libinit$$0000000C)
    .ARM.Collect$$libinit$$0000000E          0x0002013e   Section        0  libinit2.o(.ARM.Collect$$libinit$$0000000E)
    .ARM.Collect$$libinit$$00000011          0x0002013e   Section        0  libinit2.o(.ARM.Collect$$libinit$$00000011)
    .ARM.Collect$$libinit$$00000013          0x0002013e   Section        0  libinit2.o(.ARM.Collect$$libinit$$00000013)
    .ARM.Collect$$libinit$$00000015          0x0002013e   Section        0  libinit2.o(.ARM.Collect$$libinit$$00000015)
    .ARM.Collect$$libinit$$00000017          0x0002013e   Section        0  libinit2.o(.ARM.Collect$$libinit$$00000017)
    .ARM.Collect$$libinit$$00000019          0x0002013e   Section        0  libinit2.o(.ARM.Collect$$libinit$$00000019)
    .ARM.Collect$$libinit$$0000001B          0x0002013e   Section        0  libinit2.o(.ARM.Collect$$libinit$$0000001B)
    .ARM.Collect$$libinit$$0000001D          0x0002013e   Section        0  libinit2.o(.ARM.Collect$$libinit$$0000001D)
    .ARM.Collect$$libinit$$0000001F          0x0002013e   Section        0  libinit2.o(.ARM.Collect$$libinit$$0000001F)
    .ARM.Collect$$libinit$$00000021          0x0002013e   Section        0  libinit2.o(.ARM.Collect$$libinit$$00000021)
    .ARM.Collect$$libinit$$00000023          0x0002013e   Section        0  libinit2.o(.ARM.Collect$$libinit$$00000023)
    .ARM.Collect$$libinit$$00000025          0x0002013e   Section        0  libinit2.o(.ARM.Collect$$libinit$$00000025)
    .ARM.Collect$$libinit$$0000002C          0x0002013e   Section        0  libinit2.o(.ARM.Collect$$libinit$$0000002C)
    .ARM.Collect$$libinit$$0000002E          0x0002013e   Section        0  libinit2.o(.ARM.Collect$$libinit$$0000002E)
    .ARM.Collect$$libinit$$00000030          0x0002013e   Section        0  libinit2.o(.ARM.Collect$$libinit$$00000030)
    .ARM.Collect$$libinit$$00000032          0x0002013e   Section        0  libinit2.o(.ARM.Collect$$libinit$$00000032)
    .ARM.Collect$$libinit$$00000033          0x0002013e   Section        2  libinit2.o(.ARM.Collect$$libinit$$00000033)
    .ARM.Collect$$libshutdown$$00000000      0x00020140   Section        2  libshutdown.o(.ARM.Collect$$libshutdown$$00000000)
    .ARM.Collect$$libshutdown$$00000003      0x00020142   Section        0  libshutdown2.o(.ARM.Collect$$libshutdown$$00000003)
    .ARM.Collect$$libshutdown$$00000006      0x00020142   Section        0  libshutdown2.o(.ARM.Collect$$libshutdown$$00000006)
    .ARM.Collect$$libshutdown$$00000009      0x00020142   Section        0  libshutdown2.o(.ARM.Collect$$libshutdown$$00000009)
    .ARM.Collect$$libshutdown$$0000000B      0x00020142   Section        0  libshutdown2.o(.ARM.Collect$$libshutdown$$0000000B)
    .ARM.Collect$$libshutdown$$0000000E      0x00020142   Section        0  libshutdown2.o(.ARM.Collect$$libshutdown$$0000000E)
    .ARM.Collect$$libshutdown$$0000000F      0x00020142   Section        2  libshutdown2.o(.ARM.Collect$$libshutdown$$0000000F)
    .ARM.Collect$$rtentry$$00000000          0x00020144   Section        0  __rtentry.o(.ARM.Collect$$rtentry$$00000000)
    .ARM.Collect$$rtentry$$00000002          0x00020144   Section        0  __rtentry2.o(.ARM.Collect$$rtentry$$00000002)
    .ARM.Collect$$rtentry$$00000004          0x00020144   Section        6  __rtentry4.o(.ARM.Collect$$rtentry$$00000004)
    .ARM.Collect$$rtentry$$00000009          0x0002014a   Section        0  __rtentry2.o(.ARM.Collect$$rtentry$$00000009)
    .ARM.Collect$$rtentry$$0000000A          0x0002014a   Section        4  __rtentry2.o(.ARM.Collect$$rtentry$$0000000A)
    .ARM.Collect$$rtentry$$0000000C          0x0002014e   Section        0  __rtentry2.o(.ARM.Collect$$rtentry$$0000000C)
    .ARM.Collect$$rtentry$$0000000D          0x0002014e   Section        8  __rtentry2.o(.ARM.Collect$$rtentry$$0000000D)
    .ARM.Collect$$rtexit$$00000000           0x00020156   Section        2  rtexit.o(.ARM.Collect$$rtexit$$00000000)
    .ARM.Collect$$rtexit$$00000002           0x00020158   Section        0  rtexit2.o(.ARM.Collect$$rtexit$$00000002)
    .ARM.Collect$$rtexit$$00000003           0x00020158   Section        4  rtexit2.o(.ARM.Collect$$rtexit$$00000003)
    .ARM.Collect$$rtexit$$00000004           0x0002015c   Section        6  rtexit2.o(.ARM.Collect$$rtexit$$00000004)
    .emb_text                                0x00020164   Section       30  twi_hw_master_sd.o(.emb_text)
    .emb_text                                0x00020184   Section       30  app_timer.o(.emb_text)
    .emb_text                                0x000201a4   Section       30  nrf_delay.o(.emb_text)
    .emb_text                                0x000201c4   Section       56  rt_memcpy.o(.emb_text)
    .text                                    0x000201fc   Section        0  main.o(.text)
    nrf_gpio_cfg_sense_input                 0x000201fd   Thumb Code    24  main.o(.text)
    battery_level_update                     0x000202b7   Thumb Code    56  main.o(.text)
    barometer_level_update                   0x000202ef   Thumb Code    66  main.o(.text)
    battery_level_meas_timeout_handler       0x00020331   Thumb Code    10  main.o(.text)
    barometer_level_meas_timeout_handler     0x0002033b   Thumb Code    10  main.o(.text)
    power_value_update                       0x00020345   Thumb Code   102  main.o(.text)
    power_value_meas_timeout_handler         0x000203ab   Thumb Code    10  main.o(.text)
    sensor_contact_detected_timeout_handler  0x000203b5   Thumb Code    28  main.o(.text)
    leds_init                                0x000203d1   Thumb Code    22  main.o(.text)
    timers_init                              0x000203e7   Thumb Code   176  main.o(.text)
    gap_params_init                          0x00020497   Thumb Code   160  main.o(.text)
    advertising_init                         0x00020537   Thumb Code   124  main.o(.text)
    services_init                            0x000205b3   Thumb Code   574  main.o(.text)
    sensor_sim_init                          0x000207f1   Thumb Code    50  main.o(.text)
    application_timers_start                 0x00020823   Thumb Code   130  main.o(.text)
    advertising_start                        0x000208a5   Thumb Code    92  main.o(.text)
    on_conn_params_evt                       0x00020901   Thumb Code    48  main.o(.text)
    conn_params_error_handler                0x00020931   Thumb Code    22  main.o(.text)
    conn_params_init                         0x00020947   Thumb Code    92  main.o(.text)
    on_ble_evt                               0x000209a3   Thumb Code   102  main.o(.text)
    on_sys_evt                               0x00020a09   Thumb Code    42  main.o(.text)
    ble_evt_dispatch                         0x00020a33   Thumb Code    40  main.o(.text)
    sys_evt_dispatch                         0x00020a5b   Thumb Code    18  main.o(.text)
    ble_stack_init                           0x00020a6d   Thumb Code   114  main.o(.text)
    buttons_init                             0x00020adf   Thumb Code    24  main.o(.text)
    device_manager_evt_handler               0x00020af7   Thumb Code    38  main.o(.text)
    device_manager_init                      0x00020b1d   Thumb Code   312  main.o(.text)
    power_manage                             0x00020c55   Thumb Code    34  main.o(.text)
    nrf_gpio_cfg_output                      0x00020ce7   Thumb Code    18  main.o(.text)
    nrf_gpio_pin_set                         0x00020cf9   Thumb Code    10  main.o(.text)
    nrf_gpio_pin_clear                       0x00020d03   Thumb Code    10  main.o(.text)
    current_int_priority_get                 0x00020d0d   Thumb Code    84  main.o(.text)
    .text                                    0x00020d7c   Section        0  spi_master.o(.text)
    spi_master_signal_evt                    0x00020d7d   Thumb Code    72  spi_master.o(.text)
    spi_master_buffer_release                0x00020dc5   Thumb Code    78  spi_master.o(.text)
    spi_master_send_recv_irq                 0x00020e13   Thumb Code   204  spi_master.o(.text)
    spi_master_init_hw_instance              0x00020f0b   Thumb Code    88  spi_master.o(.text)
    spi_master_buffer_init                   0x00020f63   Thumb Code   136  spi_master.o(.text)
    nrf_gpio_cfg_output                      0x0002134d   Thumb Code    18  spi_master.o(.text)
    nrf_gpio_pin_set                         0x0002135f   Thumb Code    10  spi_master.o(.text)
    nrf_gpio_pin_clear                       0x00021369   Thumb Code    10  spi_master.o(.text)
    spi_master_get_instance                  0x00021373   Thumb Code    22  spi_master.o(.text)
    spi_master_send_initial_bytes            0x00021389   Thumb Code   126  spi_master.o(.text)
    .text                                    0x0002143c   Section        0  twi_hw_master_sd.o(.text)
    twi_master_clear_bus                     0x0002143d   Thumb Code   216  twi_hw_master_sd.o(.text)
    twi_master_write                         0x00021585   Thumb Code   168  twi_hw_master_sd.o(.text)
    twi_master_read                          0x0002162d   Thumb Code   224  twi_hw_master_sd.o(.text)
    .text                                    0x000217a0   Section        0  mpu_9250.o(.text)
    spi_MPU_init                             0x000217a1   Thumb Code    90  mpu_9250.o(.text)
    .text                                    0x00021a78   Section        0  ltc_2942.o(.text)
    .text                                    0x00021b8c   Section        0  ads8320.o(.text)
    spi_ads_init                             0x00021b8d   Thumb Code    88  ads8320.o(.text)
    .text                                    0x00021c74   Section        0  ble_dis.o(.text)
    sys_id_encode                            0x00021c75   Thumb Code   160  ble_dis.o(.text)
    pnp_id_encode                            0x00021d15   Thumb Code   152  ble_dis.o(.text)
    char_add                                 0x00021dad   Thumb Code   232  ble_dis.o(.text)
    uint16_encode                            0x00022017   Thumb Code    18  ble_dis.o(.text)
    .text                                    0x00022084   Section        0  ble_bas.o(.text)
    on_connect                               0x00022085   Thumb Code     6  ble_bas.o(.text)
    on_disconnect                            0x0002208b   Thumb Code     8  ble_bas.o(.text)
    on_write                                 0x00022093   Thumb Code    80  ble_bas.o(.text)
    battery_level_char_add                   0x0002211d   Thumb Code   448  ble_bas.o(.text)
    .text                                    0x000223a4   Section        0  ble_hrs.o(.text)
    on_connect                               0x000223a5   Thumb Code     6  ble_hrs.o(.text)
    on_disconnect                            0x000223ab   Thumb Code     8  ble_hrs.o(.text)
    on_hrm_cccd_write                        0x000223b3   Thumb Code    62  ble_hrs.o(.text)
    on_write                                 0x000223f1   Thumb Code    26  ble_hrs.o(.text)
    hrm_encode                               0x00022445   Thumb Code   186  ble_hrs.o(.text)
    heart_rate_measurement_char_add          0x000224ff   Thumb Code   234  ble_hrs.o(.text)
    body_sensor_location_char_add            0x000225e9   Thumb Code   168  ble_hrs.o(.text)
    uint16_encode                            0x000227db   Thumb Code    18  ble_hrs.o(.text)
    .text                                    0x000227f8   Section        0  ble_cp.o(.text)
    on_connect                               0x000227f9   Thumb Code     6  ble_cp.o(.text)
    on_disconnect                            0x000227ff   Thumb Code     8  ble_cp.o(.text)
    on_meas_cccd_write                       0x00022807   Thumb Code    62  ble_cp.o(.text)
    on_write                                 0x00022845   Thumb Code    26  ble_cp.o(.text)
    cp_measurement_encode                    0x00022899   Thumb Code    44  ble_cp.o(.text)
    cp_measurement_char_add                  0x000228c5   Thumb Code   274  ble_cp.o(.text)
    cp_feature_char_add                      0x000229d7   Thumb Code   222  ble_cp.o(.text)
    cp_sensor_loc_char_add                   0x00022ab5   Thumb Code   204  ble_cp.o(.text)
    .text                                    0x00022c78   Section        0  ble_barometer.o(.text)
    on_connect                               0x00022c79   Thumb Code     6  ble_barometer.o(.text)
    on_disconnect                            0x00022c7f   Thumb Code     8  ble_barometer.o(.text)
    on_meas_cccd_write                       0x00022c87   Thumb Code    62  ble_barometer.o(.text)
    on_write                                 0x00022cc5   Thumb Code    26  ble_barometer.o(.text)
    barometer_measurement_encode             0x00022d19   Thumb Code    26  ble_barometer.o(.text)
    barometer_level_char_add                 0x00022d33   Thumb Code   274  ble_barometer.o(.text)
    .text                                    0x00022f18   Section        0  ble_advdata.o(.text)
    name_encode                              0x00022f19   Thumb Code   150  ble_advdata.o(.text)
    appearance_encode                        0x00022faf   Thumb Code    74  ble_advdata.o(.text)
    uint8_array_encode                       0x00022ff9   Thumb Code    82  ble_advdata.o(.text)
    tx_power_level_encode                    0x0002304b   Thumb Code    48  ble_advdata.o(.text)
    uuid_list_sized_encode                   0x0002307b   Thumb Code   196  ble_advdata.o(.text)
    uuid_list_encode                         0x0002313f   Thumb Code    64  ble_advdata.o(.text)
    conn_int_check                           0x0002317f   Thumb Code    88  ble_advdata.o(.text)
    conn_int_encode                          0x000231d7   Thumb Code    92  ble_advdata.o(.text)
    manuf_specific_data_encode               0x00023233   Thumb Code   106  ble_advdata.o(.text)
    service_data_encode                      0x0002329d   Thumb Code   140  ble_advdata.o(.text)
    adv_data_encode                          0x00023329   Thumb Code   304  ble_advdata.o(.text)
    advdata_check                            0x00023459   Thumb Code    34  ble_advdata.o(.text)
    srdata_check                             0x0002347b   Thumb Code    16  ble_advdata.o(.text)
    uint16_encode                            0x00023505   Thumb Code    18  ble_advdata.o(.text)
    .text                                    0x0002351c   Section        0  ble_srv_common.o(.text)
    .text                                    0x000235a0   Section        0  ble_sensorsim.o(.text)
    .text                                    0x00023604   Section        0  app_timer.o(.text)
    NVIC_SetPriority                         0x00023605   Thumb Code   110  app_timer.o(.text)
    rtc1_init                                0x00023673   Thumb Code    18  app_timer.o(.text)
    rtc1_start                               0x00023685   Thumb Code    48  app_timer.o(.text)
    rtc1_stop                                0x000236b5   Thumb Code    68  app_timer.o(.text)
    timer_list_insert                        0x000236f9   Thumb Code   212  app_timer.o(.text)
    timer_list_remove                        0x000237cd   Thumb Code   170  app_timer.o(.text)
    timer_timeouts_check_sched               0x00023877   Thumb Code    10  app_timer.o(.text)
    timer_list_handler_sched                 0x00023881   Thumb Code    10  app_timer.o(.text)
    timeout_handler_exec                     0x0002388b   Thumb Code    60  app_timer.o(.text)
    timer_timeouts_check                     0x000238c7   Thumb Code   132  app_timer.o(.text)
    elapsed_ticks_acquire                    0x0002394b   Thumb Code    82  app_timer.o(.text)
    list_deletions_handler                   0x0002399d   Thumb Code   276  app_timer.o(.text)
    expired_timers_handler                   0x00023ab1   Thumb Code   100  app_timer.o(.text)
    list_insertions_handler                  0x00023b15   Thumb Code   264  app_timer.o(.text)
    compare_reg_update                       0x00023c1d   Thumb Code   124  app_timer.o(.text)
    timer_list_handler                       0x00023c99   Thumb Code    70  app_timer.o(.text)
    user_op_enque                            0x00023cdf   Thumb Code     4  app_timer.o(.text)
    user_op_alloc                            0x00023ce3   Thumb Code    44  app_timer.o(.text)
    timer_start_op_schedule                  0x00023d0f   Thumb Code    80  app_timer.o(.text)
    timer_stop_op_schedule                   0x00023d5f   Thumb Code    58  app_timer.o(.text)
    timer_stop_all_op_schedule               0x00023d99   Thumb Code    58  app_timer.o(.text)
    user_id_get                              0x00023f63   Thumb Code    34  app_timer.o(.text)
    NVIC_EnableIRQ                           0x00024061   Thumb Code    14  app_timer.o(.text)
    NVIC_SetPendingIRQ                       0x0002406f   Thumb Code    14  app_timer.o(.text)
    NVIC_ClearPendingIRQ                     0x0002407d   Thumb Code    16  app_timer.o(.text)
    current_int_priority_get                 0x0002408d   Thumb Code    84  app_timer.o(.text)
    rtc1_counter_get                         0x000240e1   Thumb Code     6  app_timer.o(.text)
    ticks_diff_get                           0x000240e7   Thumb Code    10  app_timer.o(.text)
    .text                                    0x00024120   Section        0  softdevice_handler.o(.text)
    .text                                    0x000242ec   Section        0  ble_conn_params.o(.text)
    is_conn_params_ok                        0x000242ed   Thumb Code    30  ble_conn_params.o(.text)
    update_timeout_handler                   0x0002430b   Thumb Code   136  ble_conn_params.o(.text)
    conn_params_negotiation                  0x000243f9   Thumb Code   126  ble_conn_params.o(.text)
    on_connect                               0x00024477   Thumb Code    42  ble_conn_params.o(.text)
    on_disconnect                            0x000244a1   Thumb Code    50  ble_conn_params.o(.text)
    on_write                                 0x000244d3   Thumb Code    84  ble_conn_params.o(.text)
    on_conn_params_update                    0x00024527   Thumb Code    20  ble_conn_params.o(.text)
    .text                                    0x000245f4   Section        0  device_manager_peripheral.o(.text)
    connection_instance_find                 0x000245f5   Thumb Code    64  device_manager_peripheral.o(.text)
    peer_instance_init                       0x00024635   Thumb Code    76  device_manager_peripheral.o(.text)
    device_instance_free                     0x00024681   Thumb Code    44  device_manager_peripheral.o(.text)
    device_instance_find                     0x000246ad   Thumb Code    82  device_manager_peripheral.o(.text)
    connection_instance_init                 0x000246ff   Thumb Code    50  device_manager_peripheral.o(.text)
    storage_operation_dummy_handler          0x00024731   Thumb Code     8  device_manager_peripheral.o(.text)
    gatts_context_store                      0x00024739   Thumb Code   184  device_manager_peripheral.o(.text)
    gattc_context_store                      0x000247f1   Thumb Code     6  device_manager_peripheral.o(.text)
    gatts_context_load                       0x000247f7   Thumb Code    64  device_manager_peripheral.o(.text)
    gattc_context_load                       0x00024837   Thumb Code     6  device_manager_peripheral.o(.text)
    gatts_context_apply                      0x0002483d   Thumb Code   116  device_manager_peripheral.o(.text)
    gattc_context_apply                      0x000248b1   Thumb Code     6  device_manager_peripheral.o(.text)
    dm_pstorage_cb_handler                   0x000248d1   Thumb Code   568  device_manager_peripheral.o(.text)
    device_context_store                     0x0002518b   Thumb Code   172  device_manager_peripheral.o(.text)
    update_status_bit_reset                  0x00025933   Thumb Code    16  device_manager_peripheral.o(.text)
    device_instance_allocate                 0x00025943   Thumb Code   118  device_manager_peripheral.o(.text)
    app_evt_notify                           0x000259b9   Thumb Code    24  device_manager_peripheral.o(.text)
    no_service_context_store                 0x000259d1   Thumb Code     6  device_manager_peripheral.o(.text)
    gattsc_context_store                     0x000259d7   Thumb Code    30  device_manager_peripheral.o(.text)
    no_service_context_load                  0x000259f5   Thumb Code     6  device_manager_peripheral.o(.text)
    gattsc_context_load                      0x000259fb   Thumb Code    30  device_manager_peripheral.o(.text)
    no_service_context_apply                 0x00025a19   Thumb Code     6  device_manager_peripheral.o(.text)
    gattsc_context_apply                     0x00025a1f   Thumb Code    26  device_manager_peripheral.o(.text)
    .text                                    0x00025a58   Section        0  pstorage.o(.text)
    cmd_queue_element_init                   0x00025a59   Thumb Code    56  pstorage.o(.text)
    cmd_queue_init                           0x00025a91   Thumb Code    40  pstorage.o(.text)
    swap_state_process                       0x00025ab9   Thumb Code   578  pstorage.o(.text)
    cmd_process                              0x00025cfb   Thumb Code   382  pstorage.o(.text)
    cmd_queue_enqueue                        0x00025e79   Thumb Code   138  pstorage.o(.text)
    cmd_queue_dequeue                        0x00025f03   Thumb Code    32  pstorage.o(.text)
    app_notify                               0x00025f23   Thumb Code   100  pstorage.o(.text)
    is_word_aligned                          0x000266f7   Thumb Code    18  pstorage.o(.text)
    .text                                    0x00026714   Section        0  nrf_delay.o(.text)
    .text                                    0x00026730   Section       84  arm_startup_nrf51.o(.text)
    .text                                    0x00026784   Section        0  system_nrf51.o(.text)
    is_disabled_in_debug_needed              0x0002678d   Thumb Code    52  system_nrf51.o(.text)
    is_manual_peripheral_setup_needed        0x000267c1   Thumb Code   104  system_nrf51.o(.text)
    .text                                    0x0002686c   Section        0  memcmp.o(.text)
    .text                                    0x000268c8   Section        0  strlen.o(.text)
    .text                                    0x0002690c   Section        0  rt_memcpy.o(.text)
    .text                                    0x0002698e   Section        0  rt_memmove.o(.text)
    .text                                    0x00026a24   Section        0  rt_memclr.o(.text)
    .text                                    0x00026a64   Section      346  aeabi_sdiv.o(.text)
    .text                                    0x00026bbe   Section        0  heapauxi.o(.text)
    .text                                    0x00026bc4   Section        0  ddiv.o(.text)
    .text                                    0x0002700c   Section        0  dfixui.o(.text)
    .text                                    0x00027054   Section        0  dmul.o(.text)
    .text                                    0x0002729c   Section        0  f2d.o(.text)
    .text                                    0x000272f0   Section        0  ffixui.o(.text)
    .text                                    0x00027320   Section        0  fflti.o(.text)
    .text                                    0x0002737e   Section       62  sys_stackheap_outer.o(.text)
    .text                                    0x000273bc   Section        0  exit.o(.text)
    .text                                    0x000273c8   Section        8  libspace.o(.text)
    .text                                    0x000273d0   Section        0  sys_exit.o(.text)
    .text                                    0x000273dc   Section        2  use_no_semi.o(.text)
    .text                                    0x000273de   Section        0  indicate_semi.o(.text)
    i.__ARM_common_switch8                   0x000273de   Section        0  pstorage.o(i.__ARM_common_switch8)
    i.spi_master_evt_handler_reg             0x000273fc   Section        0  spi_master.o(i.spi_master_evt_handler_reg)
    x$fpl$fadd                               0x00027434   Section      140  faddsub.o(x$fpl$fadd)
    _fadd1                                   0x00027441   Thumb Code     0  faddsub.o(x$fpl$fadd)
    x$fpl$fmul                               0x000274c0   Section      176  fmul.o(x$fpl$fmul)
    x$fpl$fsub                               0x00027570   Section      208  faddsub.o(x$fpl$fsub)
    _fsub1                                   0x0002757d   Thumb Code     0  faddsub.o(x$fpl$fsub)
    .constdata                               0x00027640   Section       24  main.o(.constdata)
    x$fpl$usenofp                            0x00027640   Section        0  usenofp.o(x$fpl$usenofp)
    .constdata                               0x00027658   Section        8  spi_master.o(.constdata)
    .constdata                               0x00027660   Section       64  mpu_9250.o(.constdata)
    .constdata                               0x000276a0   Section       28  ads8320.o(.constdata)
    .constdata                               0x000276bc   Section       16  ble_barometer.o(.constdata)
    .constdata                               0x000276cc   Section       52  device_manager_peripheral.o(.constdata)
    .constdata                               0x00027700   Section      128  ddiv.o(.constdata)
    ddiv_reciptbl                            0x00027700   Data         128  ddiv.o(.constdata)
    .conststring                             0x00027780   Section       40  spi_master.o(.conststring)
    .data                                    0x20002400   Section       61  main.o(.data)
    m_conn_handle                            0x20002404   Data           2  main.o(.data)
    m_power_sim_state                        0x20002408   Data           8  main.o(.data)
    m_battery_sim_state                      0x20002410   Data           8  main.o(.data)
    m_power_timer_id                         0x20002418   Data           4  main.o(.data)
    m_battery_timer_id                       0x2000241c   Data           4  main.o(.data)
    m_barometer_timer_id                     0x20002420   Data           4  main.o(.data)
    m_sensor_contact_timer_id                0x20002424   Data           4  main.o(.data)
    m_cps_meas                               0x20002428   Data           2  main.o(.data)
    m_barometer_meas                         0x2000242a   Data           2  main.o(.data)
    m_app_handle                             0x2000242c   Data           1  main.o(.data)
    m_memory_access_in_progress              0x2000242d   Data           1  main.o(.data)
    sensor_contact_detected                  0x2000243c   Data           1  main.o(.data)
    .data                                    0x2000243d   Section        1  mpu_9250.o(.data)
    .data                                    0x2000243e   Section        1  ads8320.o(.data)
    .data                                    0x20002440   Section       74  ble_dis.o(.data)
    service_handle                           0x20002440   Data           2  ble_dis.o(.data)
    manufact_name_handles                    0x20002442   Data           8  ble_dis.o(.data)
    model_num_handles                        0x2000244a   Data           8  ble_dis.o(.data)
    serial_num_handles                       0x20002452   Data           8  ble_dis.o(.data)
    hw_rev_handles                           0x2000245a   Data           8  ble_dis.o(.data)
    fw_rev_handles                           0x20002462   Data           8  ble_dis.o(.data)
    sw_rev_handles                           0x2000246a   Data           8  ble_dis.o(.data)
    sys_id_handles                           0x20002472   Data           8  ble_dis.o(.data)
    reg_cert_data_list_handles               0x2000247a   Data           8  ble_dis.o(.data)
    pnp_id_handles                           0x20002482   Data           8  ble_dis.o(.data)
    .data                                    0x2000248c   Section       41  app_timer.o(.data)
    m_node_array_size                        0x2000248c   Data           1  app_timer.o(.data)
    mp_nodes                                 0x20002490   Data           4  app_timer.o(.data)
    m_user_array_size                        0x20002494   Data           1  app_timer.o(.data)
    mp_users                                 0x20002498   Data           4  app_timer.o(.data)
    m_timer_id_head                          0x2000249c   Data           4  app_timer.o(.data)
    m_ticks_latest                           0x200024a0   Data           4  app_timer.o(.data)
    m_ticks_elapsed                          0x200024a4   Data           8  app_timer.o(.data)
    m_ticks_elapsed_q_read_ind               0x200024ac   Data           1  app_timer.o(.data)
    m_ticks_elapsed_q_write_ind              0x200024ad   Data           1  app_timer.o(.data)
    m_evt_schedule_func                      0x200024b0   Data           4  app_timer.o(.data)
    m_rtc1_running                           0x200024b4   Data           1  app_timer.o(.data)
    .data                                    0x200024b8   Section       20  softdevice_handler.o(.data)
    m_evt_schedule_func                      0x200024b8   Data           4  softdevice_handler.o(.data)
    m_evt_buffer                             0x200024bc   Data           4  softdevice_handler.o(.data)
    m_ble_evt_buffer_size                    0x200024c0   Data           2  softdevice_handler.o(.data)
    m_softdevice_enabled                     0x200024c2   Data           1  softdevice_handler.o(.data)
    m_ble_evt_handler                        0x200024c4   Data           4  softdevice_handler.o(.data)
    m_sys_evt_handler                        0x200024c8   Data           4  softdevice_handler.o(.data)
    .data                                    0x200024cc   Section       25  ble_conn_params.o(.data)
    m_preferred_conn_params                  0x200024cc   Data           8  ble_conn_params.o(.data)
    m_update_count                           0x200024d4   Data           1  ble_conn_params.o(.data)
    m_conn_handle                            0x200024d6   Data           2  ble_conn_params.o(.data)
    m_current_conn_params                    0x200024d8   Data           8  ble_conn_params.o(.data)
    m_conn_params_timer_id                   0x200024e0   Data           4  ble_conn_params.o(.data)
    m_change_param                           0x200024e4   Data           1  ble_conn_params.o(.data)
    .data                                    0x200024e8   Section       20  device_manager_peripheral.o(.data)
    m_storage_handle                         0x200024e8   Data           8  device_manager_peripheral.o(.data)
    m_peer_addr_update                       0x200024f0   Data           4  device_manager_peripheral.o(.data)
    m_module_initialized                     0x200024f4   Data           1  device_manager_peripheral.o(.data)
    m_irk_index_table                        0x200024f5   Data           7  device_manager_peripheral.o(.data)
    .data                                    0x200024fc   Section       16  pstorage.o(.data)
    m_next_app_instance                      0x200024fc   Data           2  pstorage.o(.data)
    m_next_page_addr                         0x20002500   Data           4  pstorage.o(.data)
    m_round_val                              0x20002504   Data           2  pstorage.o(.data)
    m_module_initialized                     0x20002506   Data           1  pstorage.o(.data)
    m_swap_state                             0x20002508   Data           4  pstorage.o(.data)
    .data                                    0x2000250c   Section        4  system_nrf51.o(.data)
    __tagsym$$used                           0x2000250c   Number         0  system_nrf51.o(.data)
    .bss                                     0x20002510   Section     1108  main.o(.bss)
    m_adv_params                             0x20002510   Data          20  main.o(.bss)
    m_cps                                    0x20002524   Data         152  main.o(.bss)
    m_bas                                    0x200025bc   Data          24  main.o(.bss)
    m_barometer                              0x200025d4   Data          24  main.o(.bss)
    m_hrs                                    0x200025ec   Data          80  main.o(.bss)
    m_power_sim_cfg                          0x2000263c   Data          16  main.o(.bss)
    m_battery_sim_cfg                        0x2000264c   Data          16  main.o(.bss)
    APP_TIMER_BUF                            0x2000265c   Data         696  main.o(.bss)
    EVT_BUFFER                               0x20002914   Data          80  main.o(.bss)
    .bss                                     0x20002964   Section       44  spi_master.o(.bss)
    m_spi_master_instances                   0x20002964   Data          44  spi_master.o(.bss)
    .bss                                     0x20002990   Section       40  mpu_9250.o(.bss)
    tx_data                                  0x20002990   Data          20  mpu_9250.o(.bss)
    rx_data                                  0x200029a4   Data          20  mpu_9250.o(.bss)
    .bss                                     0x200029b8   Section       40  ads8320.o(.bss)
    tx_data                                  0x200029b8   Data          20  ads8320.o(.bss)
    rx_data                                  0x200029cc   Data          20  ads8320.o(.bss)
    .bss                                     0x200029e0   Section       28  ble_conn_params.o(.bss)
    m_conn_params_config                     0x200029e0   Data          28  ble_conn_params.o(.bss)
    .bss                                     0x200029fc   Section      268  device_manager_peripheral.o(.bss)
    m_peer_table                             0x200029fc   Data         196  device_manager_peripheral.o(.bss)
    m_bond_table                             0x20002ac0   Data          24  device_manager_peripheral.o(.bss)
    m_gatts_table                            0x20002ad8   Data          24  device_manager_peripheral.o(.bss)
    m_connection_table                       0x20002af0   Data          12  device_manager_peripheral.o(.bss)
    m_application_table                      0x20002afc   Data          12  device_manager_peripheral.o(.bss)
    .bss                                     0x20002b08   Section      220  pstorage.o(.bss)
    m_cmd_queue                              0x20002b08   Data         204  pstorage.o(.bss)
    m_app_table                              0x20002bd4   Data          16  pstorage.o(.bss)
    .bss                                     0x20002be4   Section       96  libspace.o(.bss)
    HEAP                                     0x20002c48   Section     2048  arm_startup_nrf51.o(HEAP)
    Heap_Mem                                 0x20002c48   Data        2048  arm_startup_nrf51.o(HEAP)
    STACK                                    0x20003448   Section     2048  arm_startup_nrf51.o(STACK)
    Stack_Mem                                0x20003448   Data        2048  arm_startup_nrf51.o(STACK)
    __initial_sp                             0x20003c48   Data           0  arm_startup_nrf51.o(STACK)

    Global Symbols

    Symbol Name                              Value     Ov Type        Size  Object(Section)

    BuildAttributes$$THM_ISAv3M$S$PE$A:L22$X:L11$S22$IEEE1$IW$USESV6$~STKCKD$USESV7$ENUMINT$~SHL$OSPACE$ROPI$EBA8$UX$STANDARDLIB$REQ8$PRES8$EABIv2 0x00000000   Number         0  anon$$obj.o ABSOLUTE
    __ARM_use_no_argv                        0x00000000   Number         0  main.o ABSOLUTE
    __ARM_exceptions_init                     - Undefined Weak Reference
    __alloca_initialize                       - Undefined Weak Reference
    __arm_preinit_                            - Undefined Weak Reference
    __cpp_initialize__aeabi_                  - Undefined Weak Reference
    __cxa_finalize                            - Undefined Weak Reference
    __rt_locale                               - Undefined Weak Reference
    __sigvec_lookup                           - Undefined Weak Reference
    _atexit_init                              - Undefined Weak Reference
    _call_atexit_fns                          - Undefined Weak Reference
    _clock_init                               - Undefined Weak Reference
    _fp_trap_init                             - Undefined Weak Reference
    _fp_trap_shutdown                         - Undefined Weak Reference
    _get_lc_collate                           - Undefined Weak Reference
    _get_lc_ctype                             - Undefined Weak Reference
    _get_lc_monetary                          - Undefined Weak Reference
    _get_lc_numeric                           - Undefined Weak Reference
    _get_lc_time                              - Undefined Weak Reference
    _getenv_init                              - Undefined Weak Reference
    _handle_redirection                       - Undefined Weak Reference
    _init_alloc                               - Undefined Weak Reference
    _init_user_alloc                          - Undefined Weak Reference
    _initio                                   - Undefined Weak Reference
    _rand_init                                - Undefined Weak Reference
    _signal_finish                            - Undefined Weak Reference
    _signal_init                              - Undefined Weak Reference
    _terminate_alloc                          - Undefined Weak Reference
    _terminate_user_alloc                     - Undefined Weak Reference
    _terminateio                              - Undefined Weak Reference
    __Vectors_Size                           0x000000c0   Number         0  arm_startup_nrf51.o ABSOLUTE
    __Vectors                                0x00020000   Data           4  arm_startup_nrf51.o(RESET)
    __Vectors_End                            0x000200c0   Data           0  arm_startup_nrf51.o(RESET)
    __main                                   0x000200c1   Thumb Code     8  __main.o(!!!main)
    __scatterload                            0x000200c9   Thumb Code     0  __scatter.o(!!!scatter)
    __scatterload_rt2                        0x000200c9   Thumb Code    52  __scatter.o(!!!scatter)
    __scatterload_rt2_thumb_only             0x000200c9   Thumb Code     0  __scatter.o(!!!scatter)
    __scatterload_null                       0x000200d9   Thumb Code     0  __scatter.o(!!!scatter)
    __scatterload_copy                       0x00020105   Thumb Code    26  __scatter_copy.o(!!handler_copy)
    __scatterload_zeroinit                   0x00020121   Thumb Code    28  __scatter_zi.o(!!handler_zi)
    __rt_lib_init                            0x0002013d   Thumb Code     0  libinit.o(.ARM.Collect$$libinit$$00000000)
    __rt_lib_init_alloca_1                   0x0002013f   Thumb Code     0  libinit2.o(.ARM.Collect$$libinit$$0000002E)
    __rt_lib_init_argv_1                     0x0002013f   Thumb Code     0  libinit2.o(.ARM.Collect$$libinit$$0000002C)
    __rt_lib_init_atexit_1                   0x0002013f   Thumb Code     0  libinit2.o(.ARM.Collect$$libinit$$0000001B)
    __rt_lib_init_clock_1                    0x0002013f   Thumb Code     0  libinit2.o(.ARM.Collect$$libinit$$00000021)
    __rt_lib_init_cpp_1                      0x0002013f   Thumb Code     0  libinit2.o(.ARM.Collect$$libinit$$00000032)
    __rt_lib_init_exceptions_1               0x0002013f   Thumb Code     0  libinit2.o(.ARM.Collect$$libinit$$00000030)
    __rt_lib_init_fp_1                       0x0002013f   Thumb Code     0  libinit2.o(.ARM.Collect$$libinit$$00000002)
    __rt_lib_init_fp_trap_1                  0x0002013f   Thumb Code     0  libinit2.o(.ARM.Collect$$libinit$$0000001F)
    __rt_lib_init_getenv_1                   0x0002013f   Thumb Code     0  libinit2.o(.ARM.Collect$$libinit$$00000023)
    __rt_lib_init_heap_1                     0x0002013f   Thumb Code     0  libinit2.o(.ARM.Collect$$libinit$$0000000A)
    __rt_lib_init_lc_collate_1               0x0002013f   Thumb Code     0  libinit2.o(.ARM.Collect$$libinit$$00000011)
    __rt_lib_init_lc_ctype_1                 0x0002013f   Thumb Code     0  libinit2.o(.ARM.Collect$$libinit$$00000013)
    __rt_lib_init_lc_monetary_1              0x0002013f   Thumb Code     0  libinit2.o(.ARM.Collect$$libinit$$00000015)
    __rt_lib_init_lc_numeric_1               0x0002013f   Thumb Code     0  libinit2.o(.ARM.Collect$$libinit$$00000017)
    __rt_lib_init_lc_time_1                  0x0002013f   Thumb Code     0  libinit2.o(.ARM.Collect$$libinit$$00000019)
    __rt_lib_init_preinit_1                  0x0002013f   Thumb Code     0  libinit2.o(.ARM.Collect$$libinit$$00000004)
    __rt_lib_init_rand_1                     0x0002013f   Thumb Code     0  libinit2.o(.ARM.Collect$$libinit$$0000000E)
    __rt_lib_init_return                     0x0002013f   Thumb Code     0  libinit2.o(.ARM.Collect$$libinit$$00000033)
    __rt_lib_init_signal_1                   0x0002013f   Thumb Code     0  libinit2.o(.ARM.Collect$$libinit$$0000001D)
    __rt_lib_init_stdio_1                    0x0002013f   Thumb Code     0  libinit2.o(.ARM.Collect$$libinit$$00000025)
    __rt_lib_init_user_alloc_1               0x0002013f   Thumb Code     0  libinit2.o(.ARM.Collect$$libinit$$0000000C)
    __rt_lib_shutdown                        0x00020141   Thumb Code     0  libshutdown.o(.ARM.Collect$$libshutdown$$00000000)
    __rt_lib_shutdown_fp_trap_1              0x00020143   Thumb Code     0  libshutdown2.o(.ARM.Collect$$libshutdown$$00000006)
    __rt_lib_shutdown_heap_1                 0x00020143   Thumb Code     0  libshutdown2.o(.ARM.Collect$$libshutdown$$0000000E)
    __rt_lib_shutdown_return                 0x00020143   Thumb Code     0  libshutdown2.o(.ARM.Collect$$libshutdown$$0000000F)
    __rt_lib_shutdown_signal_1               0x00020143   Thumb Code     0  libshutdown2.o(.ARM.Collect$$libshutdown$$00000009)
    __rt_lib_shutdown_stdio_1                0x00020143   Thumb Code     0  libshutdown2.o(.ARM.Collect$$libshutdown$$00000003)
    __rt_lib_shutdown_user_alloc_1           0x00020143   Thumb Code     0  libshutdown2.o(.ARM.Collect$$libshutdown$$0000000B)
    __rt_entry                               0x00020145   Thumb Code     0  __rtentry.o(.ARM.Collect$$rtentry$$00000000)
    __rt_entry_presh_1                       0x00020145   Thumb Code     0  __rtentry2.o(.ARM.Collect$$rtentry$$00000002)
    __rt_entry_sh                            0x00020145   Thumb Code     0  __rtentry4.o(.ARM.Collect$$rtentry$$00000004)
    __rt_entry_li                            0x0002014b   Thumb Code     0  __rtentry2.o(.ARM.Collect$$rtentry$$0000000A)
    __rt_entry_postsh_1                      0x0002014b   Thumb Code     0  __rtentry2.o(.ARM.Collect$$rtentry$$00000009)
    __rt_entry_main                          0x0002014f   Thumb Code     0  __rtentry2.o(.ARM.Collect$$rtentry$$0000000D)
    __rt_entry_postli_1                      0x0002014f   Thumb Code     0  __rtentry2.o(.ARM.Collect$$rtentry$$0000000C)
    __rt_exit                                0x00020157   Thumb Code     0  rtexit.o(.ARM.Collect$$rtexit$$00000000)
    __rt_exit_ls                             0x00020159   Thumb Code     0  rtexit2.o(.ARM.Collect$$rtexit$$00000003)
    __rt_exit_prels_1                        0x00020159   Thumb Code     0  rtexit2.o(.ARM.Collect$$rtexit$$00000002)
    __rt_exit_exit                           0x0002015d   Thumb Code     0  rtexit2.o(.ARM.Collect$$rtexit$$00000004)
    __asm___18_twi_hw_master_sd_c_959ec897__nrf_delay_us 0x00020165   Thumb Code    30  twi_hw_master_sd.o(.emb_text)
    __asm___11_app_timer_c_cd27f9c3__nrf_delay_us 0x00020185   Thumb Code    30  app_timer.o(.emb_text)
    __asm___11_nrf_delay_c_532987f3__nrf_delay_us 0x000201a5   Thumb Code    30  nrf_delay.o(.emb_text)
    __aeabi_memcpy4                          0x000201c5   Thumb Code    56  rt_memcpy.o(.emb_text)
    __aeabi_memcpy8                          0x000201c5   Thumb Code     0  rt_memcpy.o(.emb_text)
    app_error_handler                        0x00020215   Thumb Code   144  main.o(.text)
    assert_nrf_callback                      0x000202a5   Thumb Code    18  main.o(.text)
    main                                     0x00020c77   Thumb Code   112  main.o(.text)
    SPI0_TWI0_IRQHandler                     0x00020edf   Thumb Code    44  spi_master.o(.text)
    spi_master_open                          0x00020feb   Thumb Code   340  spi_master.o(.text)
    spi_master_close                         0x0002113f   Thumb Code   226  spi_master.o(.text)
    spi_master_send_recv                     0x00021221   Thumb Code   300  spi_master.o(.text)
    twi_master_init                          0x00021515   Thumb Code   112  twi_hw_master_sd.o(.text)
    twi_master_transfer                      0x0002170d   Thumb Code    72  twi_hw_master_sd.o(.text)
    spi_master_mpu_event_handler             0x000217fb   Thumb Code    20  mpu_9250.o(.text)
    mpu9250_init                             0x0002180f   Thumb Code   106  mpu_9250.o(.text)
    mpu9250_whoami                           0x00021879   Thumb Code    66  mpu_9250.o(.text)
    mpu9250_read_acc                         0x000218bb   Thumb Code   100  mpu_9250.o(.text)
    mpu9250_read_gyro                        0x0002191f   Thumb Code   100  mpu_9250.o(.text)
    mpu9250_mag_whoami                       0x00021983   Thumb Code   114  mpu_9250.o(.text)
    mpu9250_read_mag                         0x000219f5   Thumb Code    82  mpu_9250.o(.text)
    ltc2942_init                             0x00021a79   Thumb Code    30  ltc_2942.o(.text)
    ltc2942_test                             0x00021a97   Thumb Code    34  ltc_2942.o(.text)
    ltc2942_read_voltage                     0x00021ab9   Thumb Code   134  ltc_2942.o(.text)
    ltc2942_read_temp                        0x00021b3f   Thumb Code    56  ltc_2942.o(.text)
    spi_master_ads_event_handler             0x00021be5   Thumb Code    20  ads8320.o(.text)
    ads8320_read                             0x00021bf9   Thumb Code    88  ads8320.o(.text)
    ble_dis_init                             0x00021e95   Thumb Code   386  ble_dis.o(.text)
    ble_bas_on_ble_evt                       0x000220e3   Thumb Code    58  ble_bas.o(.text)
    ble_bas_init                             0x000222dd   Thumb Code    66  ble_bas.o(.text)
    ble_bas_battery_level_update             0x0002231f   Thumb Code   118  ble_bas.o(.text)
    ble_hrs_on_ble_evt                       0x0002240b   Thumb Code    58  ble_hrs.o(.text)
    ble_hrs_init                             0x00022691   Thumb Code   108  ble_hrs.o(.text)
    ble_hrs_heart_rate_measurement_send      0x000226fd   Thumb Code    94  ble_hrs.o(.text)
    ble_hrs_rr_interval_add                  0x0002275b   Thumb Code    60  ble_hrs.o(.text)
    ble_hrs_rr_interval_buffer_is_full       0x00022797   Thumb Code    18  ble_hrs.o(.text)
    ble_hrs_sensor_contact_supported_set     0x000227a9   Thumb Code    20  ble_hrs.o(.text)
    ble_hrs_sensor_contact_detected_update   0x000227bd   Thumb Code     6  ble_hrs.o(.text)
    ble_hrs_body_sensor_location_set         0x000227c3   Thumb Code    24  ble_hrs.o(.text)
    ble_cps_on_ble_evt                       0x0002285f   Thumb Code    58  ble_cp.o(.text)
    ble_cps_init                             0x00022b81   Thumb Code   118  ble_cp.o(.text)
    ble_cps_measurement_send                 0x00022bf7   Thumb Code    94  ble_cp.o(.text)
    ble_cps_sensor_location_set              0x00022c55   Thumb Code    24  ble_cp.o(.text)
    ble_barometer_on_ble_evt                 0x00022cdf   Thumb Code    58  ble_barometer.o(.text)
    ble_barometer_init                       0x00022e45   Thumb Code   106  ble_barometer.o(.text)
    ble_barometer_send                       0x00022eaf   Thumb Code    94  ble_barometer.o(.text)
    ble_advdata_set                          0x0002348b   Thumb Code   122  ble_advdata.o(.text)
    ble_srv_report_ref_encode                0x0002351d   Thumb Code    60  ble_srv_common.o(.text)
    ble_srv_ascii_to_utf8                    0x00023559   Thumb Code    18  ble_srv_common.o(.text)
    ble_sensorsim_init                       0x000235a1   Thumb Code    26  ble_sensorsim.o(.text)
    ble_sensorsim_measure                    0x000235bb   Thumb Code    74  ble_sensorsim.o(.text)
    RTC1_IRQHandler                          0x00023dd3   Thumb Code    34  app_timer.o(.text)
    SWI0_IRQHandler                          0x00023df5   Thumb Code     8  app_timer.o(.text)
    app_timer_init                           0x00023dfd   Thumb Code   250  app_timer.o(.text)
    app_timer_create                         0x00023ef7   Thumb Code   108  app_timer.o(.text)
    app_timer_start                          0x00023f85   Thumb Code    98  app_timer.o(.text)
    app_timer_stop                           0x00023fe7   Thumb Code    60  app_timer.o(.text)
    app_timer_stop_all                       0x00024023   Thumb Code    26  app_timer.o(.text)
    app_timer_cnt_get                        0x0002403d   Thumb Code    14  app_timer.o(.text)
    app_timer_cnt_diff_compute               0x0002404b   Thumb Code    22  app_timer.o(.text)
    softdevice_assertion_handler             0x00024121   Thumb Code    18  softdevice_handler.o(.text)
    intern_softdevice_events_execute         0x00024133   Thumb Code   168  softdevice_handler.o(.text)
    softdevice_handler_init                  0x000241db   Thumb Code    84  softdevice_handler.o(.text)
    softdevice_handler_sd_disable            0x0002422f   Thumb Code    24  softdevice_handler.o(.text)
    softdevice_ble_evt_handler_set           0x00024247   Thumb Code    18  softdevice_handler.o(.text)
    softdevice_sys_evt_handler_set           0x00024259   Thumb Code    18  softdevice_handler.o(.text)
    SWI2_IRQHandler                          0x0002426b   Thumb Code    52  softdevice_handler.o(.text)
    ble_conn_params_init                     0x00024393   Thumb Code    90  ble_conn_params.o(.text)
    ble_conn_params_stop                     0x000243ed   Thumb Code    12  ble_conn_params.o(.text)
    ble_conn_params_on_ble_evt               0x0002453b   Thumb Code    62  ble_conn_params.o(.text)
    ble_conn_params_change_conn_params       0x00024579   Thumb Code    86  ble_conn_params.o(.text)
    dm_handle_initialize                     0x000248b7   Thumb Code    26  device_manager_peripheral.o(.text)
    dm_init                                  0x00024b09   Thumb Code   222  device_manager_peripheral.o(.text)
    dm_register                              0x00024be7   Thumb Code    98  device_manager_peripheral.o(.text)
    dm_security_setup_req                    0x00024c49   Thumb Code   140  device_manager_peripheral.o(.text)
    dm_security_status_req                   0x00024cd5   Thumb Code   158  device_manager_peripheral.o(.text)
    dm_whitelist_create                      0x00024d73   Thumb Code   194  device_manager_peripheral.o(.text)
    dm_device_add                            0x00024e35   Thumb Code     8  device_manager_peripheral.o(.text)
    dm_device_delete                         0x00024e3d   Thumb Code   140  device_manager_peripheral.o(.text)
    dm_device_delete_all                     0x00024ec9   Thumb Code    98  device_manager_peripheral.o(.text)
    dm_service_context_set                   0x00024f2b   Thumb Code   210  device_manager_peripheral.o(.text)
    dm_service_context_get                   0x00024ffd   Thumb Code   204  device_manager_peripheral.o(.text)
    dm_service_context_delete                0x000250c9   Thumb Code    96  device_manager_peripheral.o(.text)
    dm_application_context_set               0x00025129   Thumb Code     8  device_manager_peripheral.o(.text)
    dm_application_context_get               0x00025131   Thumb Code     8  device_manager_peripheral.o(.text)
    dm_application_context_delete            0x00025139   Thumb Code     8  device_manager_peripheral.o(.text)
    dm_application_instance_set              0x00025141   Thumb Code    74  device_manager_peripheral.o(.text)
    dm_peer_addr_set                         0x00025237   Thumb Code   228  device_manager_peripheral.o(.text)
    dm_peer_addr_get                         0x0002531b   Thumb Code   176  device_manager_peripheral.o(.text)
    bond_data_load                           0x000253cb   Thumb Code    62  device_manager_peripheral.o(.text)
    dm_ble_evt_handler                       0x00025409   Thumb Code  1322  device_manager_peripheral.o(.text)
    pstorage_sys_event_handler               0x00025f87   Thumb Code   326  pstorage.o(.text)
    pstorage_init                            0x000260cd   Thumb Code   196  pstorage.o(.text)
    pstorage_register                        0x00026191   Thumb Code   396  pstorage.o(.text)
    pstorage_block_identifier_get            0x0002631d   Thumb Code   136  pstorage.o(.text)
    pstorage_store                           0x000263a5   Thumb Code   202  pstorage.o(.text)
    pstorage_update                          0x0002646f   Thumb Code   202  pstorage.o(.text)
    pstorage_load                            0x00026539   Thumb Code   226  pstorage.o(.text)
    pstorage_clear                           0x0002661b   Thumb Code   184  pstorage.o(.text)
    pstorage_access_status_get               0x000266d3   Thumb Code    36  pstorage.o(.text)
    nrf_delay_ms                             0x00026715   Thumb Code    24  nrf_delay.o(.text)
    Reset_Handler                            0x00026731   Thumb Code    26  arm_startup_nrf51.o(.text)
    NMI_Handler                              0x0002674b   Thumb Code     2  arm_startup_nrf51.o(.text)
    HardFault_Handler                        0x0002674d   Thumb Code     2  arm_startup_nrf51.o(.text)
    SVC_Handler                              0x0002674f   Thumb Code     2  arm_startup_nrf51.o(.text)
    PendSV_Handler                           0x00026751   Thumb Code     2  arm_startup_nrf51.o(.text)
    SysTick_Handler                          0x00026753   Thumb Code     2  arm_startup_nrf51.o(.text)
    ADC_IRQHandler                           0x00026755   Thumb Code     0  arm_startup_nrf51.o(.text)
    CCM_AAR_IRQHandler                       0x00026755   Thumb Code     0  arm_startup_nrf51.o(.text)
    ECB_IRQHandler                           0x00026755   Thumb Code     0  arm_startup_nrf51.o(.text)
    GPIOTE_IRQHandler                        0x00026755   Thumb Code     0  arm_startup_nrf51.o(.text)
    LPCOMP_IRQHandler                        0x00026755   Thumb Code     0  arm_startup_nrf51.o(.text)
    POWER_CLOCK_IRQHandler                   0x00026755   Thumb Code     0  arm_startup_nrf51.o(.text)
    QDEC_IRQHandler                          0x00026755   Thumb Code     0  arm_startup_nrf51.o(.text)
    RADIO_IRQHandler                         0x00026755   Thumb Code     0  arm_startup_nrf51.o(.text)
    RNG_IRQHandler                           0x00026755   Thumb Code     0  arm_startup_nrf51.o(.text)
    RTC0_IRQHandler                          0x00026755   Thumb Code     0  arm_startup_nrf51.o(.text)
    SPI1_TWI1_IRQHandler                     0x00026755   Thumb Code     0  arm_startup_nrf51.o(.text)
    SWI1_IRQHandler                          0x00026755   Thumb Code     0  arm_startup_nrf51.o(.text)
    SWI3_IRQHandler                          0x00026755   Thumb Code     0  arm_startup_nrf51.o(.text)
    SWI4_IRQHandler                          0x00026755   Thumb Code     0  arm_startup_nrf51.o(.text)
    SWI5_IRQHandler                          0x00026755   Thumb Code     0  arm_startup_nrf51.o(.text)
    TEMP_IRQHandler                          0x00026755   Thumb Code     0  arm_startup_nrf51.o(.text)
    TIMER0_IRQHandler                        0x00026755   Thumb Code     0  arm_startup_nrf51.o(.text)
    TIMER1_IRQHandler                        0x00026755   Thumb Code     0  arm_startup_nrf51.o(.text)
    TIMER2_IRQHandler                        0x00026755   Thumb Code     0  arm_startup_nrf51.o(.text)
    UART0_IRQHandler                         0x00026755   Thumb Code     0  arm_startup_nrf51.o(.text)
    WDT_IRQHandler                           0x00026755   Thumb Code     0  arm_startup_nrf51.o(.text)
    __user_initial_stackheap                 0x00026759   Thumb Code     0  arm_startup_nrf51.o(.text)
    SystemCoreClockUpdate                    0x00026785   Thumb Code     8  system_nrf51.o(.text)
    SystemInit                               0x00026829   Thumb Code    38  system_nrf51.o(.text)
    memcmp                                   0x0002686d   Thumb Code    90  memcmp.o(.text)
    strlen                                   0x000268c9   Thumb Code    62  strlen.o(.text)
    __aeabi_memcpy                           0x0002690d   Thumb Code   130  rt_memcpy.o(.text)
    __rt_memcpy                              0x0002690d   Thumb Code     0  rt_memcpy.o(.text)
    __aeabi_memmove4                         0x0002698f   Thumb Code    70  rt_memmove.o(.text)
    __aeabi_memmove8                         0x0002698f   Thumb Code     0  rt_memmove.o(.text)
    __aeabi_memmove                          0x000269d5   Thumb Code    80  rt_memmove.o(.text)
    __rt_memmove                             0x000269d5   Thumb Code     0  rt_memmove.o(.text)
    _memset_w                                0x00026a25   Thumb Code    26  rt_memclr.o(.text)
    _memset                                  0x00026a3f   Thumb Code    30  rt_memclr.o(.text)
    __aeabi_memclr                           0x00026a5d   Thumb Code     4  rt_memclr.o(.text)
    __rt_memclr                              0x00026a5d   Thumb Code     0  rt_memclr.o(.text)
    __aeabi_memclr4                          0x00026a61   Thumb Code     0  rt_memclr.o(.text)
    __aeabi_memclr8                          0x00026a61   Thumb Code     0  rt_memclr.o(.text)
    __rt_memclr_w                            0x00026a61   Thumb Code     4  rt_memclr.o(.text)
    __aeabi_uidiv                            0x00026a65   Thumb Code     0  aeabi_sdiv.o(.text)
    __aeabi_uidivmod                         0x00026a65   Thumb Code    20  aeabi_sdiv.o(.text)
    __aeabi_idiv                             0x00026a79   Thumb Code     0  aeabi_sdiv.o(.text)
    __aeabi_idivmod                          0x00026a79   Thumb Code   326  aeabi_sdiv.o(.text)
    __use_two_region_memory                  0x00026bbf   Thumb Code     2  heapauxi.o(.text)
    __rt_heap_escrow$2region                 0x00026bc1   Thumb Code     2  heapauxi.o(.text)
    __rt_heap_expand$2region                 0x00026bc3   Thumb Code     2  heapauxi.o(.text)
    __aeabi_ddiv                             0x00026bc5   Thumb Code     0  ddiv.o(.text)
    _ddiv                                    0x00026bc5   Thumb Code  1072  ddiv.o(.text)
    _drdiv                                   0x00026ff5   Thumb Code    20  ddiv.o(.text)
    __aeabi_d2uiz                            0x0002700d   Thumb Code     0  dfixui.o(.text)
    _dfixu                                   0x0002700d   Thumb Code    68  dfixui.o(.text)
    __aeabi_dmul                             0x00027055   Thumb Code     0  dmul.o(.text)
    _dmul                                    0x00027055   Thumb Code   558  dmul.o(.text)
    __aeabi_f2d                              0x0002729d   Thumb Code     0  f2d.o(.text)
    _f2d                                     0x0002729d   Thumb Code    80  f2d.o(.text)
    __aeabi_f2uiz                            0x000272f1   Thumb Code     0  ffixui.o(.text)
    _ffixu                                   0x000272f1   Thumb Code    48  ffixui.o(.text)
    __aeabi_i2f_normalise                    0x00027321   Thumb Code    72  fflti.o(.text)
    __aeabi_i2f                              0x00027369   Thumb Code    16  fflti.o(.text)
    _fflt                                    0x00027369   Thumb Code     0  fflti.o(.text)
    __aeabi_ui2f                             0x00027379   Thumb Code     6  fflti.o(.text)
    _ffltu                                   0x00027379   Thumb Code     0  fflti.o(.text)
    __user_setup_stackheap                   0x0002737f   Thumb Code    62  sys_stackheap_outer.o(.text)
    exit                                     0x000273bd   Thumb Code    12  exit.o(.text)
    __user_libspace                          0x000273c9   Thumb Code     8  libspace.o(.text)
    __user_perproc_libspace                  0x000273c9   Thumb Code     0  libspace.o(.text)
    __user_perthread_libspace                0x000273c9   Thumb Code     0  libspace.o(.text)
    _sys_exit                                0x000273d1   Thumb Code     8  sys_exit.o(.text)
    __I$use$semihosting                      0x000273dd   Thumb Code     0  use_no_semi.o(.text)
    __use_no_semihosting_swi                 0x000273dd   Thumb Code     2  use_no_semi.o(.text)
    __ARM_common_switch8                     0x000273df   Thumb Code    28  pstorage.o(i.__ARM_common_switch8)
    __semihosting_library_function           0x000273df   Thumb Code     0  indicate_semi.o(.text)
    spi_master_evt_handler_reg               0x000273fd   Thumb Code    52  spi_master.o(i.spi_master_evt_handler_reg)
    __aeabi_fadd                             0x00027435   Thumb Code     0  faddsub.o(x$fpl$fadd)
    _fadd                                    0x00027435   Thumb Code   134  faddsub.o(x$fpl$fadd)
    __aeabi_fmul                             0x000274c1   Thumb Code     0  fmul.o(x$fpl$fmul)
    _fmul                                    0x000274c1   Thumb Code   172  fmul.o(x$fpl$fmul)
    __aeabi_fsub                             0x00027571   Thumb Code     0  faddsub.o(x$fpl$fsub)
    _fsub                                    0x00027571   Thumb Code   204  faddsub.o(x$fpl$fsub)
    __I$use$fp                               0x00027640   Number         0  usenofp.o(x$fpl$usenofp)
    adc_mul                                  0x00027640   Data           4  main.o(.constdata)
    bat_vol_mul                              0x00027644   Data           4  main.o(.constdata)
    bat_temp_mul                             0x00027648   Data           4  main.o(.constdata)
    m_service_context_store                  0x000276cc   Data          16  device_manager_peripheral.o(.constdata)
    m_service_context_load                   0x000276dc   Data          16  device_manager_peripheral.o(.constdata)
    m_service_context_apply                  0x000276ec   Data          16  device_manager_peripheral.o(.constdata)
    m_context_init_len                       0x000276fc   Data           4  device_manager_peripheral.o(.constdata)
    Region$$Table$$Base                      0x000277a8   Number         0  anon$$obj.o(Region$$Table)
    Region$$Table$$Limit                     0x000277c8   Number         0  anon$$obj.o(Region$$Table)
    power_counter                            0x20002400   Data           2  main.o(.data)
    barometer_counter                        0x20002402   Data           2  main.o(.data)
    m_error_code                             0x20002430   Data           4  main.o(.data)
    m_line_num                               0x20002434   Data           4  main.o(.data)
    m_p_file_name                            0x20002438   Data           4  main.o(.data)
    spi_done                                 0x2000243d   Data           1  mpu_9250.o(.data)
    spi_ads_done                             0x2000243e   Data           1  ads8320.o(.data)
    SystemCoreClock                          0x2000250c   Data           4  system_nrf51.o(.data)
    __libspace_start                         0x20002be4   Data          96  libspace.o(.bss)
    __temporary_stack_top$libspace           0x20002c44   Data           0  libspace.o(.bss)



==============================================================================

Memory Map of the image

  Image Entry point : 0x000200c1

  Load Region LR_IROM1 (Base: 0x00020000, Size: 0x000078d8, Max: 0x0001f000, ABSOLUTE)

    Execution Region ER_IROM1 (Base: 0x00020000, Size: 0x000077c8, Max: 0x0001f000, ABSOLUTE)

    Base Addr    Size         Type   Attr      Idx    E Section Name        Object

    0x00020000   0x000000c0   Data   RO         1009    RESET               arm_startup_nrf51.o
    0x000200c0   0x00000008   Code   RO         1062  * !!!main             c_p.l(__main.o)
    0x000200c8   0x0000003c   Code   RO         1252    !!!scatter          c_p.l(__scatter.o)
    0x00020104   0x0000001a   Code   RO         1254    !!handler_copy      c_p.l(__scatter_copy.o)
    0x0002011e   0x00000002   PAD
    0x00020120   0x0000001c   Code   RO         1256    !!handler_zi        c_p.l(__scatter_zi.o)
    0x0002013c   0x00000002   Code   RO         1122    .ARM.Collect$$libinit$$00000000  c_p.l(libinit.o)
    0x0002013e   0x00000000   Code   RO         1136    .ARM.Collect$$libinit$$00000002  c_p.l(libinit2.o)
    0x0002013e   0x00000000   Code   RO         1138    .ARM.Collect$$libinit$$00000004  c_p.l(libinit2.o)
    0x0002013e   0x00000000   Code   RO         1141    .ARM.Collect$$libinit$$0000000A  c_p.l(libinit2.o)
    0x0002013e   0x00000000   Code   RO         1143    .ARM.Collect$$libinit$$0000000C  c_p.l(libinit2.o)
    0x0002013e   0x00000000   Code   RO         1145    .ARM.Collect$$libinit$$0000000E  c_p.l(libinit2.o)
    0x0002013e   0x00000000   Code   RO         1148    .ARM.Collect$$libinit$$00000011  c_p.l(libinit2.o)
    0x0002013e   0x00000000   Code   RO         1150    .ARM.Collect$$libinit$$00000013  c_p.l(libinit2.o)
    0x0002013e   0x00000000   Code   RO         1152    .ARM.Collect$$libinit$$00000015  c_p.l(libinit2.o)
    0x0002013e   0x00000000   Code   RO         1154    .ARM.Collect$$libinit$$00000017  c_p.l(libinit2.o)
    0x0002013e   0x00000000   Code   RO         1156    .ARM.Collect$$libinit$$00000019  c_p.l(libinit2.o)
    0x0002013e   0x00000000   Code   RO         1158    .ARM.Collect$$libinit$$0000001B  c_p.l(libinit2.o)
    0x0002013e   0x00000000   Code   RO         1160    .ARM.Collect$$libinit$$0000001D  c_p.l(libinit2.o)
    0x0002013e   0x00000000   Code   RO         1162    .ARM.Collect$$libinit$$0000001F  c_p.l(libinit2.o)
    0x0002013e   0x00000000   Code   RO         1164    .ARM.Collect$$libinit$$00000021  c_p.l(libinit2.o)
    0x0002013e   0x00000000   Code   RO         1166    .ARM.Collect$$libinit$$00000023  c_p.l(libinit2.o)
    0x0002013e   0x00000000   Code   RO         1168    .ARM.Collect$$libinit$$00000025  c_p.l(libinit2.o)
    0x0002013e   0x00000000   Code   RO         1172    .ARM.Collect$$libinit$$0000002C  c_p.l(libinit2.o)
    0x0002013e   0x00000000   Code   RO         1174    .ARM.Collect$$libinit$$0000002E  c_p.l(libinit2.o)
    0x0002013e   0x00000000   Code   RO         1176    .ARM.Collect$$libinit$$00000030  c_p.l(libinit2.o)
    0x0002013e   0x00000000   Code   RO         1178    .ARM.Collect$$libinit$$00000032  c_p.l(libinit2.o)
    0x0002013e   0x00000002   Code   RO         1179    .ARM.Collect$$libinit$$00000033  c_p.l(libinit2.o)
    0x00020140   0x00000002   Code   RO         1210    .ARM.Collect$$libshutdown$$00000000  c_p.l(libshutdown.o)
    0x00020142   0x00000000   Code   RO         1237    .ARM.Collect$$libshutdown$$00000003  c_p.l(libshutdown2.o)
    0x00020142   0x00000000   Code   RO         1240    .ARM.Collect$$libshutdown$$00000006  c_p.l(libshutdown2.o)
    0x00020142   0x00000000   Code   RO         1243    .ARM.Collect$$libshutdown$$00000009  c_p.l(libshutdown2.o)
    0x00020142   0x00000000   Code   RO         1245    .ARM.Collect$$libshutdown$$0000000B  c_p.l(libshutdown2.o)
    0x00020142   0x00000000   Code   RO         1248    .ARM.Collect$$libshutdown$$0000000E  c_p.l(libshutdown2.o)
    0x00020142   0x00000002   Code   RO         1249    .ARM.Collect$$libshutdown$$0000000F  c_p.l(libshutdown2.o)
    0x00020144   0x00000000   Code   RO         1085    .ARM.Collect$$rtentry$$00000000  c_p.l(__rtentry.o)
    0x00020144   0x00000000   Code   RO         1092    .ARM.Collect$$rtentry$$00000002  c_p.l(__rtentry2.o)
    0x00020144   0x00000006   Code   RO         1104    .ARM.Collect$$rtentry$$00000004  c_p.l(__rtentry4.o)
    0x0002014a   0x00000000   Code   RO         1094    .ARM.Collect$$rtentry$$00000009  c_p.l(__rtentry2.o)
    0x0002014a   0x00000004   Code   RO         1095    .ARM.Collect$$rtentry$$0000000A  c_p.l(__rtentry2.o)
    0x0002014e   0x00000000   Code   RO         1097    .ARM.Collect$$rtentry$$0000000C  c_p.l(__rtentry2.o)
    0x0002014e   0x00000008   Code   RO         1098    .ARM.Collect$$rtentry$$0000000D  c_p.l(__rtentry2.o)
    0x00020156   0x00000002   Code   RO         1127    .ARM.Collect$$rtexit$$00000000  c_p.l(rtexit.o)
    0x00020158   0x00000000   Code   RO         1183    .ARM.Collect$$rtexit$$00000002  c_p.l(rtexit2.o)
    0x00020158   0x00000004   Code   RO         1184    .ARM.Collect$$rtexit$$00000003  c_p.l(rtexit2.o)
    0x0002015c   0x00000006   Code   RO         1185    .ARM.Collect$$rtexit$$00000004  c_p.l(rtexit2.o)
    0x00020162   0x00000002   PAD
    0x00020164   0x0000001e   Code   RO          303    .emb_text           twi_hw_master_sd.o
    0x00020182   0x00000002   PAD
    0x00020184   0x0000001e   Code   RO          658    .emb_text           app_timer.o
    0x000201a2   0x00000002   PAD
    0x000201a4   0x0000001e   Code   RO          985    .emb_text           nrf_delay.o
    0x000201c2   0x00000002   PAD
    0x000201c4   0x00000038   Code   RO         1046    .emb_text           c_p.l(rt_memcpy.o)
    0x000201fc   0x00000b80   Code   RO            3    .text               main.o
    0x00020d7c   0x000006c0   Code   RO          243    .text               spi_master.o
    0x0002143c   0x00000364   Code   RO          304    .text               twi_hw_master_sd.o
    0x000217a0   0x000002d8   Code   RO          346    .text               mpu_9250.o
    0x00021a78   0x00000114   Code   RO          377    .text               ltc_2942.o
    0x00021b8c   0x000000e8   Code   RO          400    .text               ads8320.o
    0x00021c74   0x00000410   Code   RO          423    .text               ble_dis.o
    0x00022084   0x00000320   Code   RO          479    .text               ble_bas.o
    0x000223a4   0x00000454   Code   RO          518    .text               ble_hrs.o
    0x000227f8   0x00000480   Code   RO          536    .text               ble_cp.o
    0x00022c78   0x000002a0   Code   RO          560    .text               ble_barometer.o
    0x00022f18   0x00000604   Code   RO          608    .text               ble_advdata.o
    0x0002351c   0x00000084   Code   RO          626    .text               ble_srv_common.o
    0x000235a0   0x00000064   Code   RO          641    .text               ble_sensorsim.o
    0x00023604   0x00000b1c   Code   RO          659    .text               app_timer.o
    0x00024120   0x000001cc   Code   RO          706    .text               softdevice_handler.o
    0x000242ec   0x00000308   Code   RO          765    .text               ble_conn_params.o
    0x000245f4   0x00001464   Code   RO          871    .text               device_manager_peripheral.o
    0x00025a58   0x00000cbc   Code   RO          908    .text               pstorage.o
    0x00026714   0x0000001c   Code   RO          986    .text               nrf_delay.o
    0x00026730   0x00000054   Code   RO         1010    .text               arm_startup_nrf51.o
    0x00026784   0x000000e8   Code   RO         1016    .text               system_nrf51.o
    0x0002686c   0x0000005a   Code   RO         1042    .text               c_p.l(memcmp.o)
    0x000268c6   0x00000002   PAD
    0x000268c8   0x00000044   Code   RO         1044    .text               c_p.l(strlen.o)
    0x0002690c   0x00000082   Code   RO         1047    .text               c_p.l(rt_memcpy.o)
    0x0002698e   0x00000096   Code   RO         1050    .text               c_p.l(rt_memmove.o)
    0x00026a24   0x00000040   Code   RO         1052    .text               c_p.l(rt_memclr.o)
    0x00026a64   0x0000015a   Code   RO         1056    .text               c_p.l(aeabi_sdiv.o)
    0x00026bbe   0x00000006   Code   RO         1060    .text               c_p.l(heapauxi.o)
    0x00026bc4   0x00000448   Code   RO         1064    .text               fz_ps.l(ddiv.o)
    0x0002700c   0x00000048   Code   RO         1067    .text               fz_ps.l(dfixui.o)
    0x00027054   0x00000248   Code   RO         1069    .text               fz_ps.l(dmul.o)
    0x0002729c   0x00000054   Code   RO         1071    .text               fz_ps.l(f2d.o)
    0x000272f0   0x00000030   Code   RO         1079    .text               fz_ps.l(ffixui.o)
    0x00027320   0x0000005e   Code   RO         1081    .text               fz_ps.l(fflti.o)
    0x0002737e   0x0000003e   Code   RO         1108    .text               c_p.l(sys_stackheap_outer.o)
    0x000273bc   0x0000000c   Code   RO         1111    .text               c_p.l(exit.o)
    0x000273c8   0x00000008   Code   RO         1123    .text               c_p.l(libspace.o)
    0x000273d0   0x0000000c   Code   RO         1180    .text               c_p.l(sys_exit.o)
    0x000273dc   0x00000002   Code   RO         1199    .text               c_p.l(use_no_semi.o)
    0x000273de   0x00000000   Code   RO         1201    .text               c_p.l(indicate_semi.o)
    0x000273de   0x0000001c   Code   RO          926    i.__ARM_common_switch8  pstorage.o
    0x000273fa   0x00000002   PAD
    0x000273fc   0x00000038   Code   RO          268    i.spi_master_evt_handler_reg  spi_master.o
    0x00027434   0x0000008c   Code   RO         1073    x$fpl$fadd          fz_ps.l(faddsub.o)
    0x000274c0   0x000000b0   Code   RO         1083    x$fpl$fmul          fz_ps.l(fmul.o)
    0x00027570   0x000000d0   Code   RO         1075    x$fpl$fsub          fz_ps.l(faddsub.o)
    0x00027640   0x00000000   Code   RO         1090    x$fpl$usenofp       fz_ps.l(usenofp.o)
    0x00027640   0x00000018   Data   RO            5    .constdata          main.o
    0x00027658   0x00000008   Data   RO          245    .constdata          spi_master.o
    0x00027660   0x00000040   Data   RO          348    .constdata          mpu_9250.o
    0x000276a0   0x0000001c   Data   RO          402    .constdata          ads8320.o
    0x000276bc   0x00000010   Data   RO          561    .constdata          ble_barometer.o
    0x000276cc   0x00000034   Data   RO          873    .constdata          device_manager_peripheral.o
    0x00027700   0x00000080   Data   RO         1065    .constdata          fz_ps.l(ddiv.o)
    0x00027780   0x00000028   Data   RO          246    .conststring        spi_master.o
    0x000277a8   0x00000020   Data   RO         1250    Region$$Table       anon$$obj.o


    Execution Region RW_IRAM1 (Base: 0x20002400, Size: 0x00001848, Max: 0x00001c00, ABSOLUTE)

    Base Addr    Size         Type   Attr      Idx    E Section Name        Object

    0x20002400   0x0000003d   Data   RW            6    .data               main.o
    0x2000243d   0x00000001   Data   RW          349    .data               mpu_9250.o
    0x2000243e   0x00000001   Data   RW          403    .data               ads8320.o
    0x2000243f   0x00000001   PAD
    0x20002440   0x0000004a   Data   RW          424    .data               ble_dis.o
    0x2000248a   0x00000002   PAD
    0x2000248c   0x00000029   Data   RW          660    .data               app_timer.o
    0x200024b5   0x00000003   PAD
    0x200024b8   0x00000014   Data   RW          707    .data               softdevice_handler.o
    0x200024cc   0x00000019   Data   RW          767    .data               ble_conn_params.o
    0x200024e5   0x00000003   PAD
    0x200024e8   0x00000014   Data   RW          874    .data               device_manager_peripheral.o
    0x200024fc   0x00000010   Data   RW          910    .data               pstorage.o
    0x2000250c   0x00000004   Data   RW         1017    .data               system_nrf51.o
    0x20002510   0x00000454   Zero   RW            4    .bss                main.o
    0x20002964   0x0000002c   Zero   RW          244    .bss                spi_master.o
    0x20002990   0x00000028   Zero   RW          347    .bss                mpu_9250.o
    0x200029b8   0x00000028   Zero   RW          401    .bss                ads8320.o
    0x200029e0   0x0000001c   Zero   RW          766    .bss                ble_conn_params.o
    0x200029fc   0x0000010c   Zero   RW          872    .bss                device_manager_peripheral.o
    0x20002b08   0x000000dc   Zero   RW          909    .bss                pstorage.o
    0x20002be4   0x00000060   Zero   RW         1124    .bss                c_p.l(libspace.o)
    0x20002c44   0x00000004   PAD
    0x20002c48   0x00000800   Zero   RW         1008    HEAP                arm_startup_nrf51.o
    0x20003448   0x00000800   Zero   RW         1007    STACK               arm_startup_nrf51.o


==============================================================================

Image component sizes


      Code (inc. data)   RO Data    RW Data    ZI Data      Debug   Object Name

       232         36         28          1         40       1963   ads8320.o
      2874        194          0         41          0      24709   app_timer.o
        84         36        192          0       4096        672   arm_startup_nrf51.o
      1540          6          0          0          0       8430   ble_advdata.o
       672         12         16          0          0       5717   ble_barometer.o
       800         16          0          0          0      33043   ble_bas.o
       776         38          0         25         28       7286   ble_conn_params.o
      1152         12          0          0          0      11911   ble_cp.o
      1040         92          0         74          0      31379   ble_dis.o
      1108         12          0          0          0       9166   ble_hrs.o
       100          0          0          0          0       1715   ble_sensorsim.o
       132         54          0          0          0       1522   ble_srv_common.o
      5220        286         52         20        268      24436   device_manager_peripheral.o
       276         22          0          0          0       1195   ltc_2942.o
      2944        272         24         61       1108      95598   main.o
       728         50         64          1         40       3189   mpu_9250.o
        58          4          0          0          0       1343   nrf_delay.o
      3288         94          0         16        220      12142   pstorage.o
       460         78          0         20          0      33544   softdevice_handler.o
      1784        114         48          0         44      26874   spi_master.o
       232         30          0          4          0       1289   system_nrf51.o
       898         76          0          0          0       3386   twi_hw_master_sd.o

    ----------------------------------------------------------------------
     26406       1534        456        272       5844     340509   Object Totals
         0          0         32          0          0          0   (incl. Generated)
         8          0          0          9          0          0   (incl. Padding)

    ----------------------------------------------------------------------

      Code (inc. data)   RO Data    RW Data    ZI Data      Debug   Library Member Name

         8          0          0          0          0         68   __main.o
         0          0          0          0          0          0   __rtentry.o
        12          0          0          0          0          0   __rtentry2.o
         6          0          0          0          0          0   __rtentry4.o
        60          8          0          0          0          0   __scatter.o
        26          0          0          0          0          0   __scatter_copy.o
        28          0          0          0          0          0   __scatter_zi.o
       346          0          0          0          0         92   aeabi_sdiv.o
        12          0          0          0          0         64   exit.o
         6          0          0          0          0        136   heapauxi.o
         0          0          0          0          0          0   indicate_semi.o
         2          0          0          0          0          0   libinit.o
         2          0          0          0          0          0   libinit2.o
         2          0          0          0          0          0   libshutdown.o
         2          0          0          0          0          0   libshutdown2.o
         8          4          0          0         96         68   libspace.o
        90          0          0          0          0         68   memcmp.o
        64          0          0          0          0        108   rt_memclr.o
       186          0          0          0          0        144   rt_memcpy.o
       150          0          0          0          0        104   rt_memmove.o
         2          0          0          0          0          0   rtexit.o
        10          0          0          0          0          0   rtexit2.o
        68          6          0          0          0         72   strlen.o
        12          4          0          0          0         60   sys_exit.o
        62          0          0          0          0         80   sys_stackheap_outer.o
         2          0          0          0          0         68   use_no_semi.o
      1096         26        128          0          0        112   ddiv.o
        72          4          0          0          0         68   dfixui.o
       584         26          0          0          0         84   dmul.o
        84          4          0          0          0         60   f2d.o
       348          8          0          0          0        160   faddsub.o
        48          0          0          0          0         60   ffixui.o
        94          0          0          0          0         92   fflti.o
       176          4          0          0          0         80   fmul.o
         0          0          0          0          0          0   usenofp.o

    ----------------------------------------------------------------------
      3674         94        128          0        100       1848   Library Totals
         6          0          0          0          4          0   (incl. Padding)

    ----------------------------------------------------------------------

      Code (inc. data)   RO Data    RW Data    ZI Data      Debug   Library Name

      1166         22          0          0         96       1132   c_p.l
      2502         72        128          0          0        716   fz_ps.l

    ----------------------------------------------------------------------
      3674         94        128          0        100       1848   Library Totals

    ----------------------------------------------------------------------

==============================================================================


      Code (inc. data)   RO Data    RW Data    ZI Data      Debug   

     30080       1628        584        272       5944     340089   Grand Totals
     30080       1628        584        272       5944     340089   ELF Image Totals
     30080       1628        584        272          0          0   ROM Totals

==============================================================================

    Total RO  Size (Code + RO Data)                30664 (  29.95kB)
    Total RW  Size (RW Data + ZI Data)              6216 (   6.07kB)
    Total ROM Size (Code + RO Data + RW Data)      30936 (  30.21kB)

==============================================================================

