Component: ARM Compiler 5.05 (build 41) Tool: armlink [4d0eb9]

==============================================================================

Section Cross References

    main.o(.text) refers to ltc_2942.o(.text) for ltc2942_read_voltage
    main.o(.text) refers to ble_bas.o(.text) for ble_bas_battery_level_update
    main.o(.text) refers to ads8320.o(.text) for ads8320_read
    main.o(.text) refers to fflti.o(.text) for __aeabi_ui2f
    main.o(.text) refers to fmul.o(x$fpl$fmul) for __aeabi_fmul
    main.o(.text) refers to mpu_9250.o(.text) for mpu9250_whoami
    main.o(.text) refers to ffixui.o(.text) for __aeabi_f2uiz
    main.o(.text) refers to ble_cp.o(.text) for ble_cps_measurement_send
    main.o(.text) refers to ble_hrs.o(.text) for ble_hrs_sensor_contact_detected_update
    main.o(.text) refers to app_timer.o(.text) for app_timer_init
    main.o(.text) refers to rt_memclr.o(.text) for __aeabi_memclr4
    main.o(.text) refers to ble_advdata.o(.text) for ble_advdata_set
    main.o(.text) refers to main.o(.data) for m_p_file_name
    main.o(.text) refers to main.o(.bss) for m_bas
    main.o(.text) refers to main.o(.constdata) for .constdata
    main.o(.text) refers to ble_srv_common.o(.text) for ble_srv_ascii_to_utf8
    main.o(.text) refers to ble_dis.o(.text) for ble_dis_init
    main.o(.text) refers to ble_sensorsim.o(.text) for ble_sensorsim_init
    main.o(.text) refers to pstorage.o(.text) for pstorage_access_status_get
    main.o(.text) refers to ble_conn_params.o(.text) for ble_conn_params_init
    main.o(.text) refers to device_manager_peripheral.o(.text) for dm_ble_evt_handler
    main.o(.text) refers to softdevice_handler.o(.text) for softdevice_handler_init
    main.o(.text) refers to twi_hw_master_sd.o(.text) for twi_master_init
    spi_master.o(.text) refers to main.o(.text) for app_error_handler
    spi_master.o(.text) refers to spi_master.o(.constdata) for .constdata
    spi_master.o(.text) refers to spi_master.o(.bss) for m_spi_master_instances
    twi_hw_master_sd.o(.text) refers to twi_hw_master_sd.o(.emb_text) for __asm___18_twi_hw_master_sd_c_959ec897__nrf_delay_us
    twi_hw_master_sd.o(.text) refers to main.o(.text) for assert_nrf_callback
    mpu_9250.o(.text) refers to rt_memcpy.o(.emb_text) for __aeabi_memcpy4
    mpu_9250.o(.text) refers to spi_master.o(.text) for spi_master_open
    mpu_9250.o(.text) refers to main.o(.text) for app_error_handler
    mpu_9250.o(.text) refers to spi_master.o(i.spi_master_evt_handler_reg) for spi_master_evt_handler_reg
    mpu_9250.o(.text) refers to nrf_delay.o(.text) for nrf_delay_ms
    mpu_9250.o(.text) refers to mpu_9250.o(.constdata) for .constdata
    mpu_9250.o(.text) refers to mpu_9250.o(.data) for spi_done
    mpu_9250.o(.text) refers to mpu_9250.o(.bss) for tx_data
    ltc_2942.o(.text) refers to twi_hw_master_sd.o(.text) for twi_master_transfer
    ltc_2942.o(.text) refers to fflti.o(.text) for __aeabi_ui2f
    ltc_2942.o(.text) refers to fmul.o(x$fpl$fmul) for __aeabi_fmul
    ltc_2942.o(.text) refers to faddsub.o(x$fpl$fsub) for __aeabi_fsub
    ltc_2942.o(.text) refers to f2d.o(.text) for __aeabi_f2d
    ltc_2942.o(.text) refers to ddiv.o(.text) for __aeabi_ddiv
    ltc_2942.o(.text) refers to dmul.o(.text) for __aeabi_dmul
    ltc_2942.o(.text) refers to dfixui.o(.text) for __aeabi_d2uiz
    ads8320.o(.text) refers to rt_memcpy.o(.emb_text) for __aeabi_memcpy4
    ads8320.o(.text) refers to spi_master.o(.text) for spi_master_open
    ads8320.o(.text) refers to main.o(.text) for app_error_handler
    ads8320.o(.text) refers to spi_master.o(i.spi_master_evt_handler_reg) for spi_master_evt_handler_reg
    ads8320.o(.text) refers to ads8320.o(.constdata) for .constdata
    ads8320.o(.text) refers to ads8320.o(.data) for spi_ads_done
    ads8320.o(.text) refers to ads8320.o(.bss) for rx_data
    ble_dis.o(.text) refers to main.o(.text) for app_error_handler
    ble_dis.o(.text) refers to rt_memclr.o(.text) for __aeabi_memclr4
    ble_dis.o(.text) refers to ble_dis.o(.data) for service_handle
    ble_bas.o(.text) refers to rt_memclr.o(.text) for __aeabi_memclr4
    ble_bas.o(.text) refers to ble_srv_common.o(.text) for ble_srv_report_ref_encode
    ble_hrs.o(.text) refers to rt_memmove.o(.text) for __aeabi_memmove
    ble_hrs.o(.text) refers to rt_memclr.o(.text) for __aeabi_memclr4
    ble_cp.o(.text) refers to rt_memclr.o(.text) for __aeabi_memclr4
    ble_error_log.o(.text) refers to rt_memcpy.o(.emb_text) for __aeabi_memcpy4
    ble_error_log.o(.text) refers to strncpy.o(.text) for strncpy
    ble_error_log.o(.text) refers to arm_startup_nrf51.o(RESET) for __Vectors
    ble_error_log.o(.text) refers to ble_error_log.o(.bss) for m_ble_error_log
    ble_advdata.o(.text) refers to rt_memcpy.o(.text) for __aeabi_memcpy
    ble_srv_common.o(.text) refers to main.o(.text) for app_error_handler
    ble_srv_common.o(.text) refers to strlen.o(.text) for strlen
[...]
    Removing ble_debug_assert_handler.o(.data), (8 bytes).
    Removing nrf_delay.o(.rev16_text), (4 bytes).
    Removing nrf_delay.o(.revsh_text), (4 bytes).
    Removing system_nrf51.o(.rev16_text), (4 bytes).
    Removing system_nrf51.o(.revsh_text), (4 bytes).
    Removing spi_master.o(i.spi_master_get_state), (56 bytes).

42 unused section(s) (total 1324 bytes) removed from the image.

==============================================================================

Image Symbol Table

    Local Symbols

    Symbol Name                              Value     Ov Type        Size  Object(Section)

    ../clib/angel/boardlib.s                 0x00000000   Number         0  boardinit2.o ABSOLUTE
    ../clib/angel/boardlib.s                 0x00000000   Number         0  boardinit3.o ABSOLUTE
    ../clib/angel/boardlib.s                 0x00000000   Number         0  boardinit1.o ABSOLUTE
    ../clib/angel/boardlib.s                 0x00000000   Number         0  boardshut.o ABSOLUTE
    ../clib/angel/handlers.s                 0x00000000   Number         0  __scatter_zi.o ABSOLUTE
    ../clib/angel/handlers.s                 0x00000000   Number         0  __scatter_copy.o ABSOLUTE
    ../clib/angel/kernel.s                   0x00000000   Number         0  rtexit.o ABSOLUTE
    ../clib/angel/kernel.s                   0x00000000   Number         0  __rtentry.o ABSOLUTE
    ../clib/angel/kernel.s                   0x00000000   Number         0  rtexit2.o ABSOLUTE
    ../clib/angel/kernel.s                   0x00000000   Number         0  __rtentry4.o ABSOLUTE
    ../clib/angel/kernel.s                   0x00000000   Number         0  __rtentry2.o ABSOLUTE
    ../clib/angel/rt.s                       0x00000000   Number         0  rt_raise.o ABSOLUTE
    ../clib/angel/rt.s                       0x00000000   Number         0  aeabi_idiv0.o ABSOLUTE
    ../clib/angel/rt.s                       0x00000000   Number         0  rt_div0.o ABSOLUTE
    ../clib/angel/rt.s                       0x00000000   Number         0  aeabi_idiv0_sigfpe.o ABSOLUTE
    ../clib/angel/scatterp.s                 0x00000000   Number         0  __scatter.o ABSOLUTE
    ../clib/angel/startup.s                  0x00000000   Number         0  __main.o ABSOLUTE
    ../clib/angel/sys.s                      0x00000000   Number         0  libspace.o ABSOLUTE
    ../clib/angel/sys.s                      0x00000000   Number         0  tempstk.o ABSOLUTE
    ../clib/angel/sys.s                      0x00000000   Number         0  sys_stackheap_outer.o ABSOLUTE
    ../clib/angel/sys.s                      0x00000000   Number         0  use_no_semi.o ABSOLUTE
    ../clib/angel/sys.s                      0x00000000   Number         0  indicate_semi.o ABSOLUTE
    ../clib/angel/sysapp.c                   0x00000000   Number         0  sys_exit.o ABSOLUTE
    ../clib/angel/sysapp.c                   0x00000000   Number         0  sys_wrch.o ABSOLUTE
    ../clib/angel/sysapp.c                   0x00000000   Number         0  sys_command.o ABSOLUTE
    ../clib/armsys.c                         0x00000000   Number         0  argv_veneer.o ABSOLUTE
    ../clib/armsys.c                         0x00000000   Number         0  _get_argv_nomalloc.o ABSOLUTE
    ../clib/armsys.c                         0x00000000   Number         0  no_argv.o ABSOLUTE
    ../clib/division.s                       0x00000000   Number         0  aeabi_sdiv_div0.o ABSOLUTE
    ../clib/division.s                       0x00000000   Number         0  aeabi_sdiv.o ABSOLUTE
    ../clib/heapalloc.c                      0x00000000   Number         0  hrguard.o ABSOLUTE
    ../clib/heapaux.c                        0x00000000   Number         0  heapauxi.o ABSOLUTE
    ../clib/libinit.s                        0x00000000   Number         0  libinit2.o ABSOLUTE
    ../clib/libinit.s                        0x00000000   Number         0  libshutdown2.o ABSOLUTE
    ../clib/libinit.s                        0x00000000   Number         0  libshutdown.o ABSOLUTE
    ../clib/libinit.s                        0x00000000   Number         0  libinit.o ABSOLUTE
    ../clib/memcpset.c                       0x00000000   Number         0  rt_memmove.o ABSOLUTE
    ../clib/memcpset.c                       0x00000000   Number         0  rt_memclr.o ABSOLUTE
    ../clib/memcpset.c                       0x00000000   Number         0  rt_memcpy.o ABSOLUTE
    ../clib/memcpset.c                       0x00000000   Number         0  rt_memcpy.o ABSOLUTE
    ../clib/signal.c                         0x00000000   Number         0  defsig_fpe_inner.o ABSOLUTE
    ../clib/signal.c                         0x00000000   Number         0  __raise.o ABSOLUTE
    ../clib/signal.c                         0x00000000   Number         0  defsig_rtmem_formal.o ABSOLUTE
    ../clib/signal.c                         0x00000000   Number         0  defsig_rtmem_outer.o ABSOLUTE
    ../clib/signal.c                         0x00000000   Number         0  defsig_rtmem_inner.o ABSOLUTE
    ../clib/signal.c                         0x00000000   Number         0  defsig_general.o ABSOLUTE
    ../clib/signal.c                         0x00000000   Number         0  defsig_rtred_inner.o ABSOLUTE
    ../clib/signal.c                         0x00000000   Number         0  defsig_abrt_inner.o ABSOLUTE
    ../clib/signal.c                         0x00000000   Number         0  defsig_cppl_inner.o ABSOLUTE
    ../clib/signal.c                         0x00000000   Number         0  defsig_other.o ABSOLUTE
    ../clib/signal.c                         0x00000000   Number         0  defsig_fpe_outer.o ABSOLUTE
    ../clib/signal.c                         0x00000000   Number         0  defsig_fpe_formal.o ABSOLUTE
    ../clib/signal.c                         0x00000000   Number         0  defsig_stak_inner.o ABSOLUTE
    ../clib/signal.c                         0x00000000   Number         0  defsig_pvfn_inner.o ABSOLUTE
    ../clib/signal.c                         0x00000000   Number         0  defsig_exit.o ABSOLUTE
    ../clib/signal.c                         0x00000000   Number         0  defsig_segv_inner.o ABSOLUTE
    ../clib/signal.s                         0x00000000   Number         0  defsig.o ABSOLUTE
    ../clib/stdlib.c                         0x00000000   Number         0  exit.o ABSOLUTE
    ../clib/string.c                         0x00000000   Number         0  strlen.o ABSOLUTE
    ../clib/string.c                         0x00000000   Number         0  memcmp.o ABSOLUTE
    ../clib/string.c                         0x00000000   Number         0  strncpy.o ABSOLUTE
    ../fplib/cfplib/ddiv.c                   0x00000000   Number         0  ddiv.o ABSOLUTE
    ../fplib/cfplib/dmul.c                   0x00000000   Number         0  dmul.o ABSOLUTE
    ../fplib/cfplib/f2d.c                    0x00000000   Number         0  f2d.o ABSOLUTE
    ../fplib/cfplib/ffix.c                   0x00000000   Number         0  dfixui.o ABSOLUTE
    ../fplib/cfplib/ffix.c                   0x00000000   Number         0  ffixui.o ABSOLUTE
    ../fplib/cfplib/fflt.c                   0x00000000   Number         0  fflti.o ABSOLUTE
    ../fplib/cfplib/fpinit.c                 0x00000000   Number         0  fpinit.o ABSOLUTE
    ../fplib/faddsub6m.s                     0x00000000   Number         0  faddsub.o ABSOLUTE
    ../fplib/fmul6m.s                        0x00000000   Number         0  fmul.o ABSOLUTE
    ../fplib/usenofp.s                       0x00000000   Number         0  usenofp.o ABSOLUTE
    ..\..\..\Source\app_common\app_timer.c   0x00000000   Number         0  app_timer.o ABSOLUTE
    ..\..\..\Source\app_common\app_trace.c   0x00000000   Number         0  app_trace.o ABSOLUTE
    ..\..\..\Source\app_common\crc16.c       0x00000000   Number         0  crc16.o ABSOLUTE
    ..\..\..\Source\app_common\pstorage.c    0x00000000   Number         0  pstorage.o ABSOLUTE
    ..\..\..\Source\ble\ble_advdata.c        0x00000000   Number         0  ble_advdata.o ABSOLUTE
    ..\..\..\Source\ble\ble_conn_params.c    0x00000000   Number         0  ble_conn_params.o ABSOLUTE
    ..\..\..\Source\ble\ble_debug_assert_handler.c 0x00000000   Number         0  ble_debug_assert_handler.o ABSOLUTE
    ..\..\..\Source\ble\ble_error_log.c      0x00000000   Number         0  ble_error_log.o ABSOLUTE
    ..\..\..\Source\ble\ble_sensorsim.c      0x00000000   Number         0  ble_sensorsim.o ABSOLUTE
    ..\..\..\Source\ble\ble_services\ble_bas.c 0x00000000   Number         0  ble_bas.o ABSOLUTE
    ..\..\..\Source\ble\ble_services\ble_cp.c 0x00000000   Number         0  ble_cp.o ABSOLUTE
    ..\..\..\Source\ble\ble_services\ble_dis.c 0x00000000   Number         0  ble_dis.o ABSOLUTE
    ..\..\..\Source\ble\ble_services\ble_hrs.c 0x00000000   Number         0  ble_hrs.o ABSOLUTE
    ..\..\..\Source\ble\ble_services\ble_srv_common.c 0x00000000   Number         0  ble_srv_common.o ABSOLUTE
    ..\..\..\Source\ble\device_manager\device_manager_peripheral.c 0x00000000   Number         0  device_manager_peripheral.o ABSOLUTE
    ..\..\..\Source\mpu_9250.c               0x00000000   Number         0  mpu_9250.o ABSOLUTE
    ..\..\..\Source\nrf_delay\nrf_delay.c    0x00000000   Number         0  nrf_delay.o ABSOLUTE
    ..\..\..\Source\sd_common\softdevice_handler.c 0x00000000   Number         0  softdevice_handler.o ABSOLUTE
    ..\..\..\Source\simple_uart\simple_uart.c 0x00000000   Number         0  simple_uart.o ABSOLUTE
    ..\..\..\Source\spi_master\spi_master.c  0x00000000   Number         0  spi_master.o ABSOLUTE
    ..\..\..\Source\twi_master\twi_hw_master_sd.c 0x00000000   Number         0  twi_hw_master_sd.o ABSOLUTE
    ..\ADS8320.c                             0x00000000   Number         0  ads8320.o ABSOLUTE
    ..\\..\\..\\Source\\app_common\\app_timer.c 0x00000000   Number         0  app_timer.o ABSOLUTE
    ..\\..\\..\\Source\\app_common\\app_trace.c 0x00000000   Number         0  app_trace.o ABSOLUTE
    ..\\..\\..\\Source\\app_common\\pstorage.c 0x00000000   Number         0  pstorage.o ABSOLUTE
    ..\\..\\..\\Source\\ble\\ble_debug_assert_handler.c 0x00000000   Number         0  ble_debug_assert_handler.o ABSOLUTE
    ..\\..\\..\\Source\\ble\\ble_error_log.c 0x00000000   Number         0  ble_error_log.o ABSOLUTE
    ..\\..\\..\\Source\\mpu_9250.c           0x00000000   Number         0  mpu_9250.o ABSOLUTE
    ..\\..\\..\\Source\\nrf_delay\\nrf_delay.c 0x00000000   Number         0  nrf_delay.o ABSOLUTE
    ..\\..\\..\\Source\\sd_common\\softdevice_handler.c 0x00000000   Number         0  softdevice_handler.o ABSOLUTE
    ..\\..\\..\\Source\\simple_uart\\simple_uart.c 0x00000000   Number         0  simple_uart.o ABSOLUTE
    ..\\..\\..\\Source\\spi_master\\spi_master.c 0x00000000   Number         0  spi_master.o ABSOLUTE
    ..\\..\\..\\Source\\twi_master\\twi_hw_master_sd.c 0x00000000   Number         0  twi_hw_master_sd.o ABSOLUTE
    ..\\ADS8320.c                            0x00000000   Number         0  ads8320.o ABSOLUTE
    ..\\ltc_2942.c                           0x00000000   Number         0  ltc_2942.o ABSOLUTE
    ..\\main.c                               0x00000000   Number         0  main.o ABSOLUTE
    ..\ltc_2942.c                            0x00000000   Number         0  ltc_2942.o ABSOLUTE
    ..\main.c                                0x00000000   Number         0  main.o ABSOLUTE
    RTE\Device\nRF51422_xxAA\arm_startup_nrf51.s 0x00000000   Number         0  arm_startup_nrf51.o ABSOLUTE
    RTE\Device\nRF51422_xxAA\system_nrf51.c  0x00000000   Number         0  system_nrf51.o ABSOLUTE
    RTE\\Device\\nRF51422_xxAA\\system_nrf51.c 0x00000000   Number         0  system_nrf51.o ABSOLUTE
    dc.s                                     0x00000000   Number         0  dc.o ABSOLUTE
    RESET                                    0x00020000   Section      192  arm_startup_nrf51.o(RESET)
    !!!main                                  0x000200c0   Section        8  __main.o(!!!main)
    !!!scatter                               0x000200c8   Section       60  __scatter.o(!!!scatter)
    !!handler_copy                           0x00020104   Section       26  __scatter_copy.o(!!handler_copy)
    !!handler_zi                             0x00020120   Section       28  __scatter_zi.o(!!handler_zi)
    .ARM.Collect$$libinit$$00000000          0x0002013c   Section        2  libinit.o(.ARM.Collect$$libinit$$00000000)
    .ARM.Collect$$libinit$$00000002          0x0002013e   Section        0  libinit2.o(.ARM.Collect$$libinit$$00000002)
    .ARM.Collect$$libinit$$00000004          0x0002013e   Section        0  libinit2.o(.ARM.Collect$$libinit$$00000004)
    .ARM.Collect$$libinit$$0000000A          0x0002013e   Section        0  libinit2.o(.ARM.Collect$$libinit$$0000000A)
    .ARM.Collect$$libinit$$0000000C          0x0002013e   Section        0  libinit2.o(.ARM.Collect$$libinit$$0000000C)
    .ARM.Collect$$libinit$$0000000E          0x0002013e   Section        0  libinit2.o(.ARM.Collect$$libinit$$0000000E)
    .ARM.Collect$$libinit$$00000011          0x0002013e   Section        0  libinit2.o(.ARM.Collect$$libinit$$00000011)
    .ARM.Collect$$libinit$$00000013          0x0002013e   Section        0  libinit2.o(.ARM.Collect$$libinit$$00000013)
    .ARM.Collect$$libinit$$00000015          0x0002013e   Section        0  libinit2.o(.ARM.Collect$$libinit$$00000015)
    .ARM.Collect$$libinit$$00000017          0x0002013e   Section        0  libinit2.o(.ARM.Collect$$libinit$$00000017)
    .ARM.Collect$$libinit$$00000019          0x0002013e   Section        0  libinit2.o(.ARM.Collect$$libinit$$00000019)
    .ARM.Collect$$libinit$$0000001B          0x0002013e   Section        0  libinit2.o(.ARM.Collect$$libinit$$0000001B)
    .ARM.Collect$$libinit$$0000001D          0x0002013e   Section        0  libinit2.o(.ARM.Collect$$libinit$$0000001D)
    .ARM.Collect$$libinit$$0000001F          0x0002013e   Section        0  libinit2.o(.ARM.Collect$$libinit$$0000001F)
    .ARM.Collect$$libinit$$00000021          0x0002013e   Section        0  libinit2.o(.ARM.Collect$$libinit$$00000021)
    .ARM.Collect$$libinit$$00000023          0x0002013e   Section        0  libinit2.o(.ARM.Collect$$libinit$$00000023)
    .ARM.Collect$$libinit$$00000025          0x0002013e   Section        0  libinit2.o(.ARM.Collect$$libinit$$00000025)
    .ARM.Collect$$libinit$$0000002C          0x0002013e   Section        0  libinit2.o(.ARM.Collect$$libinit$$0000002C)
    .ARM.Collect$$libinit$$0000002E          0x0002013e   Section        0  libinit2.o(.ARM.Collect$$libinit$$0000002E)
    .ARM.Collect$$libinit$$00000030          0x0002013e   Section        0  libinit2.o(.ARM.Collect$$libinit$$00000030)
    .ARM.Collect$$libinit$$00000032          0x0002013e   Section        0  libinit2.o(.ARM.Collect$$libinit$$00000032)
    .ARM.Collect$$libinit$$00000033          0x0002013e   Section        2  libinit2.o(.ARM.Collect$$libinit$$00000033)
    .ARM.Collect$$libshutdown$$00000000      0x00020140   Section        2  libshutdown.o(.ARM.Collect$$libshutdown$$00000000)
    .ARM.Collect$$libshutdown$$00000003      0x00020142   Section        0  libshutdown2.o(.ARM.Collect$$libshutdown$$00000003)
    .ARM.Collect$$libshutdown$$00000006      0x00020142   Section        0  libshutdown2.o(.ARM.Collect$$libshutdown$$00000006)
    .ARM.Collect$$libshutdown$$00000009      0x00020142   Section        0  libshutdown2.o(.ARM.Collect$$libshutdown$$00000009)
    .ARM.Collect$$libshutdown$$0000000B      0x00020142   Section        0  libshutdown2.o(.ARM.Collect$$libshutdown$$0000000B)
    .ARM.Collect$$libshutdown$$0000000E      0x00020142   Section        0  libshutdown2.o(.ARM.Collect$$libshutdown$$0000000E)
    .ARM.Collect$$libshutdown$$0000000F      0x00020142   Section        2  libshutdown2.o(.ARM.Collect$$libshutdown$$0000000F)
    .ARM.Collect$$rtentry$$00000000          0x00020144   Section        0  __rtentry.o(.ARM.Collect$$rtentry$$00000000)
    .ARM.Collect$$rtentry$$00000002          0x00020144   Section        0  __rtentry2.o(.ARM.Collect$$rtentry$$00000002)
    .ARM.Collect$$rtentry$$00000004          0x00020144   Section        6  __rtentry4.o(.ARM.Collect$$rtentry$$00000004)
    .ARM.Collect$$rtentry$$00000009          0x0002014a   Section        0  __rtentry2.o(.ARM.Collect$$rtentry$$00000009)
    .ARM.Collect$$rtentry$$0000000A          0x0002014a   Section        4  __rtentry2.o(.ARM.Collect$$rtentry$$0000000A)
    .ARM.Collect$$rtentry$$0000000C          0x0002014e   Section        0  __rtentry2.o(.ARM.Collect$$rtentry$$0000000C)
    .ARM.Collect$$rtentry$$0000000D          0x0002014e   Section        8  __rtentry2.o(.ARM.Collect$$rtentry$$0000000D)
    .ARM.Collect$$rtexit$$00000000           0x00020156   Section        2  rtexit.o(.ARM.Collect$$rtexit$$00000000)
    .ARM.Collect$$rtexit$$00000002           0x00020158   Section        0  rtexit2.o(.ARM.Collect$$rtexit$$00000002)
    .ARM.Collect$$rtexit$$00000003           0x00020158   Section        4  rtexit2.o(.ARM.Collect$$rtexit$$00000003)
    .ARM.Collect$$rtexit$$00000004           0x0002015c   Section        6  rtexit2.o(.ARM.Collect$$rtexit$$00000004)
    .emb_text                                0x00020164   Section       30  twi_hw_master_sd.o(.emb_text)
    .emb_text                                0x00020184   Section       30  app_timer.o(.emb_text)
    .emb_text                                0x000201a4   Section       30  nrf_delay.o(.emb_text)
    .emb_text                                0x000201c4   Section       56  rt_memcpy.o(.emb_text)
    .text                                    0x000201fc   Section        0  main.o(.text)
    nrf_gpio_cfg_sense_input                 0x000201fd   Thumb Code    24  main.o(.text)
    battery_level_update                     0x000202b7   Thumb Code    56  main.o(.text)
    battery_level_meas_timeout_handler       0x000202ef   Thumb Code    10  main.o(.text)
    power_value_update                       0x000202f9   Thumb Code   102  main.o(.text)
    power_value_meas_timeout_handler         0x0002035f   Thumb Code    10  main.o(.text)
    sensor_contact_detected_timeout_handler  0x00020369   Thumb Code    28  main.o(.text)
    leds_init                                0x00020385   Thumb Code    22  main.o(.text)
    timers_init                              0x0002039b   Thumb Code   164  main.o(.text)
    gap_params_init                          0x0002043f   Thumb Code   160  main.o(.text)
    advertising_init                         0x000204df   Thumb Code   114  main.o(.text)
    services_init                            0x00020551   Thumb Code   680  main.o(.text)
    sensor_sim_init                          0x000207f9   Thumb Code    50  main.o(.text)
    application_timers_start                 0x0002082b   Thumb Code   130  main.o(.text)
    advertising_start                        0x000208ad   Thumb Code    92  main.o(.text)
    on_conn_params_evt                       0x00020909   Thumb Code    48  main.o(.text)
    conn_params_error_handler                0x00020939   Thumb Code    22  main.o(.text)
    conn_params_init                         0x0002094f   Thumb Code    92  main.o(.text)
    on_ble_evt                               0x000209ab   Thumb Code   102  main.o(.text)
    on_sys_evt                               0x00020a11   Thumb Code    42  main.o(.text)
    ble_evt_dispatch                         0x00020a3b   Thumb Code    40  main.o(.text)
    sys_evt_dispatch                         0x00020a63   Thumb Code    18  main.o(.text)
    ble_stack_init                           0x00020a75   Thumb Code   210  main.o(.text)
    buttons_init                             0x00020b47   Thumb Code    24  main.o(.text)
    device_manager_evt_handler               0x00020b5f   Thumb Code    38  main.o(.text)
    device_manager_init                      0x00020b85   Thumb Code   212  main.o(.text)
    power_manage                             0x00020c59   Thumb Code    34  main.o(.text)
    nrf_gpio_cfg_output                      0x00020cf7   Thumb Code    18  main.o(.text)
    nrf_gpio_pin_set                         0x00020d09   Thumb Code    10  main.o(.text)
    nrf_gpio_pin_clear                       0x00020d13   Thumb Code    10  main.o(.text)
    current_int_priority_get                 0x00020d1d   Thumb Code    84  main.o(.text)
    .text                                    0x00020d90   Section        0  spi_master.o(.text)
    spi_master_signal_evt                    0x00020d91   Thumb Code    72  spi_master.o(.text)
    spi_master_buffer_release                0x00020dd9   Thumb Code    78  spi_master.o(.text)
    spi_master_send_recv_irq                 0x00020e27   Thumb Code   204  spi_master.o(.text)
    spi_master_init_hw_instance              0x00020f1f   Thumb Code    88  spi_master.o(.text)
    spi_master_buffer_init                   0x00020f77   Thumb Code   136  spi_master.o(.text)
    nrf_gpio_cfg_output                      0x00021361   Thumb Code    18  spi_master.o(.text)
    nrf_gpio_pin_set                         0x00021373   Thumb Code    10  spi_master.o(.text)
    nrf_gpio_pin_clear                       0x0002137d   Thumb Code    10  spi_master.o(.text)
    spi_master_get_instance                  0x00021387   Thumb Code    22  spi_master.o(.text)
    spi_master_send_initial_bytes            0x0002139d   Thumb Code   126  spi_master.o(.text)
    .text                                    0x00021450   Section        0  twi_hw_master_sd.o(.text)
    twi_master_clear_bus                     0x00021451   Thumb Code   216  twi_hw_master_sd.o(.text)
    twi_master_write                         0x00021599   Thumb Code   168  twi_hw_master_sd.o(.text)
    twi_master_read                          0x00021641   Thumb Code   224  twi_hw_master_sd.o(.text)
    .text                                    0x000217b4   Section        0  mpu_9250.o(.text)
    spi_MPU_init                             0x000217b5   Thumb Code    90  mpu_9250.o(.text)
    .text                                    0x00021a8c   Section        0  ltc_2942.o(.text)
    .text                                    0x00021ba0   Section        0  ads8320.o(.text)
    spi_ads_init                             0x00021ba1   Thumb Code    88  ads8320.o(.text)
    .text                                    0x00021c88   Section        0  ble_dis.o(.text)
    sys_id_encode                            0x00021c89   Thumb Code   160  ble_dis.o(.text)
    pnp_id_encode                            0x00021d29   Thumb Code   152  ble_dis.o(.text)
    char_add                                 0x00021dc1   Thumb Code   232  ble_dis.o(.text)
    uint16_encode                            0x0002202b   Thumb Code    18  ble_dis.o(.text)
    .text                                    0x00022098   Section        0  ble_bas.o(.text)
    on_connect                               0x00022099   Thumb Code     6  ble_bas.o(.text)
    on_disconnect                            0x0002209f   Thumb Code     8  ble_bas.o(.text)
    on_write                                 0x000220a7   Thumb Code    80  ble_bas.o(.text)
    battery_level_char_add                   0x00022131   Thumb Code   448  ble_bas.o(.text)
    .text                                    0x000223b8   Section        0  ble_hrs.o(.text)
    on_connect                               0x000223b9   Thumb Code     6  ble_hrs.o(.text)
    on_disconnect                            0x000223bf   Thumb Code     8  ble_hrs.o(.text)
    on_hrm_cccd_write                        0x000223c7   Thumb Code    62  ble_hrs.o(.text)
    on_write                                 0x00022405   Thumb Code    26  ble_hrs.o(.text)
    hrm_encode                               0x00022459   Thumb Code   186  ble_hrs.o(.text)
    heart_rate_measurement_char_add          0x00022513   Thumb Code   234  ble_hrs.o(.text)
    body_sensor_location_char_add            0x000225fd   Thumb Code   168  ble_hrs.o(.text)
    uint16_encode                            0x000227ef   Thumb Code    18  ble_hrs.o(.text)
    .text                                    0x0002280c   Section        0  ble_cp.o(.text)
    on_connect                               0x0002280d   Thumb Code     6  ble_cp.o(.text)
    on_disconnect                            0x00022813   Thumb Code     8  ble_cp.o(.text)
    on_meas_cccd_write                       0x0002281b   Thumb Code    62  ble_cp.o(.text)
    on_write                                 0x00022859   Thumb Code    26  ble_cp.o(.text)
    cp_measurement_encode                    0x000228ad   Thumb Code    44  ble_cp.o(.text)
    cp_measurement_char_add                  0x000228d9   Thumb Code   274  ble_cp.o(.text)
    cp_feature_char_add                      0x000229eb   Thumb Code   222  ble_cp.o(.text)
    cp_sensor_loc_char_add                   0x00022ac9   Thumb Code   204  ble_cp.o(.text)
    .text                                    0x00022c8c   Section        0  ble_advdata.o(.text)
    name_encode                              0x00022c8d   Thumb Code   150  ble_advdata.o(.text)
    appearance_encode                        0x00022d23   Thumb Code    74  ble_advdata.o(.text)
    uint8_array_encode                       0x00022d6d   Thumb Code    82  ble_advdata.o(.text)
    tx_power_level_encode                    0x00022dbf   Thumb Code    48  ble_advdata.o(.text)
    uuid_list_sized_encode                   0x00022def   Thumb Code   196  ble_advdata.o(.text)
    uuid_list_encode                         0x00022eb3   Thumb Code    64  ble_advdata.o(.text)
    conn_int_check                           0x00022ef3   Thumb Code    88  ble_advdata.o(.text)
    conn_int_encode                          0x00022f4b   Thumb Code    92  ble_advdata.o(.text)
    manuf_specific_data_encode               0x00022fa7   Thumb Code   106  ble_advdata.o(.text)
    service_data_encode                      0x00023011   Thumb Code   140  ble_advdata.o(.text)
    adv_data_encode                          0x0002309d   Thumb Code   304  ble_advdata.o(.text)
    advdata_check                            0x000231cd   Thumb Code    34  ble_advdata.o(.text)
    srdata_check                             0x000231ef   Thumb Code    16  ble_advdata.o(.text)
    uint16_encode                            0x00023279   Thumb Code    18  ble_advdata.o(.text)
    .text                                    0x00023290   Section        0  ble_srv_common.o(.text)
    .text                                    0x00023314   Section        0  ble_sensorsim.o(.text)
    .text                                    0x00023378   Section        0  app_timer.o(.text)
    NVIC_SetPriority                         0x00023379   Thumb Code   110  app_timer.o(.text)
    rtc1_init                                0x000233e7   Thumb Code    18  app_timer.o(.text)
    rtc1_start                               0x000233f9   Thumb Code    48  app_timer.o(.text)
    rtc1_stop                                0x00023429   Thumb Code    68  app_timer.o(.text)
    timer_list_insert                        0x0002346d   Thumb Code   212  app_timer.o(.text)
    timer_list_remove                        0x00023541   Thumb Code   170  app_timer.o(.text)
    timer_timeouts_check_sched               0x000235eb   Thumb Code    10  app_timer.o(.text)
    timer_list_handler_sched                 0x000235f5   Thumb Code    10  app_timer.o(.text)
    timeout_handler_exec                     0x000235ff   Thumb Code    60  app_timer.o(.text)
    timer_timeouts_check                     0x0002363b   Thumb Code   132  app_timer.o(.text)
    elapsed_ticks_acquire                    0x000236bf   Thumb Code    82  app_timer.o(.text)
    list_deletions_handler                   0x00023711   Thumb Code   276  app_timer.o(.text)
    expired_timers_handler                   0x00023825   Thumb Code   100  app_timer.o(.text)
    list_insertions_handler                  0x00023889   Thumb Code   264  app_timer.o(.text)
    compare_reg_update                       0x00023991   Thumb Code   124  app_timer.o(.text)
    timer_list_handler                       0x00023a0d   Thumb Code    70  app_timer.o(.text)
    user_op_enque                            0x00023a53   Thumb Code     4  app_timer.o(.text)
    user_op_alloc                            0x00023a57   Thumb Code    44  app_timer.o(.text)
    timer_start_op_schedule                  0x00023a83   Thumb Code    80  app_timer.o(.text)
    timer_stop_op_schedule                   0x00023ad3   Thumb Code    58  app_timer.o(.text)
    timer_stop_all_op_schedule               0x00023b0d   Thumb Code    58  app_timer.o(.text)
    user_id_get                              0x00023cd7   Thumb Code    34  app_timer.o(.text)
    NVIC_EnableIRQ                           0x00023dd5   Thumb Code    14  app_timer.o(.text)
    NVIC_SetPendingIRQ                       0x00023de3   Thumb Code    14  app_timer.o(.text)
    NVIC_ClearPendingIRQ                     0x00023df1   Thumb Code    16  app_timer.o(.text)
    current_int_priority_get                 0x00023e01   Thumb Code    84  app_timer.o(.text)
    rtc1_counter_get                         0x00023e55   Thumb Code     6  app_timer.o(.text)
    ticks_diff_get                           0x00023e5b   Thumb Code    10  app_timer.o(.text)
    .text                                    0x00023e94   Section        0  softdevice_handler.o(.text)
    .text                                    0x00024060   Section        0  ble_conn_params.o(.text)
    is_conn_params_ok                        0x00024061   Thumb Code    30  ble_conn_params.o(.text)
    update_timeout_handler                   0x0002407f   Thumb Code   136  ble_conn_params.o(.text)
    conn_params_negotiation                  0x0002416d   Thumb Code   126  ble_conn_params.o(.text)
    on_connect                               0x000241eb   Thumb Code    42  ble_conn_params.o(.text)
    on_disconnect                            0x00024215   Thumb Code    50  ble_conn_params.o(.text)
    on_write                                 0x00024247   Thumb Code    84  ble_conn_params.o(.text)
    on_conn_params_update                    0x0002429b   Thumb Code    20  ble_conn_params.o(.text)
    .text                                    0x00024368   Section        0  device_manager_peripheral.o(.text)
    connection_instance_find                 0x00024369   Thumb Code    64  device_manager_peripheral.o(.text)
    peer_instance_init                       0x000243a9   Thumb Code    76  device_manager_peripheral.o(.text)
    device_instance_free                     0x000243f5   Thumb Code    44  device_manager_peripheral.o(.text)
    device_instance_find                     0x00024421   Thumb Code    82  device_manager_peripheral.o(.text)
    connection_instance_init                 0x00024473   Thumb Code    50  device_manager_peripheral.o(.text)
    storage_operation_dummy_handler          0x000244a5   Thumb Code     8  device_manager_peripheral.o(.text)
    gatts_context_store                      0x000244ad   Thumb Code   184  device_manager_peripheral.o(.text)
    gattc_context_store                      0x00024565   Thumb Code     6  device_manager_peripheral.o(.text)
    gatts_context_load                       0x0002456b   Thumb Code    64  device_manager_peripheral.o(.text)
    gattc_context_load                       0x000245ab   Thumb Code     6  device_manager_peripheral.o(.text)
    gatts_context_apply                      0x000245b1   Thumb Code   116  device_manager_peripheral.o(.text)
    gattc_context_apply                      0x00024625   Thumb Code     6  device_manager_peripheral.o(.text)
    dm_pstorage_cb_handler                   0x00024645   Thumb Code   568  device_manager_peripheral.o(.text)
    device_context_store                     0x00024eff   Thumb Code   172  device_manager_peripheral.o(.text)
    update_status_bit_reset                  0x000256a7   Thumb Code    16  device_manager_peripheral.o(.text)
    device_instance_allocate                 0x000256b7   Thumb Code   118  device_manager_peripheral.o(.text)
    app_evt_notify                           0x0002572d   Thumb Code    24  device_manager_peripheral.o(.text)
    no_service_context_store                 0x00025745   Thumb Code     6  device_manager_peripheral.o(.text)
    gattsc_context_store                     0x0002574b   Thumb Code    30  device_manager_peripheral.o(.text)
    no_service_context_load                  0x00025769   Thumb Code     6  device_manager_peripheral.o(.text)
    gattsc_context_load                      0x0002576f   Thumb Code    30  device_manager_peripheral.o(.text)
    no_service_context_apply                 0x0002578d   Thumb Code     6  device_manager_peripheral.o(.text)
    gattsc_context_apply                     0x00025793   Thumb Code    26  device_manager_peripheral.o(.text)
    .text                                    0x000257cc   Section        0  pstorage.o(.text)
    cmd_queue_element_init                   0x000257cd   Thumb Code    56  pstorage.o(.text)
    cmd_queue_init                           0x00025805   Thumb Code    40  pstorage.o(.text)
    swap_state_process                       0x0002582d   Thumb Code   578  pstorage.o(.text)
    cmd_process                              0x00025a6f   Thumb Code   382  pstorage.o(.text)
    cmd_queue_enqueue                        0x00025bed   Thumb Code   138  pstorage.o(.text)
    cmd_queue_dequeue                        0x00025c77   Thumb Code    32  pstorage.o(.text)
    app_notify                               0x00025c97   Thumb Code   100  pstorage.o(.text)
    is_word_aligned                          0x0002646b   Thumb Code    18  pstorage.o(.text)
    .text                                    0x00026488   Section        0  nrf_delay.o(.text)
    .text                                    0x000264a4   Section       84  arm_startup_nrf51.o(.text)
    .text                                    0x000264f8   Section        0  system_nrf51.o(.text)
    is_disabled_in_debug_needed              0x00026501   Thumb Code    52  system_nrf51.o(.text)
    is_manual_peripheral_setup_needed        0x00026535   Thumb Code   104  system_nrf51.o(.text)
    .text                                    0x000265e0   Section        0  memcmp.o(.text)
    .text                                    0x0002663c   Section        0  strlen.o(.text)
    .text                                    0x00026680   Section        0  rt_memcpy.o(.text)
    .text                                    0x00026702   Section        0  rt_memmove.o(.text)
    .text                                    0x00026798   Section        0  rt_memclr.o(.text)
    .text                                    0x000267d8   Section      346  aeabi_sdiv.o(.text)
    .text                                    0x00026932   Section        0  heapauxi.o(.text)
    .text                                    0x00026938   Section        0  ddiv.o(.text)
    .text                                    0x00026d80   Section        0  dfixui.o(.text)
    .text                                    0x00026dc8   Section        0  dmul.o(.text)
    .text                                    0x00027010   Section        0  f2d.o(.text)
    .text                                    0x00027064   Section        0  ffixui.o(.text)
    .text                                    0x00027094   Section        0  fflti.o(.text)
    .text                                    0x000270f2   Section       62  sys_stackheap_outer.o(.text)
    .text                                    0x00027130   Section        0  exit.o(.text)
    .text                                    0x0002713c   Section        8  libspace.o(.text)
    .text                                    0x00027144   Section        0  sys_exit.o(.text)
    .text                                    0x00027150   Section        2  use_no_semi.o(.text)
    .text                                    0x00027152   Section        0  indicate_semi.o(.text)
    i.__ARM_common_switch8                   0x00027152   Section        0  pstorage.o(i.__ARM_common_switch8)
    i.spi_master_evt_handler_reg             0x00027170   Section        0  spi_master.o(i.spi_master_evt_handler_reg)
    x$fpl$fadd                               0x000271a8   Section      140  faddsub.o(x$fpl$fadd)
    _fadd1                                   0x000271b5   Thumb Code     0  faddsub.o(x$fpl$fadd)
    x$fpl$fmul                               0x00027234   Section      176  fmul.o(x$fpl$fmul)
    x$fpl$fsub                               0x000272e4   Section      208  faddsub.o(x$fpl$fsub)
    _fsub1                                   0x000272f1   Thumb Code     0  faddsub.o(x$fpl$fsub)
    .constdata                               0x000273b4   Section       24  main.o(.constdata)
    x$fpl$usenofp                            0x000273b4   Section        0  usenofp.o(x$fpl$usenofp)
    .constdata                               0x000273cc   Section        8  spi_master.o(.constdata)
    .constdata                               0x000273d4   Section       64  mpu_9250.o(.constdata)
    .constdata                               0x00027414   Section       28  ads8320.o(.constdata)
    .constdata                               0x00027430   Section       52  device_manager_peripheral.o(.constdata)
    .constdata                               0x00027464   Section      128  ddiv.o(.constdata)
    ddiv_reciptbl                            0x00027464   Data         128  ddiv.o(.constdata)
    .conststring                             0x000274e4   Section       40  spi_master.o(.conststring)
    .data                                    0x20002400   Section       49  main.o(.data)
    m_conn_handle                            0x20002402   Data           2  main.o(.data)
    m_power_sim_state                        0x20002404   Data           8  main.o(.data)
    m_battery_sim_state                      0x2000240c   Data           8  main.o(.data)
    m_power_timer_id                         0x20002414   Data           4  main.o(.data)
    m_battery_timer_id                       0x20002418   Data           4  main.o(.data)
    m_sensor_contact_timer_id                0x2000241c   Data           4  main.o(.data)
    m_cps_meas                               0x20002420   Data           2  main.o(.data)
    m_app_handle                             0x20002422   Data           1  main.o(.data)
    m_memory_access_in_progress              0x20002423   Data           1  main.o(.data)
    sensor_contact_detected                  0x20002430   Data           1  main.o(.data)
    .data                                    0x20002431   Section        1  mpu_9250.o(.data)
    .data                                    0x20002432   Section        1  ads8320.o(.data)
    .data                                    0x20002434   Section       74  ble_dis.o(.data)
    service_handle                           0x20002434   Data           2  ble_dis.o(.data)
    manufact_name_handles                    0x20002436   Data           8  ble_dis.o(.data)
    model_num_handles                        0x2000243e   Data           8  ble_dis.o(.data)
    serial_num_handles                       0x20002446   Data           8  ble_dis.o(.data)
    hw_rev_handles                           0x2000244e   Data           8  ble_dis.o(.data)
    fw_rev_handles                           0x20002456   Data           8  ble_dis.o(.data)
    sw_rev_handles                           0x2000245e   Data           8  ble_dis.o(.data)
    sys_id_handles                           0x20002466   Data           8  ble_dis.o(.data)
    reg_cert_data_list_handles               0x2000246e   Data           8  ble_dis.o(.data)
    pnp_id_handles                           0x20002476   Data           8  ble_dis.o(.data)
    .data                                    0x20002480   Section       41  app_timer.o(.data)
    m_node_array_size                        0x20002480   Data           1  app_timer.o(.data)
    mp_nodes                                 0x20002484   Data           4  app_timer.o(.data)
    m_user_array_size                        0x20002488   Data           1  app_timer.o(.data)
    mp_users                                 0x2000248c   Data           4  app_timer.o(.data)
    m_timer_id_head                          0x20002490   Data           4  app_timer.o(.data)
    m_ticks_latest                           0x20002494   Data           4  app_timer.o(.data)
    m_ticks_elapsed                          0x20002498   Data           8  app_timer.o(.data)
    m_ticks_elapsed_q_read_ind               0x200024a0   Data           1  app_timer.o(.data)
    m_ticks_elapsed_q_write_ind              0x200024a1   Data           1  app_timer.o(.data)
    m_evt_schedule_func                      0x200024a4   Data           4  app_timer.o(.data)
    m_rtc1_running                           0x200024a8   Data           1  app_timer.o(.data)
    .data                                    0x200024ac   Section       20  softdevice_handler.o(.data)
    m_evt_schedule_func                      0x200024ac   Data           4  softdevice_handler.o(.data)
    m_evt_buffer                             0x200024b0   Data           4  softdevice_handler.o(.data)
    m_ble_evt_buffer_size                    0x200024b4   Data           2  softdevice_handler.o(.data)
    m_softdevice_enabled                     0x200024b6   Data           1  softdevice_handler.o(.data)
    m_ble_evt_handler                        0x200024b8   Data           4  softdevice_handler.o(.data)
    m_sys_evt_handler                        0x200024bc   Data           4  softdevice_handler.o(.data)
    .data                                    0x200024c0   Section       25  ble_conn_params.o(.data)
    m_preferred_conn_params                  0x200024c0   Data           8  ble_conn_params.o(.data)
    m_update_count                           0x200024c8   Data           1  ble_conn_params.o(.data)
    m_conn_handle                            0x200024ca   Data           2  ble_conn_params.o(.data)
    m_current_conn_params                    0x200024cc   Data           8  ble_conn_params.o(.data)
    m_conn_params_timer_id                   0x200024d4   Data           4  ble_conn_params.o(.data)
    m_change_param                           0x200024d8   Data           1  ble_conn_params.o(.data)
    .data                                    0x200024dc   Section       20  device_manager_peripheral.o(.data)
    m_storage_handle                         0x200024dc   Data           8  device_manager_peripheral.o(.data)
    m_peer_addr_update                       0x200024e4   Data           4  device_manager_peripheral.o(.data)
    m_module_initialized                     0x200024e8   Data           1  device_manager_peripheral.o(.data)
    m_irk_index_table                        0x200024e9   Data           7  device_manager_peripheral.o(.data)
    .data                                    0x200024f0   Section       16  pstorage.o(.data)
    m_next_app_instance                      0x200024f0   Data           2  pstorage.o(.data)
    m_next_page_addr                         0x200024f4   Data           4  pstorage.o(.data)
    m_round_val                              0x200024f8   Data           2  pstorage.o(.data)
    m_module_initialized                     0x200024fa   Data           1  pstorage.o(.data)
    m_swap_state                             0x200024fc   Data           4  pstorage.o(.data)
    .data                                    0x20002500   Section        4  system_nrf51.o(.data)
    __tagsym$$used                           0x20002500   Number         0  system_nrf51.o(.data)
    .bss                                     0x20002504   Section     1084  main.o(.bss)
    m_adv_params                             0x20002504   Data          20  main.o(.bss)
    m_cps                                    0x20002518   Data         152  main.o(.bss)
    m_bas                                    0x200025b0   Data          24  main.o(.bss)
    m_hrs                                    0x200025c8   Data          80  main.o(.bss)
    m_power_sim_cfg                          0x20002618   Data          16  main.o(.bss)
    m_battery_sim_cfg                        0x20002628   Data          16  main.o(.bss)
    APP_TIMER_BUF                            0x20002638   Data         696  main.o(.bss)
    EVT_BUFFER                               0x200028f0   Data          80  main.o(.bss)
    .bss                                     0x20002940   Section       44  spi_master.o(.bss)
    m_spi_master_instances                   0x20002940   Data          44  spi_master.o(.bss)
    .bss                                     0x2000296c   Section       40  mpu_9250.o(.bss)
    tx_data                                  0x2000296c   Data          20  mpu_9250.o(.bss)
    rx_data                                  0x20002980   Data          20  mpu_9250.o(.bss)
    .bss                                     0x20002994   Section       40  ads8320.o(.bss)
    tx_data                                  0x20002994   Data          20  ads8320.o(.bss)
    rx_data                                  0x200029a8   Data          20  ads8320.o(.bss)
    .bss                                     0x200029bc   Section       28  ble_conn_params.o(.bss)
    m_conn_params_config                     0x200029bc   Data          28  ble_conn_params.o(.bss)
    .bss                                     0x200029d8   Section      268  device_manager_peripheral.o(.bss)
    m_peer_table                             0x200029d8   Data         196  device_manager_peripheral.o(.bss)
    m_bond_table                             0x20002a9c   Data          24  device_manager_peripheral.o(.bss)
    m_gatts_table                            0x20002ab4   Data          24  device_manager_peripheral.o(.bss)
    m_connection_table                       0x20002acc   Data          12  device_manager_peripheral.o(.bss)
    m_application_table                      0x20002ad8   Data          12  device_manager_peripheral.o(.bss)
    .bss                                     0x20002ae4   Section      220  pstorage.o(.bss)
    m_cmd_queue                              0x20002ae4   Data         204  pstorage.o(.bss)
    m_app_table                              0x20002bb0   Data          16  pstorage.o(.bss)
    .bss                                     0x20002bc0   Section       96  libspace.o(.bss)
    HEAP                                     0x20002c20   Section     2048  arm_startup_nrf51.o(HEAP)
    Heap_Mem                                 0x20002c20   Data        2048  arm_startup_nrf51.o(HEAP)
    STACK                                    0x20003420   Section     2048  arm_startup_nrf51.o(STACK)
    Stack_Mem                                0x20003420   Data        2048  arm_startup_nrf51.o(STACK)
    __initial_sp                             0x20003c20   Data           0  arm_startup_nrf51.o(STACK)

    Global Symbols

    Symbol Name                              Value     Ov Type        Size  Object(Section)

    BuildAttributes$$THM_ISAv3M$S$PE$A:L22$X:L11$S22$IEEE1$IW$USESV6$~STKCKD$USESV7$ENUMINT$~SHL$OSPACE$ROPI$EBA8$UX$STANDARDLIB$REQ8$PRES8$EABIv2 0x00000000   Number         0  anon$$obj.o ABSOLUTE
    __ARM_use_no_argv                        0x00000000   Number         0  main.o ABSOLUTE
    __ARM_exceptions_init                     - Undefined Weak Reference
    __alloca_initialize                       - Undefined Weak Reference
    __arm_preinit_                            - Undefined Weak Reference
    __cpp_initialize__aeabi_                  - Undefined Weak Reference
    __cxa_finalize                            - Undefined Weak Reference
    __rt_locale                               - Undefined Weak Reference
    __sigvec_lookup                           - Undefined Weak Reference
    _atexit_init                              - Undefined Weak Reference
    _call_atexit_fns                          - Undefined Weak Reference
    _clock_init                               - Undefined Weak Reference
    _fp_trap_init                             - Undefined Weak Reference
    _fp_trap_shutdown                         - Undefined Weak Reference
    _get_lc_collate                           - Undefined Weak Reference
    _get_lc_ctype                             - Undefined Weak Reference
    _get_lc_monetary                          - Undefined Weak Reference
    _get_lc_numeric                           - Undefined Weak Reference
    _get_lc_time                              - Undefined Weak Reference
    _getenv_init                              - Undefined Weak Reference
    _handle_redirection                       - Undefined Weak Reference
    _init_alloc                               - Undefined Weak Reference
    _init_user_alloc                          - Undefined Weak Reference
    _initio                                   - Undefined Weak Reference
    _rand_init                                - Undefined Weak Reference
    _signal_finish                            - Undefined Weak Reference
    _signal_init                              - Undefined Weak Reference
    _terminate_alloc                          - Undefined Weak Reference
    _terminate_user_alloc                     - Undefined Weak Reference
    _terminateio                              - Undefined Weak Reference
    __Vectors_Size                           0x000000c0   Number         0  arm_startup_nrf51.o ABSOLUTE
    __Vectors                                0x00020000   Data           4  arm_startup_nrf51.o(RESET)
    __Vectors_End                            0x000200c0   Data           0  arm_startup_nrf51.o(RESET)
    __main                                   0x000200c1   Thumb Code     8  __main.o(!!!main)
    __scatterload                            0x000200c9   Thumb Code     0  __scatter.o(!!!scatter)
    __scatterload_rt2                        0x000200c9   Thumb Code    52  __scatter.o(!!!scatter)
    __scatterload_rt2_thumb_only             0x000200c9   Thumb Code     0  __scatter.o(!!!scatter)
    __scatterload_null                       0x000200d9   Thumb Code     0  __scatter.o(!!!scatter)
    __scatterload_copy                       0x00020105   Thumb Code    26  __scatter_copy.o(!!handler_copy)
    __scatterload_zeroinit                   0x00020121   Thumb Code    28  __scatter_zi.o(!!handler_zi)
    __rt_lib_init                            0x0002013d   Thumb Code     0  libinit.o(.ARM.Collect$$libinit$$00000000)
    __rt_lib_init_alloca_1                   0x0002013f   Thumb Code     0  libinit2.o(.ARM.Collect$$libinit$$0000002E)
    __rt_lib_init_argv_1                     0x0002013f   Thumb Code     0  libinit2.o(.ARM.Collect$$libinit$$0000002C)
    __rt_lib_init_atexit_1                   0x0002013f   Thumb Code     0  libinit2.o(.ARM.Collect$$libinit$$0000001B)
    __rt_lib_init_clock_1                    0x0002013f   Thumb Code     0  libinit2.o(.ARM.Collect$$libinit$$00000021)
    __rt_lib_init_cpp_1                      0x0002013f   Thumb Code     0  libinit2.o(.ARM.Collect$$libinit$$00000032)
    __rt_lib_init_exceptions_1               0x0002013f   Thumb Code     0  libinit2.o(.ARM.Collect$$libinit$$00000030)
    __rt_lib_init_fp_1                       0x0002013f   Thumb Code     0  libinit2.o(.ARM.Collect$$libinit$$00000002)
    __rt_lib_init_fp_trap_1                  0x0002013f   Thumb Code     0  libinit2.o(.ARM.Collect$$libinit$$0000001F)
    __rt_lib_init_getenv_1                   0x0002013f   Thumb Code     0  libinit2.o(.ARM.Collect$$libinit$$00000023)
    __rt_lib_init_heap_1                     0x0002013f   Thumb Code     0  libinit2.o(.ARM.Collect$$libinit$$0000000A)
    __rt_lib_init_lc_collate_1               0x0002013f   Thumb Code     0  libinit2.o(.ARM.Collect$$libinit$$00000011)
    __rt_lib_init_lc_ctype_1                 0x0002013f   Thumb Code     0  libinit2.o(.ARM.Collect$$libinit$$00000013)
    __rt_lib_init_lc_monetary_1              0x0002013f   Thumb Code     0  libinit2.o(.ARM.Collect$$libinit$$00000015)
    __rt_lib_init_lc_numeric_1               0x0002013f   Thumb Code     0  libinit2.o(.ARM.Collect$$libinit$$00000017)
    __rt_lib_init_lc_time_1                  0x0002013f   Thumb Code     0  libinit2.o(.ARM.Collect$$libinit$$00000019)
    __rt_lib_init_preinit_1                  0x0002013f   Thumb Code     0  libinit2.o(.ARM.Collect$$libinit$$00000004)
    __rt_lib_init_rand_1                     0x0002013f   Thumb Code     0  libinit2.o(.ARM.Collect$$libinit$$0000000E)
    __rt_lib_init_return                     0x0002013f   Thumb Code     0  libinit2.o(.ARM.Collect$$libinit$$00000033)
    __rt_lib_init_signal_1                   0x0002013f   Thumb Code     0  libinit2.o(.ARM.Collect$$libinit$$0000001D)
    __rt_lib_init_stdio_1                    0x0002013f   Thumb Code     0  libinit2.o(.ARM.Collect$$libinit$$00000025)
    __rt_lib_init_user_alloc_1               0x0002013f   Thumb Code     0  libinit2.o(.ARM.Collect$$libinit$$0000000C)
    __rt_lib_shutdown                        0x00020141   Thumb Code     0  libshutdown.o(.ARM.Collect$$libshutdown$$00000000)
    __rt_lib_shutdown_fp_trap_1              0x00020143   Thumb Code     0  libshutdown2.o(.ARM.Collect$$libshutdown$$00000006)
    __rt_lib_shutdown_heap_1                 0x00020143   Thumb Code     0  libshutdown2.o(.ARM.Collect$$libshutdown$$0000000E)
    __rt_lib_shutdown_return                 0x00020143   Thumb Code     0  libshutdown2.o(.ARM.Collect$$libshutdown$$0000000F)
    __rt_lib_shutdown_signal_1               0x00020143   Thumb Code     0  libshutdown2.o(.ARM.Collect$$libshutdown$$00000009)
    __rt_lib_shutdown_stdio_1                0x00020143   Thumb Code     0  libshutdown2.o(.ARM.Collect$$libshutdown$$00000003)
    __rt_lib_shutdown_user_alloc_1           0x00020143   Thumb Code     0  libshutdown2.o(.ARM.Collect$$libshutdown$$0000000B)
    __rt_entry                               0x00020145   Thumb Code     0  __rtentry.o(.ARM.Collect$$rtentry$$00000000)
    __rt_entry_presh_1                       0x00020145   Thumb Code     0  __rtentry2.o(.ARM.Collect$$rtentry$$00000002)
    __rt_entry_sh                            0x00020145   Thumb Code     0  __rtentry4.o(.ARM.Collect$$rtentry$$00000004)
    __rt_entry_li                            0x0002014b   Thumb Code     0  __rtentry2.o(.ARM.Collect$$rtentry$$0000000A)
    __rt_entry_postsh_1                      0x0002014b   Thumb Code     0  __rtentry2.o(.ARM.Collect$$rtentry$$00000009)
    __rt_entry_main                          0x0002014f   Thumb Code     0  __rtentry2.o(.ARM.Collect$$rtentry$$0000000D)
    __rt_entry_postli_1                      0x0002014f   Thumb Code     0  __rtentry2.o(.ARM.Collect$$rtentry$$0000000C)
    __rt_exit                                0x00020157   Thumb Code     0  rtexit.o(.ARM.Collect$$rtexit$$00000000)
    __rt_exit_ls                             0x00020159   Thumb Code     0  rtexit2.o(.ARM.Collect$$rtexit$$00000003)
    __rt_exit_prels_1                        0x00020159   Thumb Code     0  rtexit2.o(.ARM.Collect$$rtexit$$00000002)
    __rt_exit_exit                           0x0002015d   Thumb Code     0  rtexit2.o(.ARM.Collect$$rtexit$$00000004)
    __asm___18_twi_hw_master_sd_c_959ec897__nrf_delay_us 0x00020165   Thumb Code    30  twi_hw_master_sd.o(.emb_text)
    __asm___11_app_timer_c_cd27f9c3__nrf_delay_us 0x00020185   Thumb Code    30  app_timer.o(.emb_text)
    __asm___11_nrf_delay_c_532987f3__nrf_delay_us 0x000201a5   Thumb Code    30  nrf_delay.o(.emb_text)
    __aeabi_memcpy4                          0x000201c5   Thumb Code    56  rt_memcpy.o(.emb_text)
    __aeabi_memcpy8                          0x000201c5   Thumb Code     0  rt_memcpy.o(.emb_text)
    app_error_handler                        0x00020215   Thumb Code   144  main.o(.text)
    assert_nrf_callback                      0x000202a5   Thumb Code    18  main.o(.text)
    main                                     0x00020c7b   Thumb Code   124  main.o(.text)
    SPI0_TWI0_IRQHandler                     0x00020ef3   Thumb Code    44  spi_master.o(.text)
    spi_master_open                          0x00020fff   Thumb Code   340  spi_master.o(.text)
    spi_master_close                         0x00021153   Thumb Code   226  spi_master.o(.text)
    spi_master_send_recv                     0x00021235   Thumb Code   300  spi_master.o(.text)
    twi_master_init                          0x00021529   Thumb Code   112  twi_hw_master_sd.o(.text)
    twi_master_transfer                      0x00021721   Thumb Code    72  twi_hw_master_sd.o(.text)
    spi_master_mpu_event_handler             0x0002180f   Thumb Code    20  mpu_9250.o(.text)
    mpu9250_init                             0x00021823   Thumb Code   106  mpu_9250.o(.text)
    mpu9250_whoami                           0x0002188d   Thumb Code    66  mpu_9250.o(.text)
    mpu9250_read_acc                         0x000218cf   Thumb Code   100  mpu_9250.o(.text)
    mpu9250_read_gyro                        0x00021933   Thumb Code   100  mpu_9250.o(.text)
    mpu9250_mag_whoami                       0x00021997   Thumb Code   114  mpu_9250.o(.text)
    mpu9250_read_mag                         0x00021a09   Thumb Code    82  mpu_9250.o(.text)
    ltc2942_init                             0x00021a8d   Thumb Code    30  ltc_2942.o(.text)
    ltc2942_test                             0x00021aab   Thumb Code    34  ltc_2942.o(.text)
    ltc2942_read_voltage                     0x00021acd   Thumb Code   134  ltc_2942.o(.text)
    ltc2942_read_temp                        0x00021b53   Thumb Code    56  ltc_2942.o(.text)
    spi_master_ads_event_handler             0x00021bf9   Thumb Code    20  ads8320.o(.text)
    ads8320_read                             0x00021c0d   Thumb Code    88  ads8320.o(.text)
    ble_dis_init                             0x00021ea9   Thumb Code   386  ble_dis.o(.text)
    ble_bas_on_ble_evt                       0x000220f7   Thumb Code    58  ble_bas.o(.text)
    ble_bas_init                             0x000222f1   Thumb Code    66  ble_bas.o(.text)
    ble_bas_battery_level_update             0x00022333   Thumb Code   118  ble_bas.o(.text)
    ble_hrs_on_ble_evt                       0x0002241f   Thumb Code    58  ble_hrs.o(.text)
    ble_hrs_init                             0x000226a5   Thumb Code   108  ble_hrs.o(.text)
    ble_hrs_heart_rate_measurement_send      0x00022711   Thumb Code    94  ble_hrs.o(.text)
    ble_hrs_rr_interval_add                  0x0002276f   Thumb Code    60  ble_hrs.o(.text)
    ble_hrs_rr_interval_buffer_is_full       0x000227ab   Thumb Code    18  ble_hrs.o(.text)
    ble_hrs_sensor_contact_supported_set     0x000227bd   Thumb Code    20  ble_hrs.o(.text)
    ble_hrs_sensor_contact_detected_update   0x000227d1   Thumb Code     6  ble_hrs.o(.text)
    ble_hrs_body_sensor_location_set         0x000227d7   Thumb Code    24  ble_hrs.o(.text)
    ble_cps_on_ble_evt                       0x00022873   Thumb Code    58  ble_cp.o(.text)
    ble_cps_init                             0x00022b95   Thumb Code   118  ble_cp.o(.text)
    ble_cps_measurement_send                 0x00022c0b   Thumb Code    94  ble_cp.o(.text)
    ble_cps_sensor_location_set              0x00022c69   Thumb Code    24  ble_cp.o(.text)
    ble_advdata_set                          0x000231ff   Thumb Code   122  ble_advdata.o(.text)
    ble_srv_report_ref_encode                0x00023291   Thumb Code    60  ble_srv_common.o(.text)
    ble_srv_ascii_to_utf8                    0x000232cd   Thumb Code    18  ble_srv_common.o(.text)
    ble_sensorsim_init                       0x00023315   Thumb Code    26  ble_sensorsim.o(.text)
    ble_sensorsim_measure                    0x0002332f   Thumb Code    74  ble_sensorsim.o(.text)
    RTC1_IRQHandler                          0x00023b47   Thumb Code    34  app_timer.o(.text)
    SWI0_IRQHandler                          0x00023b69   Thumb Code     8  app_timer.o(.text)
    app_timer_init                           0x00023b71   Thumb Code   250  app_timer.o(.text)
    app_timer_create                         0x00023c6b   Thumb Code   108  app_timer.o(.text)
    app_timer_start                          0x00023cf9   Thumb Code    98  app_timer.o(.text)
    app_timer_stop                           0x00023d5b   Thumb Code    60  app_timer.o(.text)
    app_timer_stop_all                       0x00023d97   Thumb Code    26  app_timer.o(.text)
    app_timer_cnt_get                        0x00023db1   Thumb Code    14  app_timer.o(.text)
    app_timer_cnt_diff_compute               0x00023dbf   Thumb Code    22  app_timer.o(.text)
    softdevice_assertion_handler             0x00023e95   Thumb Code    18  softdevice_handler.o(.text)
    intern_softdevice_events_execute         0x00023ea7   Thumb Code   168  softdevice_handler.o(.text)
    softdevice_handler_init                  0x00023f4f   Thumb Code    84  softdevice_handler.o(.text)
    softdevice_handler_sd_disable            0x00023fa3   Thumb Code    24  softdevice_handler.o(.text)
    softdevice_ble_evt_handler_set           0x00023fbb   Thumb Code    18  softdevice_handler.o(.text)
    softdevice_sys_evt_handler_set           0x00023fcd   Thumb Code    18  softdevice_handler.o(.text)
    SWI2_IRQHandler                          0x00023fdf   Thumb Code    52  softdevice_handler.o(.text)
    ble_conn_params_init                     0x00024107   Thumb Code    90  ble_conn_params.o(.text)
    ble_conn_params_stop                     0x00024161   Thumb Code    12  ble_conn_params.o(.text)
    ble_conn_params_on_ble_evt               0x000242af   Thumb Code    62  ble_conn_params.o(.text)
    ble_conn_params_change_conn_params       0x000242ed   Thumb Code    86  ble_conn_params.o(.text)
    dm_handle_initialize                     0x0002462b   Thumb Code    26  device_manager_peripheral.o(.text)
    dm_init                                  0x0002487d   Thumb Code   222  device_manager_peripheral.o(.text)
    dm_register                              0x0002495b   Thumb Code    98  device_manager_peripheral.o(.text)
    dm_security_setup_req                    0x000249bd   Thumb Code   140  device_manager_peripheral.o(.text)
    dm_security_status_req                   0x00024a49   Thumb Code   158  device_manager_peripheral.o(.text)
    dm_whitelist_create                      0x00024ae7   Thumb Code   194  device_manager_peripheral.o(.text)
    dm_device_add                            0x00024ba9   Thumb Code     8  device_manager_peripheral.o(.text)
    dm_device_delete                         0x00024bb1   Thumb Code   140  device_manager_peripheral.o(.text)
    dm_device_delete_all                     0x00024c3d   Thumb Code    98  device_manager_peripheral.o(.text)
    dm_service_context_set                   0x00024c9f   Thumb Code   210  device_manager_peripheral.o(.text)
    dm_service_context_get                   0x00024d71   Thumb Code   204  device_manager_peripheral.o(.text)
    dm_service_context_delete                0x00024e3d   Thumb Code    96  device_manager_peripheral.o(.text)
    dm_application_context_set               0x00024e9d   Thumb Code     8  device_manager_peripheral.o(.text)
    dm_application_context_get               0x00024ea5   Thumb Code     8  device_manager_peripheral.o(.text)
    dm_application_context_delete            0x00024ead   Thumb Code     8  device_manager_peripheral.o(.text)
    dm_application_instance_set              0x00024eb5   Thumb Code    74  device_manager_peripheral.o(.text)
    dm_peer_addr_set                         0x00024fab   Thumb Code   228  device_manager_peripheral.o(.text)
    dm_peer_addr_get                         0x0002508f   Thumb Code   176  device_manager_peripheral.o(.text)
    bond_data_load                           0x0002513f   Thumb Code    62  device_manager_peripheral.o(.text)
    dm_ble_evt_handler                       0x0002517d   Thumb Code  1322  device_manager_peripheral.o(.text)
    pstorage_sys_event_handler               0x00025cfb   Thumb Code   326  pstorage.o(.text)
    pstorage_init                            0x00025e41   Thumb Code   196  pstorage.o(.text)
    pstorage_register                        0x00025f05   Thumb Code   396  pstorage.o(.text)
    pstorage_block_identifier_get            0x00026091   Thumb Code   136  pstorage.o(.text)
    pstorage_store                           0x00026119   Thumb Code   202  pstorage.o(.text)
    pstorage_update                          0x000261e3   Thumb Code   202  pstorage.o(.text)
    pstorage_load                            0x000262ad   Thumb Code   226  pstorage.o(.text)
    pstorage_clear                           0x0002638f   Thumb Code   184  pstorage.o(.text)
    pstorage_access_status_get               0x00026447   Thumb Code    36  pstorage.o(.text)
    nrf_delay_ms                             0x00026489   Thumb Code    24  nrf_delay.o(.text)
    Reset_Handler                            0x000264a5   Thumb Code    26  arm_startup_nrf51.o(.text)
    NMI_Handler                              0x000264bf   Thumb Code     2  arm_startup_nrf51.o(.text)
    HardFault_Handler                        0x000264c1   Thumb Code     2  arm_startup_nrf51.o(.text)
    SVC_Handler                              0x000264c3   Thumb Code     2  arm_startup_nrf51.o(.text)
    PendSV_Handler                           0x000264c5   Thumb Code     2  arm_startup_nrf51.o(.text)
    SysTick_Handler                          0x000264c7   Thumb Code     2  arm_startup_nrf51.o(.text)
    ADC_IRQHandler                           0x000264c9   Thumb Code     0  arm_startup_nrf51.o(.text)
    CCM_AAR_IRQHandler                       0x000264c9   Thumb Code     0  arm_startup_nrf51.o(.text)
    ECB_IRQHandler                           0x000264c9   Thumb Code     0  arm_startup_nrf51.o(.text)
    GPIOTE_IRQHandler                        0x000264c9   Thumb Code     0  arm_startup_nrf51.o(.text)
    LPCOMP_IRQHandler                        0x000264c9   Thumb Code     0  arm_startup_nrf51.o(.text)
    POWER_CLOCK_IRQHandler                   0x000264c9   Thumb Code     0  arm_startup_nrf51.o(.text)
    QDEC_IRQHandler                          0x000264c9   Thumb Code     0  arm_startup_nrf51.o(.text)
    RADIO_IRQHandler                         0x000264c9   Thumb Code     0  arm_startup_nrf51.o(.text)
    RNG_IRQHandler                           0x000264c9   Thumb Code     0  arm_startup_nrf51.o(.text)
    RTC0_IRQHandler                          0x000264c9   Thumb Code     0  arm_startup_nrf51.o(.text)
    SPI1_TWI1_IRQHandler                     0x000264c9   Thumb Code     0  arm_startup_nrf51.o(.text)
    SWI1_IRQHandler                          0x000264c9   Thumb Code     0  arm_startup_nrf51.o(.text)
    SWI3_IRQHandler                          0x000264c9   Thumb Code     0  arm_startup_nrf51.o(.text)
    SWI4_IRQHandler                          0x000264c9   Thumb Code     0  arm_startup_nrf51.o(.text)
    SWI5_IRQHandler                          0x000264c9   Thumb Code     0  arm_startup_nrf51.o(.text)
    TEMP_IRQHandler                          0x000264c9   Thumb Code     0  arm_startup_nrf51.o(.text)
    TIMER0_IRQHandler                        0x000264c9   Thumb Code     0  arm_startup_nrf51.o(.text)
    TIMER1_IRQHandler                        0x000264c9   Thumb Code     0  arm_startup_nrf51.o(.text)
    TIMER2_IRQHandler                        0x000264c9   Thumb Code     0  arm_startup_nrf51.o(.text)
    UART0_IRQHandler                         0x000264c9   Thumb Code     0  arm_startup_nrf51.o(.text)
    WDT_IRQHandler                           0x000264c9   Thumb Code     0  arm_startup_nrf51.o(.text)
    __user_initial_stackheap                 0x000264cd   Thumb Code     0  arm_startup_nrf51.o(.text)
    SystemCoreClockUpdate                    0x000264f9   Thumb Code     8  system_nrf51.o(.text)
    SystemInit                               0x0002659d   Thumb Code    38  system_nrf51.o(.text)
    memcmp                                   0x000265e1   Thumb Code    90  memcmp.o(.text)
    strlen                                   0x0002663d   Thumb Code    62  strlen.o(.text)
    __aeabi_memcpy                           0x00026681   Thumb Code   130  rt_memcpy.o(.text)
    __rt_memcpy                              0x00026681   Thumb Code     0  rt_memcpy.o(.text)
    __aeabi_memmove4                         0x00026703   Thumb Code    70  rt_memmove.o(.text)
    __aeabi_memmove8                         0x00026703   Thumb Code     0  rt_memmove.o(.text)
    __aeabi_memmove                          0x00026749   Thumb Code    80  rt_memmove.o(.text)
    __rt_memmove                             0x00026749   Thumb Code     0  rt_memmove.o(.text)
    _memset_w                                0x00026799   Thumb Code    26  rt_memclr.o(.text)
    _memset                                  0x000267b3   Thumb Code    30  rt_memclr.o(.text)
    __aeabi_memclr                           0x000267d1   Thumb Code     4  rt_memclr.o(.text)
    __rt_memclr                              0x000267d1   Thumb Code     0  rt_memclr.o(.text)
    __aeabi_memclr4                          0x000267d5   Thumb Code     0  rt_memclr.o(.text)
    __aeabi_memclr8                          0x000267d5   Thumb Code     0  rt_memclr.o(.text)
    __rt_memclr_w                            0x000267d5   Thumb Code     4  rt_memclr.o(.text)
    __aeabi_uidiv                            0x000267d9   Thumb Code     0  aeabi_sdiv.o(.text)
    __aeabi_uidivmod                         0x000267d9   Thumb Code    20  aeabi_sdiv.o(.text)
    __aeabi_idiv                             0x000267ed   Thumb Code     0  aeabi_sdiv.o(.text)
    __aeabi_idivmod                          0x000267ed   Thumb Code   326  aeabi_sdiv.o(.text)
    __use_two_region_memory                  0x00026933   Thumb Code     2  heapauxi.o(.text)
    __rt_heap_escrow$2region                 0x00026935   Thumb Code     2  heapauxi.o(.text)
    __rt_heap_expand$2region                 0x00026937   Thumb Code     2  heapauxi.o(.text)
    __aeabi_ddiv                             0x00026939   Thumb Code     0  ddiv.o(.text)
    _ddiv                                    0x00026939   Thumb Code  1072  ddiv.o(.text)
    _drdiv                                   0x00026d69   Thumb Code    20  ddiv.o(.text)
    __aeabi_d2uiz                            0x00026d81   Thumb Code     0  dfixui.o(.text)
    _dfixu                                   0x00026d81   Thumb Code    68  dfixui.o(.text)
    __aeabi_dmul                             0x00026dc9   Thumb Code     0  dmul.o(.text)
    _dmul                                    0x00026dc9   Thumb Code   558  dmul.o(.text)
    __aeabi_f2d                              0x00027011   Thumb Code     0  f2d.o(.text)
    _f2d                                     0x00027011   Thumb Code    80  f2d.o(.text)
    __aeabi_f2uiz                            0x00027065   Thumb Code     0  ffixui.o(.text)
    _ffixu                                   0x00027065   Thumb Code    48  ffixui.o(.text)
    __aeabi_i2f_normalise                    0x00027095   Thumb Code    72  fflti.o(.text)
    __aeabi_i2f                              0x000270dd   Thumb Code    16  fflti.o(.text)
    _fflt                                    0x000270dd   Thumb Code     0  fflti.o(.text)
    __aeabi_ui2f                             0x000270ed   Thumb Code     6  fflti.o(.text)
    _ffltu                                   0x000270ed   Thumb Code     0  fflti.o(.text)
    __user_setup_stackheap                   0x000270f3   Thumb Code    62  sys_stackheap_outer.o(.text)
    exit                                     0x00027131   Thumb Code    12  exit.o(.text)
    __user_libspace                          0x0002713d   Thumb Code     8  libspace.o(.text)
    __user_perproc_libspace                  0x0002713d   Thumb Code     0  libspace.o(.text)
    __user_perthread_libspace                0x0002713d   Thumb Code     0  libspace.o(.text)
    _sys_exit                                0x00027145   Thumb Code     8  sys_exit.o(.text)
    __I$use$semihosting                      0x00027151   Thumb Code     0  use_no_semi.o(.text)
    __use_no_semihosting_swi                 0x00027151   Thumb Code     2  use_no_semi.o(.text)
    __ARM_common_switch8                     0x00027153   Thumb Code    28  pstorage.o(i.__ARM_common_switch8)
    __semihosting_library_function           0x00027153   Thumb Code     0  indicate_semi.o(.text)
    spi_master_evt_handler_reg               0x00027171   Thumb Code    52  spi_master.o(i.spi_master_evt_handler_reg)
    __aeabi_fadd                             0x000271a9   Thumb Code     0  faddsub.o(x$fpl$fadd)
    _fadd                                    0x000271a9   Thumb Code   134  faddsub.o(x$fpl$fadd)
    __aeabi_fmul                             0x00027235   Thumb Code     0  fmul.o(x$fpl$fmul)
    _fmul                                    0x00027235   Thumb Code   172  fmul.o(x$fpl$fmul)
    __aeabi_fsub                             0x000272e5   Thumb Code     0  faddsub.o(x$fpl$fsub)
    _fsub                                    0x000272e5   Thumb Code   204  faddsub.o(x$fpl$fsub)
    __I$use$fp                               0x000273b4   Number         0  usenofp.o(x$fpl$usenofp)
    adc_mul                                  0x000273b4   Data           4  main.o(.constdata)
    bat_vol_mul                              0x000273b8   Data           4  main.o(.constdata)
    bat_temp_mul                             0x000273bc   Data           4  main.o(.constdata)
    m_service_context_store                  0x00027430   Data          16  device_manager_peripheral.o(.constdata)
    m_service_context_load                   0x00027440   Data          16  device_manager_peripheral.o(.constdata)
    m_service_context_apply                  0x00027450   Data          16  device_manager_peripheral.o(.constdata)
    m_context_init_len                       0x00027460   Data           4  device_manager_peripheral.o(.constdata)
    Region$$Table$$Base                      0x0002750c   Number         0  anon$$obj.o(Region$$Table)
    Region$$Table$$Limit                     0x0002752c   Number         0  anon$$obj.o(Region$$Table)
    power_counter                            0x20002400   Data           2  main.o(.data)
    m_error_code                             0x20002424   Data           4  main.o(.data)
    m_line_num                               0x20002428   Data           4  main.o(.data)
    m_p_file_name                            0x2000242c   Data           4  main.o(.data)
    spi_done                                 0x20002431   Data           1  mpu_9250.o(.data)
    spi_ads_done                             0x20002432   Data           1  ads8320.o(.data)
    SystemCoreClock                          0x20002500   Data           4  system_nrf51.o(.data)
    __libspace_start                         0x20002bc0   Data          96  libspace.o(.bss)
    __temporary_stack_top$libspace           0x20002c20   Data           0  libspace.o(.bss)



==============================================================================

Memory Map of the image

  Image Entry point : 0x000200c1

  Load Region LR_IROM1 (Base: 0x00020000, Size: 0x00007630, Max: 0x0001f000, ABSOLUTE)

    Execution Region ER_IROM1 (Base: 0x00020000, Size: 0x0000752c, Max: 0x0001f000, ABSOLUTE)

    Base Addr    Size         Type   Attr      Idx    E Section Name        Object

    0x00020000   0x000000c0   Data   RO          990    RESET               arm_startup_nrf51.o
    0x000200c0   0x00000008   Code   RO         1043  * !!!main             c_p.l(__main.o)
    0x000200c8   0x0000003c   Code   RO         1233    !!!scatter          c_p.l(__scatter.o)
    0x00020104   0x0000001a   Code   RO         1235    !!handler_copy      c_p.l(__scatter_copy.o)
    0x0002011e   0x00000002   PAD
    0x00020120   0x0000001c   Code   RO         1237    !!handler_zi        c_p.l(__scatter_zi.o)
    0x0002013c   0x00000002   Code   RO         1103    .ARM.Collect$$libinit$$00000000  c_p.l(libinit.o)
    0x0002013e   0x00000000   Code   RO         1117    .ARM.Collect$$libinit$$00000002  c_p.l(libinit2.o)
    0x0002013e   0x00000000   Code   RO         1119    .ARM.Collect$$libinit$$00000004  c_p.l(libinit2.o)
    0x0002013e   0x00000000   Code   RO         1122    .ARM.Collect$$libinit$$0000000A  c_p.l(libinit2.o)
    0x0002013e   0x00000000   Code   RO         1124    .ARM.Collect$$libinit$$0000000C  c_p.l(libinit2.o)
    0x0002013e   0x00000000   Code   RO         1126    .ARM.Collect$$libinit$$0000000E  c_p.l(libinit2.o)
    0x0002013e   0x00000000   Code   RO         1129    .ARM.Collect$$libinit$$00000011  c_p.l(libinit2.o)
    0x0002013e   0x00000000   Code   RO         1131    .ARM.Collect$$libinit$$00000013  c_p.l(libinit2.o)
    0x0002013e   0x00000000   Code   RO         1133    .ARM.Collect$$libinit$$00000015  c_p.l(libinit2.o)
    0x0002013e   0x00000000   Code   RO         1135    .ARM.Collect$$libinit$$00000017  c_p.l(libinit2.o)
    0x0002013e   0x00000000   Code   RO         1137    .ARM.Collect$$libinit$$00000019  c_p.l(libinit2.o)
    0x0002013e   0x00000000   Code   RO         1139    .ARM.Collect$$libinit$$0000001B  c_p.l(libinit2.o)
    0x0002013e   0x00000000   Code   RO         1141    .ARM.Collect$$libinit$$0000001D  c_p.l(libinit2.o)
    0x0002013e   0x00000000   Code   RO         1143    .ARM.Collect$$libinit$$0000001F  c_p.l(libinit2.o)
    0x0002013e   0x00000000   Code   RO         1145    .ARM.Collect$$libinit$$00000021  c_p.l(libinit2.o)
    0x0002013e   0x00000000   Code   RO         1147    .ARM.Collect$$libinit$$00000023  c_p.l(libinit2.o)
    0x0002013e   0x00000000   Code   RO         1149    .ARM.Collect$$libinit$$00000025  c_p.l(libinit2.o)
    0x0002013e   0x00000000   Code   RO         1153    .ARM.Collect$$libinit$$0000002C  c_p.l(libinit2.o)
    0x0002013e   0x00000000   Code   RO         1155    .ARM.Collect$$libinit$$0000002E  c_p.l(libinit2.o)
    0x0002013e   0x00000000   Code   RO         1157    .ARM.Collect$$libinit$$00000030  c_p.l(libinit2.o)
    0x0002013e   0x00000000   Code   RO         1159    .ARM.Collect$$libinit$$00000032  c_p.l(libinit2.o)
    0x0002013e   0x00000002   Code   RO         1160    .ARM.Collect$$libinit$$00000033  c_p.l(libinit2.o)
    0x00020140   0x00000002   Code   RO         1191    .ARM.Collect$$libshutdown$$00000000  c_p.l(libshutdown.o)
    0x00020142   0x00000000   Code   RO         1218    .ARM.Collect$$libshutdown$$00000003  c_p.l(libshutdown2.o)
    0x00020142   0x00000000   Code   RO         1221    .ARM.Collect$$libshutdown$$00000006  c_p.l(libshutdown2.o)
    0x00020142   0x00000000   Code   RO         1224    .ARM.Collect$$libshutdown$$00000009  c_p.l(libshutdown2.o)
    0x00020142   0x00000000   Code   RO         1226    .ARM.Collect$$libshutdown$$0000000B  c_p.l(libshutdown2.o)
    0x00020142   0x00000000   Code   RO         1229    .ARM.Collect$$libshutdown$$0000000E  c_p.l(libshutdown2.o)
    0x00020142   0x00000002   Code   RO         1230    .ARM.Collect$$libshutdown$$0000000F  c_p.l(libshutdown2.o)
    0x00020144   0x00000000   Code   RO         1066    .ARM.Collect$$rtentry$$00000000  c_p.l(__rtentry.o)
    0x00020144   0x00000000   Code   RO         1073    .ARM.Collect$$rtentry$$00000002  c_p.l(__rtentry2.o)
    0x00020144   0x00000006   Code   RO         1085    .ARM.Collect$$rtentry$$00000004  c_p.l(__rtentry4.o)
    0x0002014a   0x00000000   Code   RO         1075    .ARM.Collect$$rtentry$$00000009  c_p.l(__rtentry2.o)
    0x0002014a   0x00000004   Code   RO         1076    .ARM.Collect$$rtentry$$0000000A  c_p.l(__rtentry2.o)
    0x0002014e   0x00000000   Code   RO         1078    .ARM.Collect$$rtentry$$0000000C  c_p.l(__rtentry2.o)
    0x0002014e   0x00000008   Code   RO         1079    .ARM.Collect$$rtentry$$0000000D  c_p.l(__rtentry2.o)
    0x00020156   0x00000002   Code   RO         1108    .ARM.Collect$$rtexit$$00000000  c_p.l(rtexit.o)
    0x00020158   0x00000000   Code   RO         1164    .ARM.Collect$$rtexit$$00000002  c_p.l(rtexit2.o)
    0x00020158   0x00000004   Code   RO         1165    .ARM.Collect$$rtexit$$00000003  c_p.l(rtexit2.o)
    0x0002015c   0x00000006   Code   RO         1166    .ARM.Collect$$rtexit$$00000004  c_p.l(rtexit2.o)
    0x00020162   0x00000002   PAD
    0x00020164   0x0000001e   Code   RO          300    .emb_text           twi_hw_master_sd.o
    0x00020182   0x00000002   PAD
    0x00020184   0x0000001e   Code   RO          639    .emb_text           app_timer.o
    0x000201a2   0x00000002   PAD
    0x000201a4   0x0000001e   Code   RO          966    .emb_text           nrf_delay.o
    0x000201c2   0x00000002   PAD
    0x000201c4   0x00000038   Code   RO         1027    .emb_text           c_p.l(rt_memcpy.o)
    0x000201fc   0x00000b94   Code   RO            3    .text               main.o
    0x00020d90   0x000006c0   Code   RO          240    .text               spi_master.o
    0x00021450   0x00000364   Code   RO          301    .text               twi_hw_master_sd.o
    0x000217b4   0x000002d8   Code   RO          343    .text               mpu_9250.o
    0x00021a8c   0x00000114   Code   RO          374    .text               ltc_2942.o
    0x00021ba0   0x000000e8   Code   RO          397    .text               ads8320.o
    0x00021c88   0x00000410   Code   RO          420    .text               ble_dis.o
    0x00022098   0x00000320   Code   RO          476    .text               ble_bas.o
    0x000223b8   0x00000454   Code   RO          515    .text               ble_hrs.o
    0x0002280c   0x00000480   Code   RO          533    .text               ble_cp.o
    0x00022c8c   0x00000604   Code   RO          589    .text               ble_advdata.o
    0x00023290   0x00000084   Code   RO          607    .text               ble_srv_common.o
    0x00023314   0x00000064   Code   RO          622    .text               ble_sensorsim.o
    0x00023378   0x00000b1c   Code   RO          640    .text               app_timer.o
    0x00023e94   0x000001cc   Code   RO          687    .text               softdevice_handler.o
    0x00024060   0x00000308   Code   RO          746    .text               ble_conn_params.o
    0x00024368   0x00001464   Code   RO          852    .text               device_manager_peripheral.o
    0x000257cc   0x00000cbc   Code   RO          889    .text               pstorage.o
    0x00026488   0x0000001c   Code   RO          967    .text               nrf_delay.o
    0x000264a4   0x00000054   Code   RO          991    .text               arm_startup_nrf51.o
    0x000264f8   0x000000e8   Code   RO          997    .text               system_nrf51.o
    0x000265e0   0x0000005a   Code   RO         1023    .text               c_p.l(memcmp.o)
    0x0002663a   0x00000002   PAD
    0x0002663c   0x00000044   Code   RO         1025    .text               c_p.l(strlen.o)
    0x00026680   0x00000082   Code   RO         1028    .text               c_p.l(rt_memcpy.o)
    0x00026702   0x00000096   Code   RO         1031    .text               c_p.l(rt_memmove.o)
    0x00026798   0x00000040   Code   RO         1033    .text               c_p.l(rt_memclr.o)
    0x000267d8   0x0000015a   Code   RO         1037    .text               c_p.l(aeabi_sdiv.o)
    0x00026932   0x00000006   Code   RO         1041    .text               c_p.l(heapauxi.o)
    0x00026938   0x00000448   Code   RO         1045    .text               fz_ps.l(ddiv.o)
    0x00026d80   0x00000048   Code   RO         1048    .text               fz_ps.l(dfixui.o)
    0x00026dc8   0x00000248   Code   RO         1050    .text               fz_ps.l(dmul.o)
    0x00027010   0x00000054   Code   RO         1052    .text               fz_ps.l(f2d.o)
    0x00027064   0x00000030   Code   RO         1060    .text               fz_ps.l(ffixui.o)
    0x00027094   0x0000005e   Code   RO         1062    .text               fz_ps.l(fflti.o)
    0x000270f2   0x0000003e   Code   RO         1089    .text               c_p.l(sys_stackheap_outer.o)
    0x00027130   0x0000000c   Code   RO         1092    .text               c_p.l(exit.o)
    0x0002713c   0x00000008   Code   RO         1104    .text               c_p.l(libspace.o)
    0x00027144   0x0000000c   Code   RO         1161    .text               c_p.l(sys_exit.o)
    0x00027150   0x00000002   Code   RO         1180    .text               c_p.l(use_no_semi.o)
    0x00027152   0x00000000   Code   RO         1182    .text               c_p.l(indicate_semi.o)
    0x00027152   0x0000001c   Code   RO          907    i.__ARM_common_switch8  pstorage.o
    0x0002716e   0x00000002   PAD
    0x00027170   0x00000038   Code   RO          265    i.spi_master_evt_handler_reg  spi_master.o
    0x000271a8   0x0000008c   Code   RO         1054    x$fpl$fadd          fz_ps.l(faddsub.o)
    0x00027234   0x000000b0   Code   RO         1064    x$fpl$fmul          fz_ps.l(fmul.o)
    0x000272e4   0x000000d0   Code   RO         1056    x$fpl$fsub          fz_ps.l(faddsub.o)
    0x000273b4   0x00000000   Code   RO         1071    x$fpl$usenofp       fz_ps.l(usenofp.o)
    0x000273b4   0x00000018   Data   RO            5    .constdata          main.o
    0x000273cc   0x00000008   Data   RO          242    .constdata          spi_master.o
    0x000273d4   0x00000040   Data   RO          345    .constdata          mpu_9250.o
    0x00027414   0x0000001c   Data   RO          399    .constdata          ads8320.o
    0x00027430   0x00000034   Data   RO          854    .constdata          device_manager_peripheral.o
    0x00027464   0x00000080   Data   RO         1046    .constdata          fz_ps.l(ddiv.o)
    0x000274e4   0x00000028   Data   RO          243    .conststring        spi_master.o
    0x0002750c   0x00000020   Data   RO         1231    Region$$Table       anon$$obj.o


    Execution Region RW_IRAM1 (Base: 0x20002400, Size: 0x00001820, Max: 0x00001c00, ABSOLUTE)

    Base Addr    Size         Type   Attr      Idx    E Section Name        Object

    0x20002400   0x00000031   Data   RW            6    .data               main.o
    0x20002431   0x00000001   Data   RW          346    .data               mpu_9250.o
    0x20002432   0x00000001   Data   RW          400    .data               ads8320.o
    0x20002433   0x00000001   PAD
    0x20002434   0x0000004a   Data   RW          421    .data               ble_dis.o
    0x2000247e   0x00000002   PAD
    0x20002480   0x00000029   Data   RW          641    .data               app_timer.o
    0x200024a9   0x00000003   PAD
    0x200024ac   0x00000014   Data   RW          688    .data               softdevice_handler.o
    0x200024c0   0x00000019   Data   RW          748    .data               ble_conn_params.o
    0x200024d9   0x00000003   PAD
    0x200024dc   0x00000014   Data   RW          855    .data               device_manager_peripheral.o
    0x200024f0   0x00000010   Data   RW          891    .data               pstorage.o
    0x20002500   0x00000004   Data   RW          998    .data               system_nrf51.o
    0x20002504   0x0000043c   Zero   RW            4    .bss                main.o
    0x20002940   0x0000002c   Zero   RW          241    .bss                spi_master.o
    0x2000296c   0x00000028   Zero   RW          344    .bss                mpu_9250.o
    0x20002994   0x00000028   Zero   RW          398    .bss                ads8320.o
    0x200029bc   0x0000001c   Zero   RW          747    .bss                ble_conn_params.o
    0x200029d8   0x0000010c   Zero   RW          853    .bss                device_manager_peripheral.o
    0x20002ae4   0x000000dc   Zero   RW          890    .bss                pstorage.o
    0x20002bc0   0x00000060   Zero   RW         1105    .bss                c_p.l(libspace.o)
    0x20002c20   0x00000800   Zero   RW          989    HEAP                arm_startup_nrf51.o
    0x20003420   0x00000800   Zero   RW          988    STACK               arm_startup_nrf51.o


==============================================================================

Image component sizes


      Code (inc. data)   RO Data    RW Data    ZI Data      Debug   Object Name

       232         36         28          1         40       1963   ads8320.o
      2874        194          0         41          0      24713   app_timer.o
        84         36        192          0       4096        672   arm_startup_nrf51.o
      1540          6          0          0          0       8434   ble_advdata.o
       800         16          0          0          0      33067   ble_bas.o
       776         38          0         25         28       7286   ble_conn_params.o
      1152         12          0          0          0      11919   ble_cp.o
      1040         92          0         74          0      31391   ble_dis.o
      1108         12          0          0          0       9170   ble_hrs.o
       100          0          0          0          0       1719   ble_sensorsim.o
       132         54          0          0          0       1522   ble_srv_common.o
      5220        286         52         20        268      24444   device_manager_peripheral.o
       276         22          0          0          0       1195   ltc_2942.o
      2964        248         24         49       1084      93548   main.o
       728         50         64          1         40       3197   mpu_9250.o
        58          4          0          0          0       1347   nrf_delay.o
      3288         94          0         16        220      12150   pstorage.o
       460         78          0         20          0      33564   softdevice_handler.o
      1784        114         48          0         44      26874   spi_master.o
       232         30          0          4          0       1289   system_nrf51.o
       898         76          0          0          0       3390   twi_hw_master_sd.o

    ----------------------------------------------------------------------
     25754       1498        440        260       5820     332854   Object Totals
         0          0         32          0          0          0   (incl. Generated)
         8          0          0          9          0          0   (incl. Padding)

    ----------------------------------------------------------------------

      Code (inc. data)   RO Data    RW Data    ZI Data      Debug   Library Member Name

         8          0          0          0          0         68   __main.o
         0          0          0          0          0          0   __rtentry.o
        12          0          0          0          0          0   __rtentry2.o
         6          0          0          0          0          0   __rtentry4.o
        60          8          0          0          0          0   __scatter.o
        26          0          0          0          0          0   __scatter_copy.o
        28          0          0          0          0          0   __scatter_zi.o
       346          0          0          0          0         92   aeabi_sdiv.o
        12          0          0          0          0         64   exit.o
         6          0          0          0          0        136   heapauxi.o
         0          0          0          0          0          0   indicate_semi.o
         2          0          0          0          0          0   libinit.o
         2          0          0          0          0          0   libinit2.o
         2          0          0          0          0          0   libshutdown.o
         2          0          0          0          0          0   libshutdown2.o
         8          4          0          0         96         68   libspace.o
        90          0          0          0          0         68   memcmp.o
        64          0          0          0          0        108   rt_memclr.o
       186          0          0          0          0        144   rt_memcpy.o
       150          0          0          0          0        104   rt_memmove.o
         2          0          0          0          0          0   rtexit.o
        10          0          0          0          0          0   rtexit2.o
        68          6          0          0          0         72   strlen.o
        12          4          0          0          0         60   sys_exit.o
        62          0          0          0          0         80   sys_stackheap_outer.o
         2          0          0          0          0         68   use_no_semi.o
      1096         26        128          0          0        112   ddiv.o
        72          4          0          0          0         68   dfixui.o
       584         26          0          0          0         84   dmul.o
        84          4          0          0          0         60   f2d.o
       348          8          0          0          0        160   faddsub.o
        48          0          0          0          0         60   ffixui.o
        94          0          0          0          0         92   fflti.o
       176          4          0          0          0         80   fmul.o
         0          0          0          0          0          0   usenofp.o

    ----------------------------------------------------------------------
      3674         94        128          0         96       1848   Library Totals
         6          0          0          0          0          0   (incl. Padding)

    ----------------------------------------------------------------------

      Code (inc. data)   RO Data    RW Data    ZI Data      Debug   Library Name

      1166         22          0          0         96       1132   c_p.l
      2502         72        128          0          0        716   fz_ps.l

    ----------------------------------------------------------------------
      3674         94        128          0         96       1848   Library Totals

    ----------------------------------------------------------------------

==============================================================================


      Code (inc. data)   RO Data    RW Data    ZI Data      Debug   

     29428       1592        568        260       5916     332478   Grand Totals
     29428       1592        568        260       5916     332478   ELF Image Totals
     29428       1592        568        260          0          0   ROM Totals

==============================================================================

    Total RO  Size (Code + RO Data)                29996 (  29.29kB)
    Total RW  Size (RW Data + ZI Data)              6176 (   6.03kB)
    Total ROM Size (Code + RO Data + RW Data)      30256 (  29.55kB)

==============================================================================

