Component: ARM Compiler 5.05 (build 41) Tool: armlink [4d0eb9]

==============================================================================

Section Cross References

    main.o(.text) refers to nrf_delay.o(.text) for nrf_delay_ms
    main.o(.text) refers to simple_uart.o(.text) for simple_uart_config
    main.o(.text) refers to mpu_9250.o(.text) for mpu9250_init
    main.o(.text) refers to ads8320.o(.text) for ads8320_read
    main.o(.text) refers to fflti.o(.text) for __aeabi_ui2f
    main.o(.text) refers to fmul.o(x$fpl$fmul) for __aeabi_fmul
    main.o(.text) refers to ffixui.o(.text) for __aeabi_f2uiz
    main.o(.text) refers to faddsub.o(x$fpl$frsb) for __aeabi_frsub
    main.o(.text) refers to main.o(.data) for adc_data
    arm_startup_nrf51.o(STACK) refers (Special) to heapauxi.o(.text) for __use_two_region_memory
    arm_startup_nrf51.o(HEAP) refers (Special) to heapauxi.o(.text) for __use_two_region_memory
    arm_startup_nrf51.o(RESET) refers (Special) to heapauxi.o(.text) for __use_two_region_memory
    arm_startup_nrf51.o(RESET) refers to arm_startup_nrf51.o(STACK) for __initial_sp
    arm_startup_nrf51.o(RESET) refers to arm_startup_nrf51.o(.text) for Reset_Handler
    arm_startup_nrf51.o(RESET) refers to spi_master.o(.text) for SPI0_TWI0_IRQHandler
    arm_startup_nrf51.o(.text) refers (Special) to heapauxi.o(.text) for __use_two_region_memory
    arm_startup_nrf51.o(.text) refers to system_nrf51.o(.text) for SystemInit
    arm_startup_nrf51.o(.text) refers to __main.o(!!!main) for __main
    arm_startup_nrf51.o(.text) refers to arm_startup_nrf51.o(HEAP) for Heap_Mem
    arm_startup_nrf51.o(.text) refers to arm_startup_nrf51.o(STACK) for Stack_Mem
    system_nrf51.o(.text) refers to system_nrf51.o(.data) for SystemCoreClock
    spi_master.o(.text) refers to main.o(.text) for app_error_handler
    spi_master.o(.text) refers to nrf_soc.o(.text) for sd_nvic_ClearPendingIRQ
    spi_master.o(.text) refers to spi_master.o(.constdata) for .constdata
    spi_master.o(.text) refers to spi_master.o(.bss) for m_spi_master_instances
    nrf_delay.o(.text) refers to nrf_delay.o(.emb_text) for __asm___11_nrf_delay_c_532987f3__nrf_delay_us
    nrf_soc.o(.text) refers to nrf_soc.o(.data) for m_in_critical_region
    simple_uart.o(.text) refers to simple_uart.o(.emb_text) for __asm___13_simple_uart_c_5dda6715__nrf_delay_us
    mpu_9250.o(.text) refers to rt_memcpy.o(.emb_text) for __aeabi_memcpy4
    mpu_9250.o(.text) refers to spi_master.o(.text) for spi_master_open
    mpu_9250.o(.text) refers to main.o(.text) for app_error_handler
    mpu_9250.o(.text) refers to spi_master.o(i.spi_master_evt_handler_reg) for spi_master_evt_handler_reg
    mpu_9250.o(.text) refers to nrf_delay.o(.text) for nrf_delay_ms
    mpu_9250.o(.text) refers to mpu_9250.o(.constdata) for .constdata
    mpu_9250.o(.text) refers to mpu_9250.o(.data) for spi_done
    mpu_9250.o(.text) refers to mpu_9250.o(.bss) for tx_data
    ads8320.o(.text) refers to rt_memcpy.o(.emb_text) for __aeabi_memcpy4
    ads8320.o(.text) refers to spi_master.o(.text) for spi_master_open
    ads8320.o(.text) refers to main.o(.text) for app_error_handler
    ads8320.o(.text) refers to spi_master.o(i.spi_master_evt_handler_reg) for spi_master_evt_handler_reg
    ads8320.o(.text) refers to ads8320.o(.constdata) for .constdata
    ads8320.o(.text) refers to ads8320.o(.data) for spi_ads_done
    ads8320.o(.text) refers to ads8320.o(.bss) for rx_data
    ltc_2942.o(.text) refers to twi_hw_master.o(.text) for twi_master_transfer
    twi_hw_master.o(.text) refers to twi_hw_master.o(.emb_text) for __asm___15_twi_hw_master_c_959ec897__nrf_delay_us
    bmp085.o(.text) refers to rt_memclr.o(.text) for __aeabi_memclr4
    bmp085.o(.text) refers to twi_hw_master.o(.text) for twi_master_transfer
    bmp085.o(.text) refers to nrf_delay.o(.text) for nrf_delay_ms
    bmp085.o(.text) refers to dflti.o(.text) for __aeabi_i2d
    bmp085.o(.text) refers to ddiv.o(.text) for __aeabi_ddiv
    bmp085.o(.text) refers to daddsub.o(.text) for __aeabi_dadd
    bmp085.o(.text) refers to dmul.o(.text) for __aeabi_dmul
    bmp085.o(.text) refers to bmp085.o(.data) for ac1_test
    rt_memcpy.o(.text) refers to rt_memcpy.o(.emb_text) for __aeabi_memcpy4
    __main.o(!!!main) refers to __rtentry.o(.ARM.Collect$$rtentry$$00000000) for __rt_entry
    daddsub.o(.text) refers (Special) to usenofp.o(x$fpl$usenofp) for __I$use$fp
    ddiv.o(.text) refers (Special) to usenofp.o(x$fpl$usenofp) for __I$use$fp
    ddiv.o(.text) refers to ddiv.o(.constdata) for .constdata
    ddiv.o(.constdata) refers (Special) to usenofp.o(x$fpl$usenofp) for __I$use$fp
    dflti.o(.text) refers (Special) to usenofp.o(x$fpl$usenofp) for __I$use$fp
    dmul.o(.text) refers (Special) to usenofp.o(x$fpl$usenofp) for __I$use$fp
    faddsub.o(x$fpl$fadd) refers (Special) to usenofp.o(x$fpl$usenofp) for __I$use$fp
    faddsub.o(x$fpl$fadd) refers to faddsub.o(x$fpl$fsub) for _fsub1
    faddsub.o(x$fpl$frsb) refers (Special) to usenofp.o(x$fpl$usenofp) for __I$use$fp
    faddsub.o(x$fpl$frsb) refers to faddsub.o(x$fpl$fsub) for _fsub1
    faddsub.o(x$fpl$frsb) refers to faddsub.o(x$fpl$fadd) for _fadd1
    faddsub.o(x$fpl$fsub) refers (Special) to usenofp.o(x$fpl$usenofp) for __I$use$fp
    faddsub.o(x$fpl$fsub) refers to faddsub.o(x$fpl$fadd) for _fadd1
    ffixui.o(.text) refers (Special) to usenofp.o(x$fpl$usenofp) for __I$use$fp
    fflti.o(.text) refers (Special) to usenofp.o(x$fpl$usenofp) for __I$use$fp
    fmul.o(x$fpl$fmul) refers (Special) to usenofp.o(x$fpl$usenofp) for __I$use$fp
    __rtentry.o(.ARM.Collect$$rtentry$$00000000) refers (Special) to __rtentry2.o(.ARM.Collect$$rtentry$$0000000A) for __rt_entry_li
    __rtentry.o(.ARM.Collect$$rtentry$$00000000) refers (Special) to __rtentry2.o(.ARM.Collect$$rtentry$$0000000D) for __rt_entry_main
    __rtentry.o(.ARM.Collect$$rtentry$$00000000) refers (Special) to __rtentry2.o(.ARM.Collect$$rtentry$$0000000C) for __rt_entry_postli_1
    __rtentry.o(.ARM.Collect$$rtentry$$00000000) refers (Special) to __rtentry2.o(.ARM.Collect$$rtentry$$00000009) for __rt_entry_postsh_1
    __rtentry.o(.ARM.Collect$$rtentry$$00000000) refers (Special) to __rtentry2.o(.ARM.Collect$$rtentry$$00000002) for __rt_entry_presh_1
    __rtentry.o(.ARM.Collect$$rtentry$$00000000) refers (Special) to __rtentry4.o(.ARM.Collect$$rtentry$$00000004) for __rt_entry_sh
    __rtentry2.o(.ARM.Collect$$rtentry$$00000008) refers to boardinit2.o(.text) for _platform_post_stackheap_init
    __rtentry2.o(.ARM.Collect$$rtentry$$0000000A) refers to libinit.o(.ARM.Collect$$libinit$$00000000) for __rt_lib_init
    __rtentry2.o(.ARM.Collect$$rtentry$$0000000B) refers to boardinit3.o(.text) for _platform_post_lib_init
    __rtentry2.o(.ARM.Collect$$rtentry$$0000000D) refers to main.o(.text) for main
    __rtentry2.o(.ARM.Collect$$rtentry$$0000000D) refers to exit.o(.text) for exit
    __rtentry2.o(.ARM.exidx) refers to __rtentry2.o(.ARM.Collect$$rtentry$$00000001) for .ARM.Collect$$rtentry$$00000001
    __rtentry2.o(.ARM.exidx) refers to __rtentry2.o(.ARM.Collect$$rtentry$$00000008) for .ARM.Collect$$rtentry$$00000008
    __rtentry2.o(.ARM.exidx) refers to __rtentry2.o(.ARM.Collect$$rtentry$$0000000A) for .ARM.Collect$$rtentry$$0000000A
    __rtentry2.o(.ARM.exidx) refers to __rtentry2.o(.ARM.Collect$$rtentry$$0000000B) for .ARM.Collect$$rtentry$$0000000B
    __rtentry2.o(.ARM.exidx) refers to __rtentry2.o(.ARM.Collect$$rtentry$$0000000D) for .ARM.Collect$$rtentry$$0000000D
    __rtentry4.o(.ARM.Collect$$rtentry$$00000004) refers to sys_stackheap_outer.o(.text) for __user_setup_stackheap
    __rtentry4.o(.ARM.exidx) refers to __rtentry4.o(.ARM.Collect$$rtentry$$00000004) for .ARM.Collect$$rtentry$$00000004
    sys_stackheap_outer.o(.text) refers to libspace.o(.text) for __user_perproc_libspace
    sys_stackheap_outer.o(.text) refers to arm_startup_nrf51.o(.text) for __user_initial_stackheap
    sys_stackheap_outer.o(__vectab_stack_and_reset_area) refers to tempstk.o(.text) for __temporary_stack_top
    sys_stackheap_outer.o(__vectab_stack_and_reset_area) refers to __main.o(!!!main) for __main
    exit.o(.text) refers to rtexit.o(.ARM.Collect$$rtexit$$00000000) for __rt_exit
    libinit.o(.ARM.Collect$$libinit$$00000000) refers (Special) to libinit2.o(.ARM.Collect$$libinit$$0000002E) for __rt_lib_init_alloca_1
    libinit.o(.ARM.Collect$$libinit$$00000000) refers (Special) to libinit2.o(.ARM.Collect$$libinit$$0000002C) for __rt_lib_init_argv_1
    libinit.o(.ARM.Collect$$libinit$$00000000) refers (Special) to libinit2.o(.ARM.Collect$$libinit$$0000001B) for __rt_lib_init_atexit_1
    libinit.o(.ARM.Collect$$libinit$$00000000) refers (Special) to libinit2.o(.ARM.Collect$$libinit$$00000021) for __rt_lib_init_clock_1
    libinit.o(.ARM.Collect$$libinit$$00000000) refers (Special) to libinit2.o(.ARM.Collect$$libinit$$00000032) for __rt_lib_init_cpp_1
    libinit.o(.ARM.Collect$$libinit$$00000000) refers (Special) to libinit2.o(.ARM.Collect$$libinit$$00000030) for __rt_lib_init_exceptions_1
    libinit.o(.ARM.Collect$$libinit$$00000000) refers (Special) to libinit2.o(.ARM.Collect$$libinit$$00000002) for __rt_lib_init_fp_1
    libinit.o(.ARM.Collect$$libinit$$00000000) refers (Special) to libinit2.o(.ARM.Collect$$libinit$$0000001F) for __rt_lib_init_fp_trap_1
    libinit.o(.ARM.Collect$$libinit$$00000000) refers (Special) to libinit2.o(.ARM.Collect$$libinit$$00000023) for __rt_lib_init_getenv_1
    libinit.o(.ARM.Collect$$libinit$$00000000) refers (Special) to libinit2.o(.ARM.Collect$$libinit$$0000000A) for __rt_lib_init_heap_1
    libinit.o(.ARM.Collect$$libinit$$00000000) refers (Special) to libinit2.o(.ARM.Collect$$libinit$$00000011) for __rt_lib_init_lc_collate_1
    libinit.o(.ARM.Collect$$libinit$$00000000) refers (Special) to libinit2.o(.ARM.Collect$$libinit$$00000013) for __rt_lib_init_lc_ctype_1
    libinit.o(.ARM.Collect$$libinit$$00000000) refers (Special) to libinit2.o(.ARM.Collect$$libinit$$00000015) for __rt_lib_init_lc_monetary_1
    libinit.o(.ARM.Collect$$libinit$$00000000) refers (Special) to libinit2.o(.ARM.Collect$$libinit$$00000017) for __rt_lib_init_lc_numeric_1
    libinit.o(.ARM.Collect$$libinit$$00000000) refers (Special) to libinit2.o(.ARM.Collect$$libinit$$00000019) for __rt_lib_init_lc_time_1
    libinit.o(.ARM.Collect$$libinit$$00000000) refers (Special) to libinit2.o(.ARM.Collect$$libinit$$00000004) for __rt_lib_init_preinit_1
    libinit.o(.ARM.Collect$$libinit$$00000000) refers (Special) to libinit2.o(.ARM.Collect$$libinit$$0000000E) for __rt_lib_init_rand_1
    libinit.o(.ARM.Collect$$libinit$$00000000) refers (Special) to libinit2.o(.ARM.Collect$$libinit$$00000033) for __rt_lib_init_return
    libinit.o(.ARM.Collect$$libinit$$00000000) refers (Special) to libinit2.o(.ARM.Collect$$libinit$$0000001D) for __rt_lib_init_signal_1
    libinit.o(.ARM.Collect$$libinit$$00000000) refers (Special) to libinit2.o(.ARM.Collect$$libinit$$00000025) for __rt_lib_init_stdio_1
    libinit.o(.ARM.Collect$$libinit$$00000000) refers (Special) to libinit2.o(.ARM.Collect$$libinit$$0000000C) for __rt_lib_init_user_alloc_1
    libspace.o(.text) refers to libspace.o(.bss) for __libspace_start
    rtexit.o(.ARM.Collect$$rtexit$$00000000) refers (Special) to rtexit2.o(.ARM.Collect$$rtexit$$00000004) for __rt_exit_exit
    rtexit.o(.ARM.Collect$$rtexit$$00000000) refers (Special) to rtexit2.o(.ARM.Collect$$rtexit$$00000003) for __rt_exit_ls
    rtexit.o(.ARM.Collect$$rtexit$$00000000) refers (Special) to rtexit2.o(.ARM.Collect$$rtexit$$00000002) for __rt_exit_prels_1
    rtexit.o(.ARM.exidx) refers (Special) to rtexit2.o(.ARM.Collect$$rtexit$$00000004) for __rt_exit_exit
    rtexit.o(.ARM.exidx) refers (Special) to rtexit2.o(.ARM.Collect$$rtexit$$00000003) for __rt_exit_ls
    rtexit.o(.ARM.exidx) refers (Special) to rtexit2.o(.ARM.Collect$$rtexit$$00000002) for __rt_exit_prels_1
    rtexit.o(.ARM.exidx) refers to rtexit.o(.ARM.Collect$$rtexit$$00000000) for .ARM.Collect$$rtexit$$00000000
    libinit2.o(.ARM.Collect$$libinit$$00000010) refers to libinit2.o(.ARM.Collect$$libinit$$0000000F) for .ARM.Collect$$libinit$$0000000F
    libinit2.o(.ARM.Collect$$libinit$$00000012) refers to libinit2.o(.ARM.Collect$$libinit$$0000000F) for .ARM.Collect$$libinit$$0000000F
    libinit2.o(.ARM.Collect$$libinit$$00000014) refers to libinit2.o(.ARM.Collect$$libinit$$0000000F) for .ARM.Collect$$libinit$$0000000F
    libinit2.o(.ARM.Collect$$libinit$$00000016) refers to libinit2.o(.ARM.Collect$$libinit$$0000000F) for .ARM.Collect$$libinit$$0000000F
    libinit2.o(.ARM.Collect$$libinit$$00000018) refers to libinit2.o(.ARM.Collect$$libinit$$0000000F) for .ARM.Collect$$libinit$$0000000F
    libinit2.o(.ARM.Collect$$libinit$$00000026) refers to argv_veneer.o(.text) for __ARM_argv_veneer
    libinit2.o(.ARM.Collect$$libinit$$00000027) refers to argv_veneer.o(.text) for __ARM_argv_veneer
    rtexit2.o(.ARM.Collect$$rtexit$$00000003) refers to libshutdown.o(.ARM.Collect$$libshutdown$$00000000) for __rt_lib_shutdown
    rtexit2.o(.ARM.Collect$$rtexit$$00000004) refers to sys_exit.o(.text) for _sys_exit
    rtexit2.o(.ARM.exidx) refers to rtexit2.o(.ARM.Collect$$rtexit$$00000001) for .ARM.Collect$$rtexit$$00000001
    rtexit2.o(.ARM.exidx) refers to rtexit2.o(.ARM.Collect$$rtexit$$00000003) for .ARM.Collect$$rtexit$$00000003
    rtexit2.o(.ARM.exidx) refers to rtexit2.o(.ARM.Collect$$rtexit$$00000004) for .ARM.Collect$$rtexit$$00000004
    sys_exit.o(.text) refers (Special) to use_no_semi.o(.text) for __I$use$semihosting
    sys_exit.o(.text) refers (Special) to indicate_semi.o(.text) for __semihosting_library_function
    _get_argv_nomalloc.o(.text) refers (Special) to hrguard.o(.text) for __heap_region$guard
    _get_argv_nomalloc.o(.text) refers to defsig_rtmem_outer.o(.text) for __rt_SIGRTMEM
    _get_argv_nomalloc.o(.text) refers to sys_command.o(.text) for _sys_command_string
    libshutdown.o(.ARM.Collect$$libshutdown$$00000000) refers (Special) to libshutdown2.o(.ARM.Collect$$libshutdown$$00000006) for __rt_lib_shutdown_fp_trap_1
    libshutdown.o(.ARM.Collect$$libshutdown$$00000000) refers (Special) to libshutdown2.o(.ARM.Collect$$libshutdown$$0000000E) for __rt_lib_shutdown_heap_1
    libshutdown.o(.ARM.Collect$$libshutdown$$00000000) refers (Special) to libshutdown2.o(.ARM.Collect$$libshutdown$$0000000F) for __rt_lib_shutdown_return
    libshutdown.o(.ARM.Collect$$libshutdown$$00000000) refers (Special) to libshutdown2.o(.ARM.Collect$$libshutdown$$00000009) for __rt_lib_shutdown_signal_1
    libshutdown.o(.ARM.Collect$$libshutdown$$00000000) refers (Special) to libshutdown2.o(.ARM.Collect$$libshutdown$$00000003) for __rt_lib_shutdown_stdio_1
    libshutdown.o(.ARM.Collect$$libshutdown$$00000000) refers (Special) to libshutdown2.o(.ARM.Collect$$libshutdown$$0000000B) for __rt_lib_shutdown_user_alloc_1
    sys_command.o(.text) refers (Special) to use_no_semi.o(.text) for __I$use$semihosting
    sys_command.o(.text) refers (Special) to indicate_semi.o(.text) for __semihosting_library_function
    defsig_rtmem_outer.o(.text) refers to defsig_rtmem_inner.o(.text) for __rt_SIGRTMEM_inner
    defsig_rtmem_outer.o(.text) refers to defsig_exit.o(.text) for __sig_exit
    defsig_rtmem_formal.o(.text) refers to rt_raise.o(.text) for __rt_raise
    rt_raise.o(.text) refers to __raise.o(.text) for __raise
    rt_raise.o(.text) refers to sys_exit.o(.text) for _sys_exit
    defsig_exit.o(.text) refers to sys_exit.o(.text) for _sys_exit
    defsig_rtmem_inner.o(.text) refers to defsig_general.o(.text) for __default_signal_display
    __raise.o(.text) refers to defsig.o(CL$$defsig) for __default_signal_handler
    defsig_general.o(.text) refers to sys_wrch.o(.text) for _ttywrch
    sys_wrch.o(.text) refers (Special) to use_no_semi.o(.text) for __I$use$semihosting
    sys_wrch.o(.text) refers (Special) to indicate_semi.o(.text) for __semihosting_library_function
    defsig.o(CL$$defsig) refers to defsig_rtmem_inner.o(.text) for __rt_SIGRTMEM_inner
    defsig_abrt_inner.o(.text) refers to defsig_general.o(.text) for __default_signal_display
    defsig_fpe_inner.o(.text) refers to defsig_general.o(.text) for __default_signal_display
    defsig_rtred_inner.o(.text) refers to defsig_general.o(.text) for __default_signal_display
    defsig_stak_inner.o(.text) refers to defsig_general.o(.text) for __default_signal_display
    defsig_pvfn_inner.o(.text) refers to defsig_general.o(.text) for __default_signal_display
    defsig_cppl_inner.o(.text) refers to defsig_general.o(.text) for __default_signal_display
    defsig_segv_inner.o(.text) refers to defsig_general.o(.text) for __default_signal_display
    defsig_other.o(.text) refers to defsig_general.o(.text) for __default_signal_display
    spi_master.o(i.spi_master_get_state) refers to spi_master.o(.text) for spi_master_get_instance
    spi_master.o(i.spi_master_get_state) refers to main.o(.text) for app_error_handler
    spi_master.o(i.spi_master_get_state) refers to spi_master.o(.conststring) for .conststring
    spi_master.o(i.spi_master_evt_handler_reg) refers to spi_master.o(.text) for spi_master_get_instance
    spi_master.o(i.spi_master_evt_handler_reg) refers to main.o(.text) for app_error_handler
    spi_master.o(i.spi_master_evt_handler_reg) refers to spi_master.o(.conststring) for .conststring


==============================================================================

Removing Unused input sections from the image.

    Removing main.o(.rev16_text), (4 bytes).
    Removing main.o(.revsh_text), (4 bytes).
    Removing main.o(.emb_text), (30 bytes).
    Removing main.o(.bss), (58 bytes).
    Removing main.o(.constdata), (12 bytes).
    Removing system_nrf51.o(.rev16_text), (4 bytes).
    Removing system_nrf51.o(.revsh_text), (4 bytes).
    Removing spi_master.o(.rev16_text), (4 bytes).
    Removing spi_master.o(.revsh_text), (4 bytes).
    Removing nrf_delay.o(.rev16_text), (4 bytes).
    Removing nrf_delay.o(.revsh_text), (4 bytes).
    Removing nrf_soc.o(.rev16_text), (4 bytes).
    Removing nrf_soc.o(.revsh_text), (4 bytes).
    Removing simple_uart.o(.rev16_text), (4 bytes).
    Removing simple_uart.o(.revsh_text), (4 bytes).
    Removing mpu_9250.o(.rev16_text), (4 bytes).
    Removing mpu_9250.o(.revsh_text), (4 bytes).
    Removing mpu_9250.o(.emb_text), (30 bytes).
    Removing ads8320.o(.rev16_text), (4 bytes).
    Removing ads8320.o(.revsh_text), (4 bytes).
    Removing ltc_2942.o(.rev16_text), (4 bytes).
    Removing ltc_2942.o(.revsh_text), (4 bytes).
    Removing ltc_2942.o(.text), (178 bytes).
    Removing twi_hw_master.o(.rev16_text), (4 bytes).
    Removing twi_hw_master.o(.revsh_text), (4 bytes).
    Removing twi_hw_master.o(.emb_text), (30 bytes).
    Removing twi_hw_master.o(.text), (816 bytes).
    Removing bmp085.o(.rev16_text), (4 bytes).
    Removing bmp085.o(.revsh_text), (4 bytes).
    Removing bmp085.o(.emb_text), (30 bytes).
    Removing bmp085.o(.text), (824 bytes).
    Removing bmp085.o(.constdata), (1 bytes).
    Removing bmp085.o(.data), (28 bytes).
    Removing spi_master.o(i.spi_master_get_state), (56 bytes).

34 unused section(s) (total 2181 bytes) removed from the image.

==============================================================================

Image Symbol Table

    Local Symbols

    Symbol Name                              Value     Ov Type        Size  Object(Section)

    RESET                                    0x00000000   Section      192  arm_startup_nrf51.o(RESET)
    ../clib/angel/boardlib.s                 0x00000000   Number         0  boardinit1.o ABSOLUTE
    ../clib/angel/boardlib.s                 0x00000000   Number         0  boardinit2.o ABSOLUTE
    ../clib/angel/boardlib.s                 0x00000000   Number         0  boardshut.o ABSOLUTE
    ../clib/angel/boardlib.s                 0x00000000   Number         0  boardinit3.o ABSOLUTE
    ../clib/angel/handlers.s                 0x00000000   Number         0  __scatter_copy.o ABSOLUTE
    ../clib/angel/handlers.s                 0x00000000   Number         0  __scatter_zi.o ABSOLUTE
    ../clib/angel/kernel.s                   0x00000000   Number         0  rtexit2.o ABSOLUTE
    ../clib/angel/kernel.s                   0x00000000   Number         0  __rtentry.o ABSOLUTE
    ../clib/angel/kernel.s                   0x00000000   Number         0  __rtentry2.o ABSOLUTE
    ../clib/angel/kernel.s                   0x00000000   Number         0  rtexit.o ABSOLUTE
    ../clib/angel/kernel.s                   0x00000000   Number         0  __rtentry4.o ABSOLUTE
    ../clib/angel/rt.s                       0x00000000   Number         0  rt_raise.o ABSOLUTE
    ../clib/angel/scatterp.s                 0x00000000   Number         0  __scatter.o ABSOLUTE
    ../clib/angel/startup.s                  0x00000000   Number         0  __main.o ABSOLUTE
    ../clib/angel/sys.s                      0x00000000   Number         0  sys_stackheap_outer.o ABSOLUTE
    ../clib/angel/sys.s                      0x00000000   Number         0  tempstk.o ABSOLUTE
    ../clib/angel/sys.s                      0x00000000   Number         0  use_no_semi.o ABSOLUTE
    ../clib/angel/sys.s                      0x00000000   Number         0  libspace.o ABSOLUTE
    ../clib/angel/sys.s                      0x00000000   Number         0  indicate_semi.o ABSOLUTE
    ../clib/angel/sysapp.c                   0x00000000   Number         0  sys_wrch.o ABSOLUTE
    ../clib/angel/sysapp.c                   0x00000000   Number         0  sys_command.o ABSOLUTE
    ../clib/angel/sysapp.c                   0x00000000   Number         0  sys_exit.o ABSOLUTE
    ../clib/armsys.c                         0x00000000   Number         0  no_argv.o ABSOLUTE
    ../clib/armsys.c                         0x00000000   Number         0  _get_argv_nomalloc.o ABSOLUTE
    ../clib/armsys.c                         0x00000000   Number         0  argv_veneer.o ABSOLUTE
    ../clib/heapalloc.c                      0x00000000   Number         0  hrguard.o ABSOLUTE
    ../clib/heapaux.c                        0x00000000   Number         0  heapauxi.o ABSOLUTE
    ../clib/libinit.s                        0x00000000   Number         0  libinit.o ABSOLUTE
    ../clib/libinit.s                        0x00000000   Number         0  libshutdown2.o ABSOLUTE
    ../clib/libinit.s                        0x00000000   Number         0  libinit2.o ABSOLUTE
    ../clib/libinit.s                        0x00000000   Number         0  libshutdown.o ABSOLUTE
    ../clib/memcpset.c                       0x00000000   Number         0  rt_memcpy.o ABSOLUTE
    ../clib/memcpset.c                       0x00000000   Number         0  rt_memcpy.o ABSOLUTE
    ../clib/memcpset.c                       0x00000000   Number         0  rt_memclr.o ABSOLUTE
    ../clib/signal.c                         0x00000000   Number         0  defsig_rtmem_outer.o ABSOLUTE
    ../clib/signal.c                         0x00000000   Number         0  defsig_pvfn_inner.o ABSOLUTE
    ../clib/signal.c                         0x00000000   Number         0  defsig_stak_inner.o ABSOLUTE
    ../clib/signal.c                         0x00000000   Number         0  defsig_rtred_inner.o ABSOLUTE
    ../clib/signal.c                         0x00000000   Number         0  defsig_fpe_inner.o ABSOLUTE
    ../clib/signal.c                         0x00000000   Number         0  defsig_rtmem_inner.o ABSOLUTE
    ../clib/signal.c                         0x00000000   Number         0  defsig_abrt_inner.o ABSOLUTE
    ../clib/signal.c                         0x00000000   Number         0  defsig_cppl_inner.o ABSOLUTE
    ../clib/signal.c                         0x00000000   Number         0  defsig_general.o ABSOLUTE
    ../clib/signal.c                         0x00000000   Number         0  __raise.o ABSOLUTE
    ../clib/signal.c                         0x00000000   Number         0  defsig_segv_inner.o ABSOLUTE
    ../clib/signal.c                         0x00000000   Number         0  defsig_other.o ABSOLUTE
    ../clib/signal.c                         0x00000000   Number         0  defsig_exit.o ABSOLUTE
    ../clib/signal.c                         0x00000000   Number         0  defsig_rtmem_formal.o ABSOLUTE
    ../clib/signal.s                         0x00000000   Number         0  defsig.o ABSOLUTE
    ../clib/stdlib.c                         0x00000000   Number         0  exit.o ABSOLUTE
    ../fplib/cfplib/daddsub.c                0x00000000   Number         0  daddsub.o ABSOLUTE
    ../fplib/cfplib/ddiv.c                   0x00000000   Number         0  ddiv.o ABSOLUTE
    ../fplib/cfplib/dmul.c                   0x00000000   Number         0  dmul.o ABSOLUTE
    ../fplib/cfplib/ffix.c                   0x00000000   Number         0  ffixui.o ABSOLUTE
    ../fplib/cfplib/fflt.c                   0x00000000   Number         0  fflti.o ABSOLUTE
    ../fplib/cfplib/fflt.c                   0x00000000   Number         0  dflti.o ABSOLUTE
    ../fplib/cfplib/fpinit.c                 0x00000000   Number         0  fpinit.o ABSOLUTE
    ../fplib/faddsub6m.s                     0x00000000   Number         0  faddsub.o ABSOLUTE
    ../fplib/fmul6m.s                        0x00000000   Number         0  fmul.o ABSOLUTE
    ../fplib/usenofp.s                       0x00000000   Number         0  usenofp.o ABSOLUTE
    ..\..\..\Source\nrf_delay\nrf_delay.c    0x00000000   Number         0  nrf_delay.o ABSOLUTE
    ..\..\..\Source\sdk_soc\nrf_soc.c        0x00000000   Number         0  nrf_soc.o ABSOLUTE
    ..\..\..\Source\simple_uart\simple_uart.c 0x00000000   Number         0  simple_uart.o ABSOLUTE
    ..\..\..\Source\spi_master\spi_master.c  0x00000000   Number         0  spi_master.o ABSOLUTE
    ..\..\..\Source\twi_master\twi_hw_master.c 0x00000000   Number         0  twi_hw_master.o ABSOLUTE
    ..\ADS8320.c                             0x00000000   Number         0  ads8320.o ABSOLUTE
    ..\BMP085.c                              0x00000000   Number         0  bmp085.o ABSOLUTE
    ..\\..\\..\\Source\\nrf_delay\\nrf_delay.c 0x00000000   Number         0  nrf_delay.o ABSOLUTE
    ..\\..\\..\\Source\\sdk_soc\\nrf_soc.c   0x00000000   Number         0  nrf_soc.o ABSOLUTE
    ..\\..\\..\\Source\\simple_uart\\simple_uart.c 0x00000000   Number         0  simple_uart.o ABSOLUTE
    ..\\..\\..\\Source\\spi_master\\spi_master.c 0x00000000   Number         0  spi_master.o ABSOLUTE
    ..\\..\\..\\Source\\twi_master\\twi_hw_master.c 0x00000000   Number         0  twi_hw_master.o ABSOLUTE
    ..\\ADS8320.c                            0x00000000   Number         0  ads8320.o ABSOLUTE
    ..\\BMP085.c                             0x00000000   Number         0  bmp085.o ABSOLUTE
    ..\\ltc_2942.c                           0x00000000   Number         0  ltc_2942.o ABSOLUTE
    ..\\main.c                               0x00000000   Number         0  main.o ABSOLUTE
    ..\\mpu_9250.c                           0x00000000   Number         0  mpu_9250.o ABSOLUTE
    ..\ltc_2942.c                            0x00000000   Number         0  ltc_2942.o ABSOLUTE
    ..\main.c                                0x00000000   Number         0  main.o ABSOLUTE
    ..\mpu_9250.c                            0x00000000   Number         0  mpu_9250.o ABSOLUTE
    RTE\Device\nRF51822_xxAA\arm_startup_nrf51.s 0x00000000   Number         0  arm_startup_nrf51.o ABSOLUTE
    RTE\Device\nRF51822_xxAA\system_nrf51.c  0x00000000   Number         0  system_nrf51.o ABSOLUTE
    RTE\\Device\\nRF51822_xxAA\\system_nrf51.c 0x00000000   Number         0  system_nrf51.o ABSOLUTE
    dc.s                                     0x00000000   Number         0  dc.o ABSOLUTE
    !!!main                                  0x000000c0   Section        8  __main.o(!!!main)
    !!!scatter                               0x000000c8   Section       60  __scatter.o(!!!scatter)
    !!handler_copy                           0x00000104   Section       26  __scatter_copy.o(!!handler_copy)
    !!handler_zi                             0x00000120   Section       28  __scatter_zi.o(!!handler_zi)
    .ARM.Collect$$libinit$$00000000          0x0000013c   Section        2  libinit.o(.ARM.Collect$$libinit$$00000000)
    .ARM.Collect$$libinit$$00000002          0x0000013e   Section        0  libinit2.o(.ARM.Collect$$libinit$$00000002)
    .ARM.Collect$$libinit$$00000004          0x0000013e   Section        0  libinit2.o(.ARM.Collect$$libinit$$00000004)
    .ARM.Collect$$libinit$$0000000A          0x0000013e   Section        0  libinit2.o(.ARM.Collect$$libinit$$0000000A)
    .ARM.Collect$$libinit$$0000000C          0x0000013e   Section        0  libinit2.o(.ARM.Collect$$libinit$$0000000C)
    .ARM.Collect$$libinit$$0000000E          0x0000013e   Section        0  libinit2.o(.ARM.Collect$$libinit$$0000000E)
    .ARM.Collect$$libinit$$00000011          0x0000013e   Section        0  libinit2.o(.ARM.Collect$$libinit$$00000011)
    .ARM.Collect$$libinit$$00000013          0x0000013e   Section        0  libinit2.o(.ARM.Collect$$libinit$$00000013)
    .ARM.Collect$$libinit$$00000015          0x0000013e   Section        0  libinit2.o(.ARM.Collect$$libinit$$00000015)
    .ARM.Collect$$libinit$$00000017          0x0000013e   Section        0  libinit2.o(.ARM.Collect$$libinit$$00000017)
    .ARM.Collect$$libinit$$00000019          0x0000013e   Section        0  libinit2.o(.ARM.Collect$$libinit$$00000019)
    .ARM.Collect$$libinit$$0000001B          0x0000013e   Section        0  libinit2.o(.ARM.Collect$$libinit$$0000001B)
    .ARM.Collect$$libinit$$0000001D          0x0000013e   Section        0  libinit2.o(.ARM.Collect$$libinit$$0000001D)
    .ARM.Collect$$libinit$$0000001F          0x0000013e   Section        0  libinit2.o(.ARM.Collect$$libinit$$0000001F)
    .ARM.Collect$$libinit$$00000021          0x0000013e   Section        0  libinit2.o(.ARM.Collect$$libinit$$00000021)
    .ARM.Collect$$libinit$$00000023          0x0000013e   Section        0  libinit2.o(.ARM.Collect$$libinit$$00000023)
    .ARM.Collect$$libinit$$00000025          0x0000013e   Section        0  libinit2.o(.ARM.Collect$$libinit$$00000025)
    .ARM.Collect$$libinit$$0000002C          0x0000013e   Section        0  libinit2.o(.ARM.Collect$$libinit$$0000002C)
    .ARM.Collect$$libinit$$0000002E          0x0000013e   Section        0  libinit2.o(.ARM.Collect$$libinit$$0000002E)
    .ARM.Collect$$libinit$$00000030          0x0000013e   Section        0  libinit2.o(.ARM.Collect$$libinit$$00000030)
    .ARM.Collect$$libinit$$00000032          0x0000013e   Section        0  libinit2.o(.ARM.Collect$$libinit$$00000032)
    .ARM.Collect$$libinit$$00000033          0x0000013e   Section        2  libinit2.o(.ARM.Collect$$libinit$$00000033)
    .ARM.Collect$$libshutdown$$00000000      0x00000140   Section        2  libshutdown.o(.ARM.Collect$$libshutdown$$00000000)
    .ARM.Collect$$libshutdown$$00000003      0x00000142   Section        0  libshutdown2.o(.ARM.Collect$$libshutdown$$00000003)
    .ARM.Collect$$libshutdown$$00000006      0x00000142   Section        0  libshutdown2.o(.ARM.Collect$$libshutdown$$00000006)
    .ARM.Collect$$libshutdown$$00000009      0x00000142   Section        0  libshutdown2.o(.ARM.Collect$$libshutdown$$00000009)
    .ARM.Collect$$libshutdown$$0000000B      0x00000142   Section        0  libshutdown2.o(.ARM.Collect$$libshutdown$$0000000B)
    .ARM.Collect$$libshutdown$$0000000E      0x00000142   Section        0  libshutdown2.o(.ARM.Collect$$libshutdown$$0000000E)
    .ARM.Collect$$libshutdown$$0000000F      0x00000142   Section        2  libshutdown2.o(.ARM.Collect$$libshutdown$$0000000F)
    .ARM.Collect$$rtentry$$00000000          0x00000144   Section        0  __rtentry.o(.ARM.Collect$$rtentry$$00000000)
    .ARM.Collect$$rtentry$$00000002          0x00000144   Section        0  __rtentry2.o(.ARM.Collect$$rtentry$$00000002)
    .ARM.Collect$$rtentry$$00000004          0x00000144   Section        6  __rtentry4.o(.ARM.Collect$$rtentry$$00000004)
    .ARM.Collect$$rtentry$$00000009          0x0000014a   Section        0  __rtentry2.o(.ARM.Collect$$rtentry$$00000009)
    .ARM.Collect$$rtentry$$0000000A          0x0000014a   Section        4  __rtentry2.o(.ARM.Collect$$rtentry$$0000000A)
    .ARM.Collect$$rtentry$$0000000C          0x0000014e   Section        0  __rtentry2.o(.ARM.Collect$$rtentry$$0000000C)
    .ARM.Collect$$rtentry$$0000000D          0x0000014e   Section        8  __rtentry2.o(.ARM.Collect$$rtentry$$0000000D)
    .ARM.Collect$$rtexit$$00000000           0x00000156   Section        2  rtexit.o(.ARM.Collect$$rtexit$$00000000)
    .ARM.Collect$$rtexit$$00000002           0x00000158   Section        0  rtexit2.o(.ARM.Collect$$rtexit$$00000002)
    .ARM.Collect$$rtexit$$00000003           0x00000158   Section        4  rtexit2.o(.ARM.Collect$$rtexit$$00000003)
    .ARM.Collect$$rtexit$$00000004           0x0000015c   Section        6  rtexit2.o(.ARM.Collect$$rtexit$$00000004)
    .emb_text                                0x00000164   Section       30  nrf_delay.o(.emb_text)
    .emb_text                                0x00000184   Section       30  simple_uart.o(.emb_text)
    .emb_text                                0x000001a4   Section       56  rt_memcpy.o(.emb_text)
    .text                                    0x000001dc   Section        0  main.o(.text)
    nrf_gpio_cfg_output                      0x00000351   Thumb Code    18  main.o(.text)
    nrf_gpio_pin_set                         0x00000363   Thumb Code    10  main.o(.text)
    .text                                    0x00000388   Section       84  arm_startup_nrf51.o(.text)
    .text                                    0x000003dc   Section        0  system_nrf51.o(.text)
    is_disabled_in_debug_needed              0x000003e5   Thumb Code    52  system_nrf51.o(.text)
    is_manual_peripheral_setup_needed        0x00000419   Thumb Code   104  system_nrf51.o(.text)
    .text                                    0x000004c4   Section        0  spi_master.o(.text)
    spi_master_signal_evt                    0x000004c5   Thumb Code    68  spi_master.o(.text)
    spi_master_buffer_release                0x00000509   Thumb Code    78  spi_master.o(.text)
    spi_master_send_recv_irq                 0x00000557   Thumb Code   206  spi_master.o(.text)
    spi_master_init_hw_instance              0x00000651   Thumb Code    90  spi_master.o(.text)
    spi_master_buffer_init                   0x000006ab   Thumb Code   136  spi_master.o(.text)
    nrf_gpio_cfg_output                      0x00000ab7   Thumb Code    18  spi_master.o(.text)
    nrf_gpio_pin_set                         0x00000ac9   Thumb Code    10  spi_master.o(.text)
    nrf_gpio_pin_clear                       0x00000ad3   Thumb Code    10  spi_master.o(.text)
    spi_master_get_instance                  0x00000add   Thumb Code    20  spi_master.o(.text)
    spi_master_send_initial_bytes            0x00000af1   Thumb Code   126  spi_master.o(.text)
    .text                                    0x00000ba4   Section        0  nrf_delay.o(.text)
    .text                                    0x00000bc0   Section        0  nrf_soc.o(.text)
    NVIC_SetPriority                         0x00000cf9   Thumb Code   110  nrf_soc.o(.text)
    .text                                    0x00000d7c   Section        0  simple_uart.o(.text)
    nrf_gpio_cfg_output                      0x00000e85   Thumb Code    18  simple_uart.o(.text)
    nrf_gpio_cfg_input                       0x00000e97   Thumb Code    20  simple_uart.o(.text)
    .text                                    0x00000ebc   Section        0  mpu_9250.o(.text)
    spi_MPU_init                             0x00000ebd   Thumb Code    86  mpu_9250.o(.text)
    .text                                    0x00001184   Section        0  ads8320.o(.text)
    spi_ads_init                             0x00001185   Thumb Code    84  ads8320.o(.text)
    nrf_gpio_pin_set                         0x00001253   Thumb Code    10  ads8320.o(.text)
    .text                                    0x00001284   Section        0  heapauxi.o(.text)
    .text                                    0x0000128a   Section        0  ffixui.o(.text)
    .text                                    0x000012ba   Section        0  fflti.o(.text)
    .text                                    0x00001318   Section       62  sys_stackheap_outer.o(.text)
    .text                                    0x00001356   Section        0  exit.o(.text)
    .text                                    0x00001364   Section        8  libspace.o(.text)
    .text                                    0x0000136c   Section        0  sys_exit.o(.text)
    .text                                    0x00001378   Section        2  use_no_semi.o(.text)
    .text                                    0x0000137a   Section        0  indicate_semi.o(.text)
    i.spi_master_evt_handler_reg             0x0000137c   Section        0  spi_master.o(i.spi_master_evt_handler_reg)
    x$fpl$fadd                               0x000013b4   Section      140  faddsub.o(x$fpl$fadd)
    _fadd1                                   0x000013c1   Thumb Code     0  faddsub.o(x$fpl$fadd)
    x$fpl$fmul                               0x00001440   Section      176  fmul.o(x$fpl$fmul)
    x$fpl$frsb                               0x000014f0   Section       24  faddsub.o(x$fpl$frsb)
    x$fpl$fsub                               0x00001508   Section      208  faddsub.o(x$fpl$fsub)
    _fsub1                                   0x00001515   Thumb Code     0  faddsub.o(x$fpl$fsub)
    .constdata                               0x000015d8   Section        4  spi_master.o(.constdata)
    x$fpl$usenofp                            0x000015d8   Section        0  usenofp.o(x$fpl$usenofp)
    .constdata                               0x000015dc   Section       64  mpu_9250.o(.constdata)
    .constdata                               0x0000161c   Section       28  ads8320.o(.constdata)
    .conststring                             0x00001638   Section       40  spi_master.o(.conststring)
    .data                                    0x20000000   Section       37  main.o(.data)
    .data                                    0x20000028   Section        4  system_nrf51.o(.data)
    __tagsym$$used                           0x20000028   Number         0  system_nrf51.o(.data)
    .data                                    0x2000002c   Section        1  nrf_soc.o(.data)
    m_in_critical_region                     0x2000002c   Data           1  nrf_soc.o(.data)
    .data                                    0x2000002d   Section        1  mpu_9250.o(.data)
    .data                                    0x2000002e   Section        1  ads8320.o(.data)
    .bss                                     0x20000030   Section       40  spi_master.o(.bss)
    m_spi_master_instances                   0x20000030   Data          40  spi_master.o(.bss)
    .bss                                     0x20000058   Section       40  mpu_9250.o(.bss)
    tx_data                                  0x20000058   Data          20  mpu_9250.o(.bss)
    rx_data                                  0x2000006c   Data          20  mpu_9250.o(.bss)
    .bss                                     0x20000080   Section       40  ads8320.o(.bss)
    tx_data                                  0x20000080   Data          20  ads8320.o(.bss)
    rx_data                                  0x20000094   Data          20  ads8320.o(.bss)
    .bss                                     0x200000a8   Section       96  libspace.o(.bss)
    HEAP                                     0x20000108   Section     2048  arm_startup_nrf51.o(HEAP)
    Heap_Mem                                 0x20000108   Data        2048  arm_startup_nrf51.o(HEAP)
    STACK                                    0x20000908   Section     2048  arm_startup_nrf51.o(STACK)
    Stack_Mem                                0x20000908   Data        2048  arm_startup_nrf51.o(STACK)
    __initial_sp                             0x20001108   Data           0  arm_startup_nrf51.o(STACK)

    Global Symbols

    Symbol Name                              Value     Ov Type        Size  Object(Section)

    BuildAttributes$$THM_ISAv3M$S$PE$A:L22$X:L11$S22$IEEE1$IW$USESV6$~STKCKD$USESV7$~SHL$OSPACE$ROPI$EBA8$UX$STANDARDLIB$REQ8$PRES8$EABIv2 0x00000000   Number         0  anon$$obj.o ABSOLUTE
    __ARM_use_no_argv                        0x00000000   Number         0  main.o ABSOLUTE
    __Vectors                                0x00000000   Data           4  arm_startup_nrf51.o(RESET)
    __ARM_exceptions_init                     - Undefined Weak Reference
    __alloca_initialize                       - Undefined Weak Reference
    __arm_preinit_                            - Undefined Weak Reference
    __cpp_initialize__aeabi_                  - Undefined Weak Reference
    __cxa_finalize                            - Undefined Weak Reference
    __rt_locale                               - Undefined Weak Reference
    __sigvec_lookup                           - Undefined Weak Reference
    _atexit_init                              - Undefined Weak Reference
    _call_atexit_fns                          - Undefined Weak Reference
    _clock_init                               - Undefined Weak Reference
    _fp_trap_init                             - Undefined Weak Reference
    _fp_trap_shutdown                         - Undefined Weak Reference
    _get_lc_collate                           - Undefined Weak Reference
    _get_lc_ctype                             - Undefined Weak Reference
    _get_lc_monetary                          - Undefined Weak Reference
    _get_lc_numeric                           - Undefined Weak Reference
    _get_lc_time                              - Undefined Weak Reference
    _getenv_init                              - Undefined Weak Reference
    _handle_redirection                       - Undefined Weak Reference
    _init_alloc                               - Undefined Weak Reference
    _init_user_alloc                          - Undefined Weak Reference
    _initio                                   - Undefined Weak Reference
    _rand_init                                - Undefined Weak Reference
    _signal_finish                            - Undefined Weak Reference
    _signal_init                              - Undefined Weak Reference
    _terminate_alloc                          - Undefined Weak Reference
    _terminate_user_alloc                     - Undefined Weak Reference
    _terminateio                              - Undefined Weak Reference
    __Vectors_End                            0x000000c0   Data           0  arm_startup_nrf51.o(RESET)
    __Vectors_Size                           0x000000c0   Number         0  arm_startup_nrf51.o ABSOLUTE
    __main                                   0x000000c1   Thumb Code     8  __main.o(!!!main)
    __scatterload                            0x000000c9   Thumb Code     0  __scatter.o(!!!scatter)
    __scatterload_rt2                        0x000000c9   Thumb Code    52  __scatter.o(!!!scatter)
    __scatterload_rt2_thumb_only             0x000000c9   Thumb Code     0  __scatter.o(!!!scatter)
    __scatterload_null                       0x000000d9   Thumb Code     0  __scatter.o(!!!scatter)
    __scatterload_copy                       0x00000105   Thumb Code    26  __scatter_copy.o(!!handler_copy)
    __scatterload_zeroinit                   0x00000121   Thumb Code    28  __scatter_zi.o(!!handler_zi)
    __rt_lib_init                            0x0000013d   Thumb Code     0  libinit.o(.ARM.Collect$$libinit$$00000000)
    __rt_lib_init_alloca_1                   0x0000013f   Thumb Code     0  libinit2.o(.ARM.Collect$$libinit$$0000002E)
    __rt_lib_init_argv_1                     0x0000013f   Thumb Code     0  libinit2.o(.ARM.Collect$$libinit$$0000002C)
    __rt_lib_init_atexit_1                   0x0000013f   Thumb Code     0  libinit2.o(.ARM.Collect$$libinit$$0000001B)
    __rt_lib_init_clock_1                    0x0000013f   Thumb Code     0  libinit2.o(.ARM.Collect$$libinit$$00000021)
    __rt_lib_init_cpp_1                      0x0000013f   Thumb Code     0  libinit2.o(.ARM.Collect$$libinit$$00000032)
    __rt_lib_init_exceptions_1               0x0000013f   Thumb Code     0  libinit2.o(.ARM.Collect$$libinit$$00000030)
    __rt_lib_init_fp_1                       0x0000013f   Thumb Code     0  libinit2.o(.ARM.Collect$$libinit$$00000002)
    __rt_lib_init_fp_trap_1                  0x0000013f   Thumb Code     0  libinit2.o(.ARM.Collect$$libinit$$0000001F)
    __rt_lib_init_getenv_1                   0x0000013f   Thumb Code     0  libinit2.o(.ARM.Collect$$libinit$$00000023)
    __rt_lib_init_heap_1                     0x0000013f   Thumb Code     0  libinit2.o(.ARM.Collect$$libinit$$0000000A)
    __rt_lib_init_lc_collate_1               0x0000013f   Thumb Code     0  libinit2.o(.ARM.Collect$$libinit$$00000011)
    __rt_lib_init_lc_ctype_1                 0x0000013f   Thumb Code     0  libinit2.o(.ARM.Collect$$libinit$$00000013)
    __rt_lib_init_lc_monetary_1              0x0000013f   Thumb Code     0  libinit2.o(.ARM.Collect$$libinit$$00000015)
    __rt_lib_init_lc_numeric_1               0x0000013f   Thumb Code     0  libinit2.o(.ARM.Collect$$libinit$$00000017)
    __rt_lib_init_lc_time_1                  0x0000013f   Thumb Code     0  libinit2.o(.ARM.Collect$$libinit$$00000019)
    __rt_lib_init_preinit_1                  0x0000013f   Thumb Code     0  libinit2.o(.ARM.Collect$$libinit$$00000004)
    __rt_lib_init_rand_1                     0x0000013f   Thumb Code     0  libinit2.o(.ARM.Collect$$libinit$$0000000E)
    __rt_lib_init_return                     0x0000013f   Thumb Code     0  libinit2.o(.ARM.Collect$$libinit$$00000033)
    __rt_lib_init_signal_1                   0x0000013f   Thumb Code     0  libinit2.o(.ARM.Collect$$libinit$$0000001D)
    __rt_lib_init_stdio_1                    0x0000013f   Thumb Code     0  libinit2.o(.ARM.Collect$$libinit$$00000025)
    __rt_lib_init_user_alloc_1               0x0000013f   Thumb Code     0  libinit2.o(.ARM.Collect$$libinit$$0000000C)
    __rt_lib_shutdown                        0x00000141   Thumb Code     0  libshutdown.o(.ARM.Collect$$libshutdown$$00000000)
    __rt_lib_shutdown_fp_trap_1              0x00000143   Thumb Code     0  libshutdown2.o(.ARM.Collect$$libshutdown$$00000006)
    __rt_lib_shutdown_heap_1                 0x00000143   Thumb Code     0  libshutdown2.o(.ARM.Collect$$libshutdown$$0000000E)
    __rt_lib_shutdown_return                 0x00000143   Thumb Code     0  libshutdown2.o(.ARM.Collect$$libshutdown$$0000000F)
    __rt_lib_shutdown_signal_1               0x00000143   Thumb Code     0  libshutdown2.o(.ARM.Collect$$libshutdown$$00000009)
    __rt_lib_shutdown_stdio_1                0x00000143   Thumb Code     0  libshutdown2.o(.ARM.Collect$$libshutdown$$00000003)
    __rt_lib_shutdown_user_alloc_1           0x00000143   Thumb Code     0  libshutdown2.o(.ARM.Collect$$libshutdown$$0000000B)
    __rt_entry                               0x00000145   Thumb Code     0  __rtentry.o(.ARM.Collect$$rtentry$$00000000)
    __rt_entry_presh_1                       0x00000145   Thumb Code     0  __rtentry2.o(.ARM.Collect$$rtentry$$00000002)
    __rt_entry_sh                            0x00000145   Thumb Code     0  __rtentry4.o(.ARM.Collect$$rtentry$$00000004)
    __rt_entry_li                            0x0000014b   Thumb Code     0  __rtentry2.o(.ARM.Collect$$rtentry$$0000000A)
    __rt_entry_postsh_1                      0x0000014b   Thumb Code     0  __rtentry2.o(.ARM.Collect$$rtentry$$00000009)
    __rt_entry_main                          0x0000014f   Thumb Code     0  __rtentry2.o(.ARM.Collect$$rtentry$$0000000D)
    __rt_entry_postli_1                      0x0000014f   Thumb Code     0  __rtentry2.o(.ARM.Collect$$rtentry$$0000000C)
    __rt_exit                                0x00000157   Thumb Code     0  rtexit.o(.ARM.Collect$$rtexit$$00000000)
    __rt_exit_ls                             0x00000159   Thumb Code     0  rtexit2.o(.ARM.Collect$$rtexit$$00000003)
    __rt_exit_prels_1                        0x00000159   Thumb Code     0  rtexit2.o(.ARM.Collect$$rtexit$$00000002)
    __rt_exit_exit                           0x0000015d   Thumb Code     0  rtexit2.o(.ARM.Collect$$rtexit$$00000004)
    __asm___11_nrf_delay_c_532987f3__nrf_delay_us 0x00000165   Thumb Code    30  nrf_delay.o(.emb_text)
    __asm___13_simple_uart_c_5dda6715__nrf_delay_us 0x00000185   Thumb Code    30  simple_uart.o(.emb_text)
    __aeabi_memcpy4                          0x000001a5   Thumb Code    56  rt_memcpy.o(.emb_text)
    __aeabi_memcpy8                          0x000001a5   Thumb Code     0  rt_memcpy.o(.emb_text)
    app_error_handler                        0x000001dd   Thumb Code    34  main.o(.text)
    main                                     0x000001ff   Thumb Code   338  main.o(.text)
    Reset_Handler                            0x00000389   Thumb Code    26  arm_startup_nrf51.o(.text)
    NMI_Handler                              0x000003a3   Thumb Code     2  arm_startup_nrf51.o(.text)
    HardFault_Handler                        0x000003a5   Thumb Code     2  arm_startup_nrf51.o(.text)
    SVC_Handler                              0x000003a7   Thumb Code     2  arm_startup_nrf51.o(.text)
    PendSV_Handler                           0x000003a9   Thumb Code     2  arm_startup_nrf51.o(.text)
    SysTick_Handler                          0x000003ab   Thumb Code     2  arm_startup_nrf51.o(.text)
    ADC_IRQHandler                           0x000003ad   Thumb Code     0  arm_startup_nrf51.o(.text)
    CCM_AAR_IRQHandler                       0x000003ad   Thumb Code     0  arm_startup_nrf51.o(.text)
    ECB_IRQHandler                           0x000003ad   Thumb Code     0  arm_startup_nrf51.o(.text)
    GPIOTE_IRQHandler                        0x000003ad   Thumb Code     0  arm_startup_nrf51.o(.text)
    LPCOMP_IRQHandler                        0x000003ad   Thumb Code     0  arm_startup_nrf51.o(.text)
    POWER_CLOCK_IRQHandler                   0x000003ad   Thumb Code     0  arm_startup_nrf51.o(.text)
    QDEC_IRQHandler                          0x000003ad   Thumb Code     0  arm_startup_nrf51.o(.text)
    RADIO_IRQHandler                         0x000003ad   Thumb Code     0  arm_startup_nrf51.o(.text)
    RNG_IRQHandler                           0x000003ad   Thumb Code     0  arm_startup_nrf51.o(.text)
    RTC0_IRQHandler                          0x000003ad   Thumb Code     0  arm_startup_nrf51.o(.text)
    RTC1_IRQHandler                          0x000003ad   Thumb Code     0  arm_startup_nrf51.o(.text)
    SPI1_TWI1_IRQHandler                     0x000003ad   Thumb Code     0  arm_startup_nrf51.o(.text)
    SWI0_IRQHandler                          0x000003ad   Thumb Code     0  arm_startup_nrf51.o(.text)
    SWI1_IRQHandler                          0x000003ad   Thumb Code     0  arm_startup_nrf51.o(.text)
    SWI2_IRQHandler                          0x000003ad   Thumb Code     0  arm_startup_nrf51.o(.text)
    SWI3_IRQHandler                          0x000003ad   Thumb Code     0  arm_startup_nrf51.o(.text)
    SWI4_IRQHandler                          0x000003ad   Thumb Code     0  arm_startup_nrf51.o(.text)
    SWI5_IRQHandler                          0x000003ad   Thumb Code     0  arm_startup_nrf51.o(.text)
    TEMP_IRQHandler                          0x000003ad   Thumb Code     0  arm_startup_nrf51.o(.text)
    TIMER0_IRQHandler                        0x000003ad   Thumb Code     0  arm_startup_nrf51.o(.text)
    TIMER1_IRQHandler                        0x000003ad   Thumb Code     0  arm_startup_nrf51.o(.text)
    TIMER2_IRQHandler                        0x000003ad   Thumb Code     0  arm_startup_nrf51.o(.text)
    UART0_IRQHandler                         0x000003ad   Thumb Code     0  arm_startup_nrf51.o(.text)
    WDT_IRQHandler                           0x000003ad   Thumb Code     0  arm_startup_nrf51.o(.text)
    __user_initial_stackheap                 0x000003b1   Thumb Code     0  arm_startup_nrf51.o(.text)
    SystemCoreClockUpdate                    0x000003dd   Thumb Code     8  system_nrf51.o(.text)
    SystemInit                               0x00000481   Thumb Code    38  system_nrf51.o(.text)
    SPI0_TWI0_IRQHandler                     0x00000625   Thumb Code    44  spi_master.o(.text)
    spi_master_open                          0x00000733   Thumb Code   352  spi_master.o(.text)
    spi_master_close                         0x00000893   Thumb Code   232  spi_master.o(.text)
    spi_master_send_recv                     0x0000097b   Thumb Code   316  spi_master.o(.text)
    nrf_delay_ms                             0x00000ba5   Thumb Code    24  nrf_delay.o(.text)
    sd_nvic_EnableIRQ                        0x00000bc1   Thumb Code    22  nrf_soc.o(.text)
    sd_nvic_DisableIRQ                       0x00000bd7   Thumb Code    24  nrf_soc.o(.text)
    sd_nvic_GetPendingIRQ                    0x00000bef   Thumb Code    44  nrf_soc.o(.text)
    sd_nvic_SetPendingIRQ                    0x00000c1b   Thumb Code    22  nrf_soc.o(.text)
    sd_nvic_ClearPendingIRQ                  0x00000c31   Thumb Code    24  nrf_soc.o(.text)
    sd_nvic_SetPriority                      0x00000c49   Thumb Code    18  nrf_soc.o(.text)
    sd_nvic_GetPriority                      0x00000c5b   Thumb Code    74  nrf_soc.o(.text)
    sd_nvic_SystemReset                      0x00000ca5   Thumb Code    24  nrf_soc.o(.text)
    sd_nvic_critical_region_enter            0x00000cbd   Thumb Code    34  nrf_soc.o(.text)
    sd_nvic_critical_region_exit             0x00000cdf   Thumb Code    26  nrf_soc.o(.text)
    simple_uart_get                          0x00000d7d   Thumb Code    24  simple_uart.o(.text)
    simple_uart_get_with_timeout             0x00000d95   Thumb Code    62  simple_uart.o(.text)
    simple_uart_put                          0x00000dd3   Thumb Code    22  simple_uart.o(.text)
    simple_uart_putstring                    0x00000de9   Thumb Code    32  simple_uart.o(.text)
    simple_uart_putbuffer                    0x00000e09   Thumb Code    34  simple_uart.o(.text)
    simple_uart_config                       0x00000e2b   Thumb Code    90  simple_uart.o(.text)
    spi_master_mpu_event_handler             0x00000f13   Thumb Code    22  mpu_9250.o(.text)
    mpu9250_init                             0x00000f29   Thumb Code   106  mpu_9250.o(.text)
    mpu9250_whoami                           0x00000f93   Thumb Code    66  mpu_9250.o(.text)
    mpu9250_read_acc                         0x00000fd5   Thumb Code   100  mpu_9250.o(.text)
    mpu9250_read_gyro                        0x00001039   Thumb Code   100  mpu_9250.o(.text)
    mpu9250_mag_whoami                       0x0000109d   Thumb Code   114  mpu_9250.o(.text)
    mpu9250_read_mag                         0x0000110f   Thumb Code    82  mpu_9250.o(.text)
    spi_master_ads_event_handler             0x000011d9   Thumb Code    34  ads8320.o(.text)
    ads8320_read                             0x000011fb   Thumb Code    88  ads8320.o(.text)
    __use_two_region_memory                  0x00001285   Thumb Code     2  heapauxi.o(.text)
    __rt_heap_escrow$2region                 0x00001287   Thumb Code     2  heapauxi.o(.text)
    __rt_heap_expand$2region                 0x00001289   Thumb Code     2  heapauxi.o(.text)
    __aeabi_f2uiz                            0x0000128b   Thumb Code     0  ffixui.o(.text)
    _ffixu                                   0x0000128b   Thumb Code    48  ffixui.o(.text)
    __aeabi_i2f_normalise                    0x000012bb   Thumb Code    72  fflti.o(.text)
    __aeabi_i2f                              0x00001303   Thumb Code    16  fflti.o(.text)
    _fflt                                    0x00001303   Thumb Code     0  fflti.o(.text)
    __aeabi_ui2f                             0x00001313   Thumb Code     6  fflti.o(.text)
    _ffltu                                   0x00001313   Thumb Code     0  fflti.o(.text)
    __user_setup_stackheap                   0x00001319   Thumb Code    62  sys_stackheap_outer.o(.text)
    exit                                     0x00001357   Thumb Code    12  exit.o(.text)
    __user_libspace                          0x00001365   Thumb Code     8  libspace.o(.text)
    __user_perproc_libspace                  0x00001365   Thumb Code     0  libspace.o(.text)
    __user_perthread_libspace                0x00001365   Thumb Code     0  libspace.o(.text)
    _sys_exit                                0x0000136d   Thumb Code     8  sys_exit.o(.text)
    __I$use$semihosting                      0x00001379   Thumb Code     0  use_no_semi.o(.text)
    __use_no_semihosting_swi                 0x00001379   Thumb Code     2  use_no_semi.o(.text)
    __semihosting_library_function           0x0000137b   Thumb Code     0  indicate_semi.o(.text)
    spi_master_evt_handler_reg               0x0000137d   Thumb Code    52  spi_master.o(i.spi_master_evt_handler_reg)
    __aeabi_fadd                             0x000013b5   Thumb Code     0  faddsub.o(x$fpl$fadd)
    _fadd                                    0x000013b5   Thumb Code   134  faddsub.o(x$fpl$fadd)
    __aeabi_fmul                             0x00001441   Thumb Code     0  fmul.o(x$fpl$fmul)
    _fmul                                    0x00001441   Thumb Code   172  fmul.o(x$fpl$fmul)
    __aeabi_frsub                            0x000014f1   Thumb Code     0  faddsub.o(x$fpl$frsb)
    _frsb                                    0x000014f1   Thumb Code    24  faddsub.o(x$fpl$frsb)
    __aeabi_fsub                             0x00001509   Thumb Code     0  faddsub.o(x$fpl$fsub)
    _fsub                                    0x00001509   Thumb Code   204  faddsub.o(x$fpl$fsub)
    __I$use$fp                               0x000015d8   Number         0  usenofp.o(x$fpl$usenofp)
    Region$$Table$$Base                      0x00001660   Number         0  anon$$obj.o(Region$$Table)
    Region$$Table$$Limit                     0x00001680   Number         0  anon$$obj.o(Region$$Table)
    start_byte                               0x20000000   Data           1  main.o(.data)
    adc_data                                 0x20000002   Data           2  main.o(.data)
    voltage                                  0x20000004   Data           4  main.o(.data)
    adc_voltage                              0x20000008   Data           4  main.o(.data)
    temperatur                               0x20000010   Data           8  main.o(.data)
    i2c_data                                 0x20000018   Data           2  main.o(.data)
    mag_data                                 0x2000001a   Data           1  main.o(.data)
    id                                       0x2000001b   Data           1  main.o(.data)
    baro_data                                0x2000001c   Data           4  main.o(.data)
    uart_tx_buffer                           0x20000020   Data           5  main.o(.data)
    SystemCoreClock                          0x20000028   Data           4  system_nrf51.o(.data)
    spi_done                                 0x2000002d   Data           1  mpu_9250.o(.data)
    spi_ads_done                             0x2000002e   Data           1  ads8320.o(.data)
    __libspace_start                         0x200000a8   Data          96  libspace.o(.bss)
    __temporary_stack_top$libspace           0x20000108   Data           0  libspace.o(.bss)



==============================================================================

Memory Map of the image

  Image Entry point : 0x000000c1

  Load Region LR_IROM1 (Base: 0x00000000, Size: 0x000016b0, Max: 0x00040000, ABSOLUTE)

    Execution Region ER_IROM1 (Base: 0x00000000, Size: 0x00001680, Max: 0x00040000, ABSOLUTE)

    Base Addr    Size         Type   Attr      Idx    E Section Name        Object

    0x00000000   0x000000c0   Data   RO          117    RESET               arm_startup_nrf51.o
    0x000000c0   0x00000008   Code   RO          436  * !!!main             c_p.l(__main.o)
    0x000000c8   0x0000003c   Code   RO          616    !!!scatter          c_p.l(__scatter.o)
    0x00000104   0x0000001a   Code   RO          618    !!handler_copy      c_p.l(__scatter_copy.o)
    0x0000011e   0x00000002   PAD
    0x00000120   0x0000001c   Code   RO          620    !!handler_zi        c_p.l(__scatter_zi.o)
    0x0000013c   0x00000002   Code   RO          486    .ARM.Collect$$libinit$$00000000  c_p.l(libinit.o)
    0x0000013e   0x00000000   Code   RO          494    .ARM.Collect$$libinit$$00000002  c_p.l(libinit2.o)
    0x0000013e   0x00000000   Code   RO          496    .ARM.Collect$$libinit$$00000004  c_p.l(libinit2.o)
    0x0000013e   0x00000000   Code   RO          499    .ARM.Collect$$libinit$$0000000A  c_p.l(libinit2.o)
    0x0000013e   0x00000000   Code   RO          501    .ARM.Collect$$libinit$$0000000C  c_p.l(libinit2.o)
    0x0000013e   0x00000000   Code   RO          503    .ARM.Collect$$libinit$$0000000E  c_p.l(libinit2.o)
    0x0000013e   0x00000000   Code   RO          506    .ARM.Collect$$libinit$$00000011  c_p.l(libinit2.o)
    0x0000013e   0x00000000   Code   RO          508    .ARM.Collect$$libinit$$00000013  c_p.l(libinit2.o)
    0x0000013e   0x00000000   Code   RO          510    .ARM.Collect$$libinit$$00000015  c_p.l(libinit2.o)
    0x0000013e   0x00000000   Code   RO          512    .ARM.Collect$$libinit$$00000017  c_p.l(libinit2.o)
    0x0000013e   0x00000000   Code   RO          514    .ARM.Collect$$libinit$$00000019  c_p.l(libinit2.o)
    0x0000013e   0x00000000   Code   RO          516    .ARM.Collect$$libinit$$0000001B  c_p.l(libinit2.o)
    0x0000013e   0x00000000   Code   RO          518    .ARM.Collect$$libinit$$0000001D  c_p.l(libinit2.o)
    0x0000013e   0x00000000   Code   RO          520    .ARM.Collect$$libinit$$0000001F  c_p.l(libinit2.o)
    0x0000013e   0x00000000   Code   RO          522    .ARM.Collect$$libinit$$00000021  c_p.l(libinit2.o)
    0x0000013e   0x00000000   Code   RO          524    .ARM.Collect$$libinit$$00000023  c_p.l(libinit2.o)
    0x0000013e   0x00000000   Code   RO          526    .ARM.Collect$$libinit$$00000025  c_p.l(libinit2.o)
    0x0000013e   0x00000000   Code   RO          530    .ARM.Collect$$libinit$$0000002C  c_p.l(libinit2.o)
    0x0000013e   0x00000000   Code   RO          532    .ARM.Collect$$libinit$$0000002E  c_p.l(libinit2.o)
    0x0000013e   0x00000000   Code   RO          534    .ARM.Collect$$libinit$$00000030  c_p.l(libinit2.o)
    0x0000013e   0x00000000   Code   RO          536    .ARM.Collect$$libinit$$00000032  c_p.l(libinit2.o)
    0x0000013e   0x00000002   Code   RO          537    .ARM.Collect$$libinit$$00000033  c_p.l(libinit2.o)
    0x00000140   0x00000002   Code   RO          557    .ARM.Collect$$libshutdown$$00000000  c_p.l(libshutdown.o)
    0x00000142   0x00000000   Code   RO          571    .ARM.Collect$$libshutdown$$00000003  c_p.l(libshutdown2.o)
    0x00000142   0x00000000   Code   RO          574    .ARM.Collect$$libshutdown$$00000006  c_p.l(libshutdown2.o)
    0x00000142   0x00000000   Code   RO          577    .ARM.Collect$$libshutdown$$00000009  c_p.l(libshutdown2.o)
    0x00000142   0x00000000   Code   RO          579    .ARM.Collect$$libshutdown$$0000000B  c_p.l(libshutdown2.o)
    0x00000142   0x00000000   Code   RO          582    .ARM.Collect$$libshutdown$$0000000E  c_p.l(libshutdown2.o)
    0x00000142   0x00000002   Code   RO          583    .ARM.Collect$$libshutdown$$0000000F  c_p.l(libshutdown2.o)
    0x00000144   0x00000000   Code   RO          459    .ARM.Collect$$rtentry$$00000000  c_p.l(__rtentry.o)
    0x00000144   0x00000000   Code   RO          462    .ARM.Collect$$rtentry$$00000002  c_p.l(__rtentry2.o)
    0x00000144   0x00000006   Code   RO          474    .ARM.Collect$$rtentry$$00000004  c_p.l(__rtentry4.o)
    0x0000014a   0x00000000   Code   RO          464    .ARM.Collect$$rtentry$$00000009  c_p.l(__rtentry2.o)
    0x0000014a   0x00000004   Code   RO          465    .ARM.Collect$$rtentry$$0000000A  c_p.l(__rtentry2.o)
    0x0000014e   0x00000000   Code   RO          467    .ARM.Collect$$rtentry$$0000000C  c_p.l(__rtentry2.o)
    0x0000014e   0x00000008   Code   RO          468    .ARM.Collect$$rtentry$$0000000D  c_p.l(__rtentry2.o)
    0x00000156   0x00000002   Code   RO          491    .ARM.Collect$$rtexit$$00000000  c_p.l(rtexit.o)
    0x00000158   0x00000000   Code   RO          539    .ARM.Collect$$rtexit$$00000002  c_p.l(rtexit2.o)
    0x00000158   0x00000004   Code   RO          540    .ARM.Collect$$rtexit$$00000003  c_p.l(rtexit2.o)
    0x0000015c   0x00000006   Code   RO          541    .ARM.Collect$$rtexit$$00000004  c_p.l(rtexit2.o)
    0x00000162   0x00000002   PAD
    0x00000164   0x0000001e   Code   RO          201    .emb_text           nrf_delay.o
    0x00000182   0x00000002   PAD
    0x00000184   0x0000001e   Code   RO          263    .emb_text           simple_uart.o
    0x000001a2   0x00000002   PAD
    0x000001a4   0x00000038   Code   RO          428    .emb_text           c_p.l(rt_memcpy.o)
    0x000001dc   0x000001ac   Code   RO            4    .text               main.o
    0x00000388   0x00000054   Code   RO          118    .text               arm_startup_nrf51.o
    0x000003dc   0x000000e8   Code   RO          124    .text               system_nrf51.o
    0x000004c4   0x000006e0   Code   RO          156    .text               spi_master.o
    0x00000ba4   0x0000001c   Code   RO          202    .text               nrf_delay.o
    0x00000bc0   0x000001bc   Code   RO          232    .text               nrf_soc.o
    0x00000d7c   0x00000140   Code   RO          264    .text               simple_uart.o
    0x00000ebc   0x000002c8   Code   RO          291    .text               mpu_9250.o
    0x00001184   0x00000100   Code   RO          328    .text               ads8320.o
    0x00001284   0x00000006   Code   RO          434    .text               c_p.l(heapauxi.o)
    0x0000128a   0x00000030   Code   RO          453    .text               fz_ps.l(ffixui.o)
    0x000012ba   0x0000005e   Code   RO          455    .text               fz_ps.l(fflti.o)
    0x00001318   0x0000003e   Code   RO          476    .text               c_p.l(sys_stackheap_outer.o)
    0x00001356   0x0000000c   Code   RO          479    .text               c_p.l(exit.o)
    0x00001362   0x00000002   PAD
    0x00001364   0x00000008   Code   RO          487    .text               c_p.l(libspace.o)
    0x0000136c   0x0000000c   Code   RO          549    .text               c_p.l(sys_exit.o)
    0x00001378   0x00000002   Code   RO          560    .text               c_p.l(use_no_semi.o)
    0x0000137a   0x00000000   Code   RO          562    .text               c_p.l(indicate_semi.o)
    0x0000137a   0x00000002   PAD
    0x0000137c   0x00000038   Code   RO          181    i.spi_master_evt_handler_reg  spi_master.o
    0x000013b4   0x0000008c   Code   RO          447    x$fpl$fadd          fz_ps.l(faddsub.o)
    0x00001440   0x000000b0   Code   RO          457    x$fpl$fmul          fz_ps.l(fmul.o)
    0x000014f0   0x00000018   Code   RO          448    x$fpl$frsb          fz_ps.l(faddsub.o)
    0x00001508   0x000000d0   Code   RO          449    x$fpl$fsub          fz_ps.l(faddsub.o)
    0x000015d8   0x00000000   Code   RO          460    x$fpl$usenofp       fz_ps.l(usenofp.o)
    0x000015d8   0x00000004   Data   RO          158    .constdata          spi_master.o
    0x000015dc   0x00000040   Data   RO          293    .constdata          mpu_9250.o
    0x0000161c   0x0000001c   Data   RO          330    .constdata          ads8320.o
    0x00001638   0x00000028   Data   RO          159    .conststring        spi_master.o
    0x00001660   0x00000020   Data   RO          614    Region$$Table       anon$$obj.o


    Execution Region RW_IRAM1 (Base: 0x20000000, Size: 0x00001108, Max: 0x00004000, ABSOLUTE)

    Base Addr    Size         Type   Attr      Idx    E Section Name        Object

    0x20000000   0x00000025   Data   RW            7    .data               main.o
    0x20000025   0x00000003   PAD
    0x20000028   0x00000004   Data   RW          125    .data               system_nrf51.o
    0x2000002c   0x00000001   Data   RW          233    .data               nrf_soc.o
    0x2000002d   0x00000001   Data   RW          294    .data               mpu_9250.o
    0x2000002e   0x00000001   Data   RW          331    .data               ads8320.o
    0x2000002f   0x00000001   PAD
    0x20000030   0x00000028   Zero   RW          157    .bss                spi_master.o
    0x20000058   0x00000028   Zero   RW          292    .bss                mpu_9250.o
    0x20000080   0x00000028   Zero   RW          329    .bss                ads8320.o
    0x200000a8   0x00000060   Zero   RW          488    .bss                c_p.l(libspace.o)
    0x20000108   0x00000800   Zero   RW          116    HEAP                arm_startup_nrf51.o
    0x20000908   0x00000800   Zero   RW          115    STACK               arm_startup_nrf51.o


==============================================================================

Image component sizes


      Code (inc. data)   RO Data    RW Data    ZI Data      Debug   Object Name

       256         40         28          1         40       4059   ads8320.o
        84         36        192          0       4096        664   arm_startup_nrf51.o
       428         28          0         37          0       9306   main.o
       712         36         64          1         40       3117   mpu_9250.o
        58          4          0          0          0       1319   nrf_delay.o
       444         22          0          1          0       9826   nrf_soc.o
       350         18          0          0          0       5046   simple_uart.o
      1816        114         44          0         40      11014   spi_master.o
       232         30          0          4          0      17085   system_nrf51.o

    ----------------------------------------------------------------------
      4384        328        360         48       4216      61436   Object Totals
         0          0         32          0          0          0   (incl. Generated)
         4          0          0          4          0          0   (incl. Padding)

    ----------------------------------------------------------------------

      Code (inc. data)   RO Data    RW Data    ZI Data      Debug   Library Member Name

         8          0          0          0          0         68   __main.o
         0          0          0          0          0          0   __rtentry.o
        12          0          0          0          0          0   __rtentry2.o
         6          0          0          0          0          0   __rtentry4.o
        60          8          0          0          0          0   __scatter.o
        26          0          0          0          0          0   __scatter_copy.o
        28          0          0          0          0          0   __scatter_zi.o
        12          0          0          0          0         64   exit.o
         6          0          0          0          0        136   heapauxi.o
         0          0          0          0          0          0   indicate_semi.o
         2          0          0          0          0          0   libinit.o
         2          0          0          0          0          0   libinit2.o
         2          0          0          0          0          0   libshutdown.o
         2          0          0          0          0          0   libshutdown2.o
         8          4          0          0         96         68   libspace.o
        56          0          0          0          0         68   rt_memcpy.o
         2          0          0          0          0          0   rtexit.o
        10          0          0          0          0          0   rtexit2.o
        12          4          0          0          0         60   sys_exit.o
        62          0          0          0          0         80   sys_stackheap_outer.o
         2          0          0          0          0         68   use_no_semi.o
       372          8          0          0          0        240   faddsub.o
        48          0          0          0          0         60   ffixui.o
        94          0          0          0          0         92   fflti.o
       176          4          0          0          0         80   fmul.o
         0          0          0          0          0          0   usenofp.o

    ----------------------------------------------------------------------
      1016         28          0          0         96       1084   Library Totals
         8          0          0          0          0          0   (incl. Padding)

    ----------------------------------------------------------------------

      Code (inc. data)   RO Data    RW Data    ZI Data      Debug   Library Name

       318         16          0          0         96        612   c_p.l
       690         12          0          0          0        472   fz_ps.l

    ----------------------------------------------------------------------
      1016         28          0          0         96       1084   Library Totals

    ----------------------------------------------------------------------

==============================================================================


      Code (inc. data)   RO Data    RW Data    ZI Data      Debug   

      5400        356        360         48       4312      61448   Grand Totals
      5400        356        360         48       4312      61448   ELF Image Totals
      5400        356        360         48          0          0   ROM Totals

==============================================================================

    Total RO  Size (Code + RO Data)                 5760 (   5.63kB)
    Total RW  Size (RW Data + ZI Data)              4360 (   4.26kB)
    Total ROM Size (Code + RO Data + RW Data)       5808 (   5.67kB)

==============================================================================

